Archive member included to satisfy reference by file (symbol)

/opt/devkitpro/libnx/lib/libnx.a(dynamic.o)
                              /opt/devkitpro/devkitA64/lib/gcc/aarch64-none-elf/7.2.0/../../../../aarch64-none-elf/lib/pic/switch_crt0.o (__nx_dynamic)
/opt/devkitpro/libnx/lib/libnx.a(init.o)
                              /opt/devkitpro/devkitA64/lib/gcc/aarch64-none-elf/7.2.0/../../../../aarch64-none-elf/lib/pic/switch_crt0.o (__libnx_init)
/opt/devkitpro/libnx/lib/libnx.a(newlib.o)
                              /opt/devkitpro/libnx/lib/libnx.a(init.o) (newlibSetup)
/opt/devkitpro/libnx/lib/libnx.a(initArgv.o)
                              /opt/devkitpro/libnx/lib/libnx.a(init.o) (__system_initArgv)
/opt/devkitpro/libnx/lib/libnx.a(mutex.o)
                              /opt/devkitpro/libnx/lib/libnx.a(newlib.o) (mutexLock)
/opt/devkitpro/libnx/lib/libnx.a(virtmem.o)
                              /opt/devkitpro/libnx/lib/libnx.a(init.o) (virtmemSetup)
/opt/devkitpro/libnx/lib/libnx.a(applet.o)
                              /opt/devkitpro/libnx/lib/libnx.a(init.o) (appletExit)
/opt/devkitpro/libnx/lib/libnx.a(hid.o)
                              /opt/devkitpro/libnx/lib/libnx.a(init.o) (hidExit)
/opt/devkitpro/libnx/lib/libnx.a(sm.o)
                              /opt/devkitpro/libnx/lib/libnx.a(init.o) (smExit)
/opt/devkitpro/libnx/lib/libnx.a(fatal.o)
                              /opt/devkitpro/libnx/lib/libnx.a(dynamic.o) (fatalSimple)
/opt/devkitpro/libnx/lib/libnx.a(fs.o)
                              /opt/devkitpro/libnx/lib/libnx.a(init.o) (fsInitialize)
/opt/devkitpro/libnx/lib/libnx.a(svc.o)
                              /opt/devkitpro/libnx/lib/libnx.a(init.o) (svcSetHeapSize)
/opt/devkitpro/libnx/lib/libnx.a(shmem.o)
                              /opt/devkitpro/libnx/lib/libnx.a(hid.o) (shmemLoadRemote)
/opt/devkitpro/devkitA64/lib/gcc/aarch64-none-elf/7.2.0/../../../../aarch64-none-elf/lib/pic/libg.a(lib_a-fini.o)
                              /opt/devkitpro/libnx/lib/libnx.a(init.o) (__libc_fini_array)
/opt/devkitpro/devkitA64/lib/gcc/aarch64-none-elf/7.2.0/../../../../aarch64-none-elf/lib/pic/libg.a(lib_a-impure.o)
                              /opt/devkitpro/libnx/lib/libnx.a(newlib.o) (_impure_ptr)
/opt/devkitpro/devkitA64/lib/gcc/aarch64-none-elf/7.2.0/../../../../aarch64-none-elf/lib/pic/libg.a(lib_a-init.o)
                              /opt/devkitpro/libnx/lib/libnx.a(init.o) (__libc_init_array)
/opt/devkitpro/devkitA64/lib/gcc/aarch64-none-elf/7.2.0/../../../../aarch64-none-elf/lib/pic/libg.a(lib_a-locale.o)
                              /opt/devkitpro/libnx/lib/libnx.a(initArgv.o) (__locale_ctype_ptr)
/opt/devkitpro/devkitA64/lib/gcc/aarch64-none-elf/7.2.0/../../../../aarch64-none-elf/lib/pic/libg.a(lib_a-mbtowc_r.o)
                              /opt/devkitpro/devkitA64/lib/gcc/aarch64-none-elf/7.2.0/../../../../aarch64-none-elf/lib/pic/libg.a(lib_a-locale.o) (__ascii_mbtowc)
/opt/devkitpro/devkitA64/lib/gcc/aarch64-none-elf/7.2.0/../../../../aarch64-none-elf/lib/pic/libg.a(lib_a-memcpy.o)
                              /opt/devkitpro/libnx/lib/libnx.a(newlib.o) (memcpy)
/opt/devkitpro/devkitA64/lib/gcc/aarch64-none-elf/7.2.0/../../../../aarch64-none-elf/lib/pic/libg.a(lib_a-memset.o)
                              /opt/devkitpro/libnx/lib/libnx.a(hid.o) (memset)
/opt/devkitpro/devkitA64/lib/gcc/aarch64-none-elf/7.2.0/../../../../aarch64-none-elf/lib/pic/libg.a(lib_a-strcasecmp.o)
                              /opt/devkitpro/devkitA64/lib/gcc/aarch64-none-elf/7.2.0/../../../../aarch64-none-elf/lib/pic/libg.a(lib_a-locale.o) (strcasecmp)
/opt/devkitpro/devkitA64/lib/gcc/aarch64-none-elf/7.2.0/../../../../aarch64-none-elf/lib/pic/libg.a(lib_a-strcat.o)
                              /opt/devkitpro/devkitA64/lib/gcc/aarch64-none-elf/7.2.0/../../../../aarch64-none-elf/lib/pic/libg.a(lib_a-locale.o) (strcat)
/opt/devkitpro/devkitA64/lib/gcc/aarch64-none-elf/7.2.0/../../../../aarch64-none-elf/lib/pic/libg.a(lib_a-strchr.o)
                              /opt/devkitpro/devkitA64/lib/gcc/aarch64-none-elf/7.2.0/../../../../aarch64-none-elf/lib/pic/libg.a(lib_a-locale.o) (strchr)
/opt/devkitpro/devkitA64/lib/gcc/aarch64-none-elf/7.2.0/../../../../aarch64-none-elf/lib/pic/libg.a(lib_a-strcmp.o)
                              /opt/devkitpro/devkitA64/lib/gcc/aarch64-none-elf/7.2.0/../../../../aarch64-none-elf/lib/pic/libg.a(lib_a-locale.o) (strcmp)
/opt/devkitpro/devkitA64/lib/gcc/aarch64-none-elf/7.2.0/../../../../aarch64-none-elf/lib/pic/libg.a(lib_a-strcpy.o)
                              /opt/devkitpro/devkitA64/lib/gcc/aarch64-none-elf/7.2.0/../../../../aarch64-none-elf/lib/pic/libg.a(lib_a-locale.o) (strcpy)
/opt/devkitpro/devkitA64/lib/gcc/aarch64-none-elf/7.2.0/../../../../aarch64-none-elf/lib/pic/libg.a(lib_a-strlcpy.o)
                              /opt/devkitpro/devkitA64/lib/gcc/aarch64-none-elf/7.2.0/../../../../aarch64-none-elf/lib/pic/libg.a(lib_a-locale.o) (strlcpy)
/opt/devkitpro/devkitA64/lib/gcc/aarch64-none-elf/7.2.0/../../../../aarch64-none-elf/lib/pic/libg.a(lib_a-strlen.o)
                              /opt/devkitpro/devkitA64/lib/gcc/aarch64-none-elf/7.2.0/../../../../aarch64-none-elf/lib/pic/libg.a(lib_a-locale.o) (strlen)
/opt/devkitpro/devkitA64/lib/gcc/aarch64-none-elf/7.2.0/../../../../aarch64-none-elf/lib/pic/libg.a(lib_a-strncasecmp.o)
                              /opt/devkitpro/devkitA64/lib/gcc/aarch64-none-elf/7.2.0/../../../../aarch64-none-elf/lib/pic/libg.a(lib_a-locale.o) (strncasecmp)
/opt/devkitpro/devkitA64/lib/gcc/aarch64-none-elf/7.2.0/../../../../aarch64-none-elf/lib/pic/libg.a(lib_a-strncmp.o)
                              /opt/devkitpro/devkitA64/lib/gcc/aarch64-none-elf/7.2.0/../../../../aarch64-none-elf/lib/pic/libg.a(lib_a-locale.o) (strncmp)
/opt/devkitpro/devkitA64/lib/gcc/aarch64-none-elf/7.2.0/../../../../aarch64-none-elf/lib/pic/libg.a(lib_a-strncpy.o)
                              /opt/devkitpro/libnx/lib/libnx.a(initArgv.o) (strncpy)
/opt/devkitpro/devkitA64/lib/gcc/aarch64-none-elf/7.2.0/../../../../aarch64-none-elf/lib/pic/libg.a(lib_a-strtol.o)
                              /opt/devkitpro/devkitA64/lib/gcc/aarch64-none-elf/7.2.0/../../../../aarch64-none-elf/lib/pic/libg.a(lib_a-locale.o) (strtol)
/opt/devkitpro/devkitA64/lib/gcc/aarch64-none-elf/7.2.0/../../../../aarch64-none-elf/lib/pic/libg.a(lib_a-wctomb_r.o)
                              /opt/devkitpro/devkitA64/lib/gcc/aarch64-none-elf/7.2.0/../../../../aarch64-none-elf/lib/pic/libg.a(lib_a-locale.o) (__ascii_wctomb)
/opt/devkitpro/devkitA64/lib/gcc/aarch64-none-elf/7.2.0/../../../../aarch64-none-elf/lib/pic/libg.a(lib_a-ctype_.o)
                              /opt/devkitpro/devkitA64/lib/gcc/aarch64-none-elf/7.2.0/../../../../aarch64-none-elf/lib/pic/libg.a(lib_a-locale.o) (__set_ctype)
/opt/devkitpro/devkitA64/lib/gcc/aarch64-none-elf/7.2.0/../../../../aarch64-none-elf/lib/pic/libg.a(lib_a-getenv_r.o)
                              /opt/devkitpro/devkitA64/lib/gcc/aarch64-none-elf/7.2.0/../../../../aarch64-none-elf/lib/pic/libg.a(lib_a-locale.o) (_getenv_r)
/opt/devkitpro/devkitA64/lib/gcc/aarch64-none-elf/7.2.0/../../../../aarch64-none-elf/lib/pic/libg.a(lib_a-environ.o)
                              /opt/devkitpro/devkitA64/lib/gcc/aarch64-none-elf/7.2.0/../../../../aarch64-none-elf/lib/pic/libg.a(lib_a-getenv_r.o) (environ)
/opt/devkitpro/devkitA64/lib/gcc/aarch64-none-elf/7.2.0/../../../../aarch64-none-elf/lib/pic/libg.a(lib_a-envlock.o)
                              /opt/devkitpro/devkitA64/lib/gcc/aarch64-none-elf/7.2.0/../../../../aarch64-none-elf/lib/pic/libg.a(lib_a-getenv_r.o) (__env_lock)
/opt/devkitpro/devkitA64/lib/gcc/aarch64-none-elf/7.2.0/../../../../aarch64-none-elf/lib/pic/libsysbase.a(malloc_vars.o)
                              /opt/devkitpro/libnx/lib/libnx.a(init.o) (fake_heap_start)
/opt/devkitpro/devkitA64/lib/gcc/aarch64-none-elf/7.2.0/../../../../aarch64-none-elf/lib/pic/libsysbase.a(syscall_support.o)
                              /opt/devkitpro/libnx/lib/libnx.a(newlib.o) (__syscalls)
/opt/devkitpro/devkitA64/lib/gcc/aarch64-none-elf/7.2.0/../../../../aarch64-none-elf/lib/pic/libsysbase.a(getreent.o)
                              /opt/devkitpro/devkitA64/lib/gcc/aarch64-none-elf/7.2.0/../../../../aarch64-none-elf/lib/pic/libg.a(lib_a-locale.o) (__getreent)

Allocating common symbols
Common symbol       size              file

__system_argv       0x8               /opt/devkitpro/libnx/lib/libnx.a(initArgv.o)
__system_argc       0x4               /opt/devkitpro/libnx/lib/libnx.a(initArgv.o)

Discarded input sections

 .text          0x0000000000000000        0x0 /opt/devkitpro/devkitA64/lib/gcc/aarch64-none-elf/7.2.0/../../../../aarch64-none-elf/lib/pic/switch_crt0.o
 .data          0x0000000000000000        0x0 /opt/devkitpro/devkitA64/lib/gcc/aarch64-none-elf/7.2.0/../../../../aarch64-none-elf/lib/pic/switch_crt0.o
 .bss           0x0000000000000000        0x0 /opt/devkitpro/devkitA64/lib/gcc/aarch64-none-elf/7.2.0/../../../../aarch64-none-elf/lib/pic/switch_crt0.o
 .text          0x0000000000000000        0x0 /opt/devkitpro/devkitA64/lib/gcc/aarch64-none-elf/7.2.0/pic/crti.o
 .data          0x0000000000000000        0x0 /opt/devkitpro/devkitA64/lib/gcc/aarch64-none-elf/7.2.0/pic/crti.o
 .bss           0x0000000000000000        0x0 /opt/devkitpro/devkitA64/lib/gcc/aarch64-none-elf/7.2.0/pic/crti.o
 .text          0x0000000000000000        0x0 /opt/devkitpro/devkitA64/lib/gcc/aarch64-none-elf/7.2.0/pic/crtbegin.o
 .data          0x0000000000000000        0x0 /opt/devkitpro/devkitA64/lib/gcc/aarch64-none-elf/7.2.0/pic/crtbegin.o
 .bss           0x0000000000000000        0x0 /opt/devkitpro/devkitA64/lib/gcc/aarch64-none-elf/7.2.0/pic/crtbegin.o
 .data.__dso_handle
                0x0000000000000000        0x8 /opt/devkitpro/devkitA64/lib/gcc/aarch64-none-elf/7.2.0/pic/crtbegin.o
 .comment       0x0000000000000000       0x20 /opt/devkitpro/devkitA64/lib/gcc/aarch64-none-elf/7.2.0/pic/crtbegin.o
 .text          0x0000000000000000        0x0 main.o
 .data          0x0000000000000000        0x0 main.o
 .bss           0x0000000000000000        0x0 main.o
 .comment       0x0000000000000000       0x20 main.o
 .text          0x0000000000000000        0x0 /opt/devkitpro/libnx/lib/libnx.a(dynamic.o)
 .data          0x0000000000000000        0x0 /opt/devkitpro/libnx/lib/libnx.a(dynamic.o)
 .bss           0x0000000000000000        0x0 /opt/devkitpro/libnx/lib/libnx.a(dynamic.o)
 .comment       0x0000000000000000       0x20 /opt/devkitpro/libnx/lib/libnx.a(dynamic.o)
 .text          0x0000000000000000        0x0 /opt/devkitpro/libnx/lib/libnx.a(init.o)
 .data          0x0000000000000000        0x0 /opt/devkitpro/libnx/lib/libnx.a(init.o)
 .bss           0x0000000000000000        0x0 /opt/devkitpro/libnx/lib/libnx.a(init.o)
 .comment       0x0000000000000000       0x20 /opt/devkitpro/libnx/lib/libnx.a(init.o)
 .text          0x0000000000000000        0x0 /opt/devkitpro/libnx/lib/libnx.a(newlib.o)
 .data          0x0000000000000000        0x0 /opt/devkitpro/libnx/lib/libnx.a(newlib.o)
 .bss           0x0000000000000000        0x0 /opt/devkitpro/libnx/lib/libnx.a(newlib.o)
 .comment       0x0000000000000000       0x20 /opt/devkitpro/libnx/lib/libnx.a(newlib.o)
 .text          0x0000000000000000        0x0 /opt/devkitpro/libnx/lib/libnx.a(initArgv.o)
 .data          0x0000000000000000        0x0 /opt/devkitpro/libnx/lib/libnx.a(initArgv.o)
 .bss           0x0000000000000000        0x0 /opt/devkitpro/libnx/lib/libnx.a(initArgv.o)
 .comment       0x0000000000000000       0x20 /opt/devkitpro/libnx/lib/libnx.a(initArgv.o)
 .text          0x0000000000000000        0x0 /opt/devkitpro/libnx/lib/libnx.a(mutex.o)
 .data          0x0000000000000000        0x0 /opt/devkitpro/libnx/lib/libnx.a(mutex.o)
 .bss           0x0000000000000000        0x0 /opt/devkitpro/libnx/lib/libnx.a(mutex.o)
 .text.rmutexLock
                0x0000000000000000       0x4c /opt/devkitpro/libnx/lib/libnx.a(mutex.o)
 .text.rmutexUnlock
                0x0000000000000000       0x20 /opt/devkitpro/libnx/lib/libnx.a(mutex.o)
 .comment       0x0000000000000000       0x20 /opt/devkitpro/libnx/lib/libnx.a(mutex.o)
 .text          0x0000000000000000        0x0 /opt/devkitpro/libnx/lib/libnx.a(virtmem.o)
 .data          0x0000000000000000        0x0 /opt/devkitpro/libnx/lib/libnx.a(virtmem.o)
 .bss           0x0000000000000000        0x0 /opt/devkitpro/libnx/lib/libnx.a(virtmem.o)
 .text.virtmemReserveMap
                0x0000000000000000       0xac /opt/devkitpro/libnx/lib/libnx.a(virtmem.o)
 .text.virtmemFreeMap
                0x0000000000000000        0x4 /opt/devkitpro/libnx/lib/libnx.a(virtmem.o)
 .bss.g_CurrentMapAddr
                0x0000000000000000        0x8 /opt/devkitpro/libnx/lib/libnx.a(virtmem.o)
 .comment       0x0000000000000000       0x20 /opt/devkitpro/libnx/lib/libnx.a(virtmem.o)
 .text          0x0000000000000000        0x0 /opt/devkitpro/libnx/lib/libnx.a(applet.o)
 .data          0x0000000000000000        0x0 /opt/devkitpro/libnx/lib/libnx.a(applet.o)
 .bss           0x0000000000000000        0x0 /opt/devkitpro/libnx/lib/libnx.a(applet.o)
 .text.appletCreateManagedDisplayLayer
                0x0000000000000000       0xe8 /opt/devkitpro/libnx/lib/libnx.a(applet.o)
 .text.appletMainLoop
                0x0000000000000000        0x8 /opt/devkitpro/libnx/lib/libnx.a(applet.o)
 .bss.__nx_applet_AppletAttribute
                0x0000000000000000       0x80 /opt/devkitpro/libnx/lib/libnx.a(applet.o)
 .comment       0x0000000000000000       0x20 /opt/devkitpro/libnx/lib/libnx.a(applet.o)
 .text          0x0000000000000000        0x0 /opt/devkitpro/libnx/lib/libnx.a(hid.o)
 .data          0x0000000000000000        0x0 /opt/devkitpro/libnx/lib/libnx.a(hid.o)
 .bss           0x0000000000000000        0x0 /opt/devkitpro/libnx/lib/libnx.a(hid.o)
 .text.hidGetSessionService
                0x0000000000000000        0xc /opt/devkitpro/libnx/lib/libnx.a(hid.o)
 .text.hidGetSharedmemAddr
                0x0000000000000000        0xc /opt/devkitpro/libnx/lib/libnx.a(hid.o)
 .text.hidSetControllerLayout
                0x0000000000000000       0x10 /opt/devkitpro/libnx/lib/libnx.a(hid.o)
 .text.hidGetControllerLayout
                0x0000000000000000       0x10 /opt/devkitpro/libnx/lib/libnx.a(hid.o)
 .text.hidKeysHeld
                0x0000000000000000       0x20 /opt/devkitpro/libnx/lib/libnx.a(hid.o)
 .text.hidKeysDown
                0x0000000000000000       0x20 /opt/devkitpro/libnx/lib/libnx.a(hid.o)
 .text.hidKeysUp
                0x0000000000000000       0x20 /opt/devkitpro/libnx/lib/libnx.a(hid.o)
 .text.hidMouseButtonsHeld
                0x0000000000000000        0xc /opt/devkitpro/libnx/lib/libnx.a(hid.o)
 .text.hidMouseButtonsDown
                0x0000000000000000        0xc /opt/devkitpro/libnx/lib/libnx.a(hid.o)
 .text.hidMouseButtonsUp
                0x0000000000000000        0xc /opt/devkitpro/libnx/lib/libnx.a(hid.o)
 .text.hidKeyboardModifierHeld
                0x0000000000000000       0x14 /opt/devkitpro/libnx/lib/libnx.a(hid.o)
 .text.hidKeyboardModifierDown
                0x0000000000000000       0x14 /opt/devkitpro/libnx/lib/libnx.a(hid.o)
 .text.hidKeyboardModifierUp
                0x0000000000000000       0x14 /opt/devkitpro/libnx/lib/libnx.a(hid.o)
 .text.hidKeyboardHeld
                0x0000000000000000       0x28 /opt/devkitpro/libnx/lib/libnx.a(hid.o)
 .text.hidKeyboardDown
                0x0000000000000000       0x28 /opt/devkitpro/libnx/lib/libnx.a(hid.o)
 .text.hidKeyboardUp
                0x0000000000000000       0x28 /opt/devkitpro/libnx/lib/libnx.a(hid.o)
 .text.hidTouchCount
                0x0000000000000000        0xc /opt/devkitpro/libnx/lib/libnx.a(hid.o)
 .text.hidScanInput
                0x0000000000000000      0x45c /opt/devkitpro/libnx/lib/libnx.a(hid.o)
 .text.hidTouchRead
                0x0000000000000000       0x4c /opt/devkitpro/libnx/lib/libnx.a(hid.o)
 .comment       0x0000000000000000       0x20 /opt/devkitpro/libnx/lib/libnx.a(hid.o)
 .text          0x0000000000000000        0x0 /opt/devkitpro/libnx/lib/libnx.a(sm.o)
 .data          0x0000000000000000        0x0 /opt/devkitpro/libnx/lib/libnx.a(sm.o)
 .bss           0x0000000000000000        0x0 /opt/devkitpro/libnx/lib/libnx.a(sm.o)
 .text.smRegisterService
                0x0000000000000000      0x158 /opt/devkitpro/libnx/lib/libnx.a(sm.o)
 .text.smUnregisterService
                0x0000000000000000       0xf8 /opt/devkitpro/libnx/lib/libnx.a(sm.o)
 .comment       0x0000000000000000       0x20 /opt/devkitpro/libnx/lib/libnx.a(sm.o)
 .text          0x0000000000000000        0x0 /opt/devkitpro/libnx/lib/libnx.a(fatal.o)
 .data          0x0000000000000000        0x0 /opt/devkitpro/libnx/lib/libnx.a(fatal.o)
 .bss           0x0000000000000000        0x0 /opt/devkitpro/libnx/lib/libnx.a(fatal.o)
 .comment       0x0000000000000000       0x20 /opt/devkitpro/libnx/lib/libnx.a(fatal.o)
 .text          0x0000000000000000        0x0 /opt/devkitpro/libnx/lib/libnx.a(fs.o)
 .data          0x0000000000000000        0x0 /opt/devkitpro/libnx/lib/libnx.a(fs.o)
 .bss           0x0000000000000000        0x0 /opt/devkitpro/libnx/lib/libnx.a(fs.o)
 .text.fsGetServiceSession
                0x0000000000000000        0xc /opt/devkitpro/libnx/lib/libnx.a(fs.o)
 .text.fsMountSdcard
                0x0000000000000000      0x120 /opt/devkitpro/libnx/lib/libnx.a(fs.o)
 .text.fsMountSaveData
                0x0000000000000000      0x148 /opt/devkitpro/libnx/lib/libnx.a(fs.o)
 .text.fsMount_SaveData
                0x0000000000000000       0x3c /opt/devkitpro/libnx/lib/libnx.a(fs.o)
 .text.fsFsCreateFile
                0x0000000000000000       0xf8 /opt/devkitpro/libnx/lib/libnx.a(fs.o)
 .text.fsFsDeleteFile
                0x0000000000000000       0xf0 /opt/devkitpro/libnx/lib/libnx.a(fs.o)
 .text.fsFsCreateDirectory
                0x0000000000000000       0xf0 /opt/devkitpro/libnx/lib/libnx.a(fs.o)
 .text.fsFsDeleteDirectory
                0x0000000000000000       0xf0 /opt/devkitpro/libnx/lib/libnx.a(fs.o)
 .text.fsFsDeleteDirectoryRecursively
                0x0000000000000000       0xf0 /opt/devkitpro/libnx/lib/libnx.a(fs.o)
 .text.fsFsRenameFile
                0x0000000000000000      0x118 /opt/devkitpro/libnx/lib/libnx.a(fs.o)
 .text.fsFsRenameDirectory
                0x0000000000000000      0x118 /opt/devkitpro/libnx/lib/libnx.a(fs.o)
 .text.fsFsGetEntryType
                0x0000000000000000      0x108 /opt/devkitpro/libnx/lib/libnx.a(fs.o)
 .text.fsFsOpenFile
                0x0000000000000000      0x150 /opt/devkitpro/libnx/lib/libnx.a(fs.o)
 .text.fsFsOpenDirectory
                0x0000000000000000      0x140 /opt/devkitpro/libnx/lib/libnx.a(fs.o)
 .text.fsFsCommit
                0x0000000000000000       0xc4 /opt/devkitpro/libnx/lib/libnx.a(fs.o)
 .text.fsFsGetFreeSpace
                0x0000000000000000      0x108 /opt/devkitpro/libnx/lib/libnx.a(fs.o)
 .text.fsFsGetTotalSpace
                0x0000000000000000      0x108 /opt/devkitpro/libnx/lib/libnx.a(fs.o)
 .text.fsFsClose
                0x0000000000000000        0x8 /opt/devkitpro/libnx/lib/libnx.a(fs.o)
 .text.fsFileRead
                0x0000000000000000      0x10c /opt/devkitpro/libnx/lib/libnx.a(fs.o)
 .text.fsFileWrite
                0x0000000000000000       0xfc /opt/devkitpro/libnx/lib/libnx.a(fs.o)
 .text.fsFileFlush
                0x0000000000000000       0xc4 /opt/devkitpro/libnx/lib/libnx.a(fs.o)
 .text.fsFileSetSize
                0x0000000000000000       0xc4 /opt/devkitpro/libnx/lib/libnx.a(fs.o)
 .text.fsFileGetSize
                0x0000000000000000       0xec /opt/devkitpro/libnx/lib/libnx.a(fs.o)
 .text.fsFileClose
                0x0000000000000000        0x8 /opt/devkitpro/libnx/lib/libnx.a(fs.o)
 .text.fsDirClose
                0x0000000000000000        0x8 /opt/devkitpro/libnx/lib/libnx.a(fs.o)
 .text.fsDirRead
                0x0000000000000000      0x110 /opt/devkitpro/libnx/lib/libnx.a(fs.o)
 .text.fsDirGetEntryCount
                0x0000000000000000       0xec /opt/devkitpro/libnx/lib/libnx.a(fs.o)
 .comment       0x0000000000000000       0x20 /opt/devkitpro/libnx/lib/libnx.a(fs.o)
 .text          0x0000000000000000        0x0 /opt/devkitpro/libnx/lib/libnx.a(svc.o)
 .data          0x0000000000000000        0x0 /opt/devkitpro/libnx/lib/libnx.a(svc.o)
 .bss           0x0000000000000000        0x0 /opt/devkitpro/libnx/lib/libnx.a(svc.o)
 .text.svcMapMemory
                0x0000000000000000        0x8 /opt/devkitpro/libnx/lib/libnx.a(svc.o)
 .text.svcUnmapMemory
                0x0000000000000000        0x8 /opt/devkitpro/libnx/lib/libnx.a(svc.o)
 .text.svcCreateThread
                0x0000000000000000       0x18 /opt/devkitpro/libnx/lib/libnx.a(svc.o)
 .text.svcStartThread
                0x0000000000000000        0x8 /opt/devkitpro/libnx/lib/libnx.a(svc.o)
 .text.svcExitThread
                0x0000000000000000        0x8 /opt/devkitpro/libnx/lib/libnx.a(svc.o)
 .text.svcClearEvent
                0x0000000000000000        0x8 /opt/devkitpro/libnx/lib/libnx.a(svc.o)
 .text.svcCreateTransferMemory
                0x0000000000000000       0x14 /opt/devkitpro/libnx/lib/libnx.a(svc.o)
 .text.svcResetSignal
                0x0000000000000000        0x8 /opt/devkitpro/libnx/lib/libnx.a(svc.o)
 .text.svcGetSystemTick
                0x0000000000000000        0x8 /opt/devkitpro/libnx/lib/libnx.a(svc.o)
 .text.svcGetProcessId
                0x0000000000000000       0x14 /opt/devkitpro/libnx/lib/libnx.a(svc.o)
 .text.svcBreak
                0x0000000000000000        0x8 /opt/devkitpro/libnx/lib/libnx.a(svc.o)
 .text.svcOutputDebugString
                0x0000000000000000        0x8 /opt/devkitpro/libnx/lib/libnx.a(svc.o)
 .text.svcCreateSession
                0x0000000000000000       0x1c /opt/devkitpro/libnx/lib/libnx.a(svc.o)
 .text.svcAcceptSession
                0x0000000000000000       0x14 /opt/devkitpro/libnx/lib/libnx.a(svc.o)
 .text.svcReplyAndReceive
                0x0000000000000000       0x14 /opt/devkitpro/libnx/lib/libnx.a(svc.o)
 .text.svcCreateSharedMemory
                0x0000000000000000       0x14 /opt/devkitpro/libnx/lib/libnx.a(svc.o)
 .text.svcMapTransferMemory
                0x0000000000000000        0x8 /opt/devkitpro/libnx/lib/libnx.a(svc.o)
 .text.svcUnmapTransferMemory
                0x0000000000000000        0x8 /opt/devkitpro/libnx/lib/libnx.a(svc.o)
 .text.svcQueryPhysicalAddress
                0x0000000000000000       0x1c /opt/devkitpro/libnx/lib/libnx.a(svc.o)
 .text.svcQueryIoMapping
                0x0000000000000000       0x14 /opt/devkitpro/libnx/lib/libnx.a(svc.o)
 .text.svcCreateDeviceAddressSpace
                0x0000000000000000       0x18 /opt/devkitpro/libnx/lib/libnx.a(svc.o)
 .text.svcAttachDeviceAddressSpace
                0x0000000000000000        0x8 /opt/devkitpro/libnx/lib/libnx.a(svc.o)
 .text.svcDetachDeviceAddressSpace
                0x0000000000000000        0x8 /opt/devkitpro/libnx/lib/libnx.a(svc.o)
 .text.svcMapDeviceAddressSpaceAligned
                0x0000000000000000        0x8 /opt/devkitpro/libnx/lib/libnx.a(svc.o)
 .text.svcUnmapDeviceAddressSpace
                0x0000000000000000        0x8 /opt/devkitpro/libnx/lib/libnx.a(svc.o)
 .text.svcDebugActiveProcess
                0x0000000000000000       0x14 /opt/devkitpro/libnx/lib/libnx.a(svc.o)
 .text.svcBreakDebugProcess
                0x0000000000000000        0x8 /opt/devkitpro/libnx/lib/libnx.a(svc.o)
 .text.svcGetDebugEvent
                0x0000000000000000        0x8 /opt/devkitpro/libnx/lib/libnx.a(svc.o)
 .text.svcContinueDebugEvent
                0x0000000000000000        0x8 /opt/devkitpro/libnx/lib/libnx.a(svc.o)
 .text.svcGetProcessList
                0x0000000000000000       0x14 /opt/devkitpro/libnx/lib/libnx.a(svc.o)
 .text.svcGetDebugThreadContext
                0x0000000000000000        0x8 /opt/devkitpro/libnx/lib/libnx.a(svc.o)
 .text.svcQueryDebugProcessMemory
                0x0000000000000000       0x14 /opt/devkitpro/libnx/lib/libnx.a(svc.o)
 .text.svcReadDebugProcessMemory
                0x0000000000000000        0x8 /opt/devkitpro/libnx/lib/libnx.a(svc.o)
 .text.svcWriteDebugProcessMemory
                0x0000000000000000        0x8 /opt/devkitpro/libnx/lib/libnx.a(svc.o)
 .text.svcManageNamedPort
                0x0000000000000000       0x14 /opt/devkitpro/libnx/lib/libnx.a(svc.o)
 .text.svcMapProcessMemory
                0x0000000000000000        0x8 /opt/devkitpro/libnx/lib/libnx.a(svc.o)
 .text.svcCreateProcess
                0x0000000000000000       0x14 /opt/devkitpro/libnx/lib/libnx.a(svc.o)
 .text.svcStartProcess
                0x0000000000000000        0x8 /opt/devkitpro/libnx/lib/libnx.a(svc.o)
 .text.svcCallSecureMonitor
                0x0000000000000000       0x38 /opt/devkitpro/libnx/lib/libnx.a(svc.o)
 .text          0x0000000000000000        0x0 /opt/devkitpro/libnx/lib/libnx.a(shmem.o)
 .data          0x0000000000000000        0x0 /opt/devkitpro/libnx/lib/libnx.a(shmem.o)
 .bss           0x0000000000000000        0x0 /opt/devkitpro/libnx/lib/libnx.a(shmem.o)
 .text.shmemCreate
                0x0000000000000000       0x18 /opt/devkitpro/libnx/lib/libnx.a(shmem.o)
 .text.shmemGetAddr
                0x0000000000000000        0x8 /opt/devkitpro/libnx/lib/libnx.a(shmem.o)
 .comment       0x0000000000000000       0x20 /opt/devkitpro/libnx/lib/libnx.a(shmem.o)
 .text          0x0000000000000000        0x0 /opt/devkitpro/devkitA64/lib/gcc/aarch64-none-elf/7.2.0/../../../../aarch64-none-elf/lib/pic/libg.a(lib_a-fini.o)
 .data          0x0000000000000000        0x0 /opt/devkitpro/devkitA64/lib/gcc/aarch64-none-elf/7.2.0/../../../../aarch64-none-elf/lib/pic/libg.a(lib_a-fini.o)
 .bss           0x0000000000000000        0x0 /opt/devkitpro/devkitA64/lib/gcc/aarch64-none-elf/7.2.0/../../../../aarch64-none-elf/lib/pic/libg.a(lib_a-fini.o)
 .comment       0x0000000000000000       0x20 /opt/devkitpro/devkitA64/lib/gcc/aarch64-none-elf/7.2.0/../../../../aarch64-none-elf/lib/pic/libg.a(lib_a-fini.o)
 .text          0x0000000000000000        0x0 /opt/devkitpro/devkitA64/lib/gcc/aarch64-none-elf/7.2.0/../../../../aarch64-none-elf/lib/pic/libg.a(lib_a-impure.o)
 .data          0x0000000000000000        0x0 /opt/devkitpro/devkitA64/lib/gcc/aarch64-none-elf/7.2.0/../../../../aarch64-none-elf/lib/pic/libg.a(lib_a-impure.o)
 .bss           0x0000000000000000        0x0 /opt/devkitpro/devkitA64/lib/gcc/aarch64-none-elf/7.2.0/../../../../aarch64-none-elf/lib/pic/libg.a(lib_a-impure.o)
 .data.rel.ro.local._global_impure_ptr
                0x0000000000000000        0x8 /opt/devkitpro/devkitA64/lib/gcc/aarch64-none-elf/7.2.0/../../../../aarch64-none-elf/lib/pic/libg.a(lib_a-impure.o)
 .comment       0x0000000000000000       0x20 /opt/devkitpro/devkitA64/lib/gcc/aarch64-none-elf/7.2.0/../../../../aarch64-none-elf/lib/pic/libg.a(lib_a-impure.o)
 .text          0x0000000000000000        0x0 /opt/devkitpro/devkitA64/lib/gcc/aarch64-none-elf/7.2.0/../../../../aarch64-none-elf/lib/pic/libg.a(lib_a-init.o)
 .data          0x0000000000000000        0x0 /opt/devkitpro/devkitA64/lib/gcc/aarch64-none-elf/7.2.0/../../../../aarch64-none-elf/lib/pic/libg.a(lib_a-init.o)
 .bss           0x0000000000000000        0x0 /opt/devkitpro/devkitA64/lib/gcc/aarch64-none-elf/7.2.0/../../../../aarch64-none-elf/lib/pic/libg.a(lib_a-init.o)
 .comment       0x0000000000000000       0x20 /opt/devkitpro/devkitA64/lib/gcc/aarch64-none-elf/7.2.0/../../../../aarch64-none-elf/lib/pic/libg.a(lib_a-init.o)
 .text          0x0000000000000000        0x0 /opt/devkitpro/devkitA64/lib/gcc/aarch64-none-elf/7.2.0/../../../../aarch64-none-elf/lib/pic/libg.a(lib_a-locale.o)
 .data          0x0000000000000000        0x0 /opt/devkitpro/devkitA64/lib/gcc/aarch64-none-elf/7.2.0/../../../../aarch64-none-elf/lib/pic/libg.a(lib_a-locale.o)
 .bss           0x0000000000000000        0x0 /opt/devkitpro/devkitA64/lib/gcc/aarch64-none-elf/7.2.0/../../../../aarch64-none-elf/lib/pic/libg.a(lib_a-locale.o)
 .text.currentlocale
                0x0000000000000000       0xb8 /opt/devkitpro/devkitA64/lib/gcc/aarch64-none-elf/7.2.0/../../../../aarch64-none-elf/lib/pic/libg.a(lib_a-locale.o)
 .text.__loadlocale
                0x0000000000000000      0x794 /opt/devkitpro/devkitA64/lib/gcc/aarch64-none-elf/7.2.0/../../../../aarch64-none-elf/lib/pic/libg.a(lib_a-locale.o)
 .rodata.__loadlocale
                0x0000000000000000       0x6a /opt/devkitpro/devkitA64/lib/gcc/aarch64-none-elf/7.2.0/../../../../aarch64-none-elf/lib/pic/libg.a(lib_a-locale.o)
 .text.__get_locale_env
                0x0000000000000000       0x8c /opt/devkitpro/devkitA64/lib/gcc/aarch64-none-elf/7.2.0/../../../../aarch64-none-elf/lib/pic/libg.a(lib_a-locale.o)
 .text._setlocale_r
                0x0000000000000000      0x3bc /opt/devkitpro/devkitA64/lib/gcc/aarch64-none-elf/7.2.0/../../../../aarch64-none-elf/lib/pic/libg.a(lib_a-locale.o)
 .text.__locale_mb_cur_max
                0x0000000000000000       0x2c /opt/devkitpro/devkitA64/lib/gcc/aarch64-none-elf/7.2.0/../../../../aarch64-none-elf/lib/pic/libg.a(lib_a-locale.o)
 .text.__locale_ctype_ptr_l
                0x0000000000000000        0x8 /opt/devkitpro/devkitA64/lib/gcc/aarch64-none-elf/7.2.0/../../../../aarch64-none-elf/lib/pic/libg.a(lib_a-locale.o)
 .text.setlocale
                0x0000000000000000       0x2c /opt/devkitpro/devkitA64/lib/gcc/aarch64-none-elf/7.2.0/../../../../aarch64-none-elf/lib/pic/libg.a(lib_a-locale.o)
 .bss._PathLocale
                0x0000000000000000        0x8 /opt/devkitpro/devkitA64/lib/gcc/aarch64-none-elf/7.2.0/../../../../aarch64-none-elf/lib/pic/libg.a(lib_a-locale.o)
 .bss.global_locale_string
                0x0000000000000000       0xe7 /opt/devkitpro/devkitA64/lib/gcc/aarch64-none-elf/7.2.0/../../../../aarch64-none-elf/lib/pic/libg.a(lib_a-locale.o)
 .bss.new_categories.4413
                0x0000000000000000       0xe0 /opt/devkitpro/devkitA64/lib/gcc/aarch64-none-elf/7.2.0/../../../../aarch64-none-elf/lib/pic/libg.a(lib_a-locale.o)
 .bss.saved_categories.4414
                0x0000000000000000       0xe0 /opt/devkitpro/devkitA64/lib/gcc/aarch64-none-elf/7.2.0/../../../../aarch64-none-elf/lib/pic/libg.a(lib_a-locale.o)
 .data.__default_locale
                0x0000000000000000       0x20 /opt/devkitpro/devkitA64/lib/gcc/aarch64-none-elf/7.2.0/../../../../aarch64-none-elf/lib/pic/libg.a(lib_a-locale.o)
 .data.rel.ro.__C_locale
                0x0000000000000000      0x1a8 /opt/devkitpro/devkitA64/lib/gcc/aarch64-none-elf/7.2.0/../../../../aarch64-none-elf/lib/pic/libg.a(lib_a-locale.o)
 .data.rel.ro.local.categories
                0x0000000000000000       0x38 /opt/devkitpro/devkitA64/lib/gcc/aarch64-none-elf/7.2.0/../../../../aarch64-none-elf/lib/pic/libg.a(lib_a-locale.o)
 .rodata.__get_locale_env.str1.8
                0x0000000000000000        0xd /opt/devkitpro/devkitA64/lib/gcc/aarch64-none-elf/7.2.0/../../../../aarch64-none-elf/lib/pic/libg.a(lib_a-locale.o)
 .rodata.__loadlocale.str1.8
                0x0000000000000000      0x10b /opt/devkitpro/devkitA64/lib/gcc/aarch64-none-elf/7.2.0/../../../../aarch64-none-elf/lib/pic/libg.a(lib_a-locale.o)
 .rodata.currentlocale.str1.8
                0x0000000000000000        0x2 /opt/devkitpro/devkitA64/lib/gcc/aarch64-none-elf/7.2.0/../../../../aarch64-none-elf/lib/pic/libg.a(lib_a-locale.o)
 .comment       0x0000000000000000       0x20 /opt/devkitpro/devkitA64/lib/gcc/aarch64-none-elf/7.2.0/../../../../aarch64-none-elf/lib/pic/libg.a(lib_a-locale.o)
 .text          0x0000000000000000        0x0 /opt/devkitpro/devkitA64/lib/gcc/aarch64-none-elf/7.2.0/../../../../aarch64-none-elf/lib/pic/libg.a(lib_a-mbtowc_r.o)
 .data          0x0000000000000000        0x0 /opt/devkitpro/devkitA64/lib/gcc/aarch64-none-elf/7.2.0/../../../../aarch64-none-elf/lib/pic/libg.a(lib_a-mbtowc_r.o)
 .bss           0x0000000000000000        0x0 /opt/devkitpro/devkitA64/lib/gcc/aarch64-none-elf/7.2.0/../../../../aarch64-none-elf/lib/pic/libg.a(lib_a-mbtowc_r.o)
 .text._mbtowc_r
                0x0000000000000000       0x6c /opt/devkitpro/devkitA64/lib/gcc/aarch64-none-elf/7.2.0/../../../../aarch64-none-elf/lib/pic/libg.a(lib_a-mbtowc_r.o)
 .text.__ascii_mbtowc
                0x0000000000000000       0x40 /opt/devkitpro/devkitA64/lib/gcc/aarch64-none-elf/7.2.0/../../../../aarch64-none-elf/lib/pic/libg.a(lib_a-mbtowc_r.o)
 .text.__sjis_mbtowc
                0x0000000000000000       0xd0 /opt/devkitpro/devkitA64/lib/gcc/aarch64-none-elf/7.2.0/../../../../aarch64-none-elf/lib/pic/libg.a(lib_a-mbtowc_r.o)
 .text.__eucjp_mbtowc
                0x0000000000000000      0x130 /opt/devkitpro/devkitA64/lib/gcc/aarch64-none-elf/7.2.0/../../../../aarch64-none-elf/lib/pic/libg.a(lib_a-mbtowc_r.o)
 .text.__jis_mbtowc
                0x0000000000000000      0x1d8 /opt/devkitpro/devkitA64/lib/gcc/aarch64-none-elf/7.2.0/../../../../aarch64-none-elf/lib/pic/libg.a(lib_a-mbtowc_r.o)
 .rodata.JIS_action_table
                0x0000000000000000       0x48 /opt/devkitpro/devkitA64/lib/gcc/aarch64-none-elf/7.2.0/../../../../aarch64-none-elf/lib/pic/libg.a(lib_a-mbtowc_r.o)
 .rodata.JIS_state_table
                0x0000000000000000       0x48 /opt/devkitpro/devkitA64/lib/gcc/aarch64-none-elf/7.2.0/../../../../aarch64-none-elf/lib/pic/libg.a(lib_a-mbtowc_r.o)
 .comment       0x0000000000000000       0x20 /opt/devkitpro/devkitA64/lib/gcc/aarch64-none-elf/7.2.0/../../../../aarch64-none-elf/lib/pic/libg.a(lib_a-mbtowc_r.o)
 .data          0x0000000000000000        0x0 /opt/devkitpro/devkitA64/lib/gcc/aarch64-none-elf/7.2.0/../../../../aarch64-none-elf/lib/pic/libg.a(lib_a-memcpy.o)
 .bss           0x0000000000000000        0x0 /opt/devkitpro/devkitA64/lib/gcc/aarch64-none-elf/7.2.0/../../../../aarch64-none-elf/lib/pic/libg.a(lib_a-memcpy.o)
 .data          0x0000000000000000        0x0 /opt/devkitpro/devkitA64/lib/gcc/aarch64-none-elf/7.2.0/../../../../aarch64-none-elf/lib/pic/libg.a(lib_a-memset.o)
 .bss           0x0000000000000000        0x0 /opt/devkitpro/devkitA64/lib/gcc/aarch64-none-elf/7.2.0/../../../../aarch64-none-elf/lib/pic/libg.a(lib_a-memset.o)
 .text          0x0000000000000000        0x0 /opt/devkitpro/devkitA64/lib/gcc/aarch64-none-elf/7.2.0/../../../../aarch64-none-elf/lib/pic/libg.a(lib_a-strcasecmp.o)
 .data          0x0000000000000000        0x0 /opt/devkitpro/devkitA64/lib/gcc/aarch64-none-elf/7.2.0/../../../../aarch64-none-elf/lib/pic/libg.a(lib_a-strcasecmp.o)
 .bss           0x0000000000000000        0x0 /opt/devkitpro/devkitA64/lib/gcc/aarch64-none-elf/7.2.0/../../../../aarch64-none-elf/lib/pic/libg.a(lib_a-strcasecmp.o)
 .text.strcasecmp
                0x0000000000000000       0xa0 /opt/devkitpro/devkitA64/lib/gcc/aarch64-none-elf/7.2.0/../../../../aarch64-none-elf/lib/pic/libg.a(lib_a-strcasecmp.o)
 .comment       0x0000000000000000       0x20 /opt/devkitpro/devkitA64/lib/gcc/aarch64-none-elf/7.2.0/../../../../aarch64-none-elf/lib/pic/libg.a(lib_a-strcasecmp.o)
 .text          0x0000000000000000        0x0 /opt/devkitpro/devkitA64/lib/gcc/aarch64-none-elf/7.2.0/../../../../aarch64-none-elf/lib/pic/libg.a(lib_a-strcat.o)
 .data          0x0000000000000000        0x0 /opt/devkitpro/devkitA64/lib/gcc/aarch64-none-elf/7.2.0/../../../../aarch64-none-elf/lib/pic/libg.a(lib_a-strcat.o)
 .bss           0x0000000000000000        0x0 /opt/devkitpro/devkitA64/lib/gcc/aarch64-none-elf/7.2.0/../../../../aarch64-none-elf/lib/pic/libg.a(lib_a-strcat.o)
 .text.strcat   0x0000000000000000       0x70 /opt/devkitpro/devkitA64/lib/gcc/aarch64-none-elf/7.2.0/../../../../aarch64-none-elf/lib/pic/libg.a(lib_a-strcat.o)
 .comment       0x0000000000000000       0x20 /opt/devkitpro/devkitA64/lib/gcc/aarch64-none-elf/7.2.0/../../../../aarch64-none-elf/lib/pic/libg.a(lib_a-strcat.o)
 .text          0x0000000000000000       0xdc /opt/devkitpro/devkitA64/lib/gcc/aarch64-none-elf/7.2.0/../../../../aarch64-none-elf/lib/pic/libg.a(lib_a-strchr.o)
 .data          0x0000000000000000        0x0 /opt/devkitpro/devkitA64/lib/gcc/aarch64-none-elf/7.2.0/../../../../aarch64-none-elf/lib/pic/libg.a(lib_a-strchr.o)
 .bss           0x0000000000000000        0x0 /opt/devkitpro/devkitA64/lib/gcc/aarch64-none-elf/7.2.0/../../../../aarch64-none-elf/lib/pic/libg.a(lib_a-strchr.o)
 .text          0x0000000000000000       0xa4 /opt/devkitpro/devkitA64/lib/gcc/aarch64-none-elf/7.2.0/../../../../aarch64-none-elf/lib/pic/libg.a(lib_a-strcmp.o)
 .data          0x0000000000000000        0x0 /opt/devkitpro/devkitA64/lib/gcc/aarch64-none-elf/7.2.0/../../../../aarch64-none-elf/lib/pic/libg.a(lib_a-strcmp.o)
 .bss           0x0000000000000000        0x0 /opt/devkitpro/devkitA64/lib/gcc/aarch64-none-elf/7.2.0/../../../../aarch64-none-elf/lib/pic/libg.a(lib_a-strcmp.o)
 .text          0x0000000000000000      0x1b8 /opt/devkitpro/devkitA64/lib/gcc/aarch64-none-elf/7.2.0/../../../../aarch64-none-elf/lib/pic/libg.a(lib_a-strcpy.o)
 .data          0x0000000000000000        0x0 /opt/devkitpro/devkitA64/lib/gcc/aarch64-none-elf/7.2.0/../../../../aarch64-none-elf/lib/pic/libg.a(lib_a-strcpy.o)
 .bss           0x0000000000000000        0x0 /opt/devkitpro/devkitA64/lib/gcc/aarch64-none-elf/7.2.0/../../../../aarch64-none-elf/lib/pic/libg.a(lib_a-strcpy.o)
 .text          0x0000000000000000        0x0 /opt/devkitpro/devkitA64/lib/gcc/aarch64-none-elf/7.2.0/../../../../aarch64-none-elf/lib/pic/libg.a(lib_a-strlcpy.o)
 .data          0x0000000000000000        0x0 /opt/devkitpro/devkitA64/lib/gcc/aarch64-none-elf/7.2.0/../../../../aarch64-none-elf/lib/pic/libg.a(lib_a-strlcpy.o)
 .bss           0x0000000000000000        0x0 /opt/devkitpro/devkitA64/lib/gcc/aarch64-none-elf/7.2.0/../../../../aarch64-none-elf/lib/pic/libg.a(lib_a-strlcpy.o)
 .text.strlcpy  0x0000000000000000       0x48 /opt/devkitpro/devkitA64/lib/gcc/aarch64-none-elf/7.2.0/../../../../aarch64-none-elf/lib/pic/libg.a(lib_a-strlcpy.o)
 .comment       0x0000000000000000       0x20 /opt/devkitpro/devkitA64/lib/gcc/aarch64-none-elf/7.2.0/../../../../aarch64-none-elf/lib/pic/libg.a(lib_a-strlcpy.o)
 .text          0x0000000000000000      0x140 /opt/devkitpro/devkitA64/lib/gcc/aarch64-none-elf/7.2.0/../../../../aarch64-none-elf/lib/pic/libg.a(lib_a-strlen.o)
 .data          0x0000000000000000        0x0 /opt/devkitpro/devkitA64/lib/gcc/aarch64-none-elf/7.2.0/../../../../aarch64-none-elf/lib/pic/libg.a(lib_a-strlen.o)
 .bss           0x0000000000000000        0x0 /opt/devkitpro/devkitA64/lib/gcc/aarch64-none-elf/7.2.0/../../../../aarch64-none-elf/lib/pic/libg.a(lib_a-strlen.o)
 .text          0x0000000000000000        0x0 /opt/devkitpro/devkitA64/lib/gcc/aarch64-none-elf/7.2.0/../../../../aarch64-none-elf/lib/pic/libg.a(lib_a-strncasecmp.o)
 .data          0x0000000000000000        0x0 /opt/devkitpro/devkitA64/lib/gcc/aarch64-none-elf/7.2.0/../../../../aarch64-none-elf/lib/pic/libg.a(lib_a-strncasecmp.o)
 .bss           0x0000000000000000        0x0 /opt/devkitpro/devkitA64/lib/gcc/aarch64-none-elf/7.2.0/../../../../aarch64-none-elf/lib/pic/libg.a(lib_a-strncasecmp.o)
 .text.strncasecmp
                0x0000000000000000       0xcc /opt/devkitpro/devkitA64/lib/gcc/aarch64-none-elf/7.2.0/../../../../aarch64-none-elf/lib/pic/libg.a(lib_a-strncasecmp.o)
 .comment       0x0000000000000000       0x20 /opt/devkitpro/devkitA64/lib/gcc/aarch64-none-elf/7.2.0/../../../../aarch64-none-elf/lib/pic/libg.a(lib_a-strncasecmp.o)
 .text          0x0000000000000000      0x124 /opt/devkitpro/devkitA64/lib/gcc/aarch64-none-elf/7.2.0/../../../../aarch64-none-elf/lib/pic/libg.a(lib_a-strncmp.o)
 .data          0x0000000000000000        0x0 /opt/devkitpro/devkitA64/lib/gcc/aarch64-none-elf/7.2.0/../../../../aarch64-none-elf/lib/pic/libg.a(lib_a-strncmp.o)
 .bss           0x0000000000000000        0x0 /opt/devkitpro/devkitA64/lib/gcc/aarch64-none-elf/7.2.0/../../../../aarch64-none-elf/lib/pic/libg.a(lib_a-strncmp.o)
 .text          0x0000000000000000        0x0 /opt/devkitpro/devkitA64/lib/gcc/aarch64-none-elf/7.2.0/../../../../aarch64-none-elf/lib/pic/libg.a(lib_a-strncpy.o)
 .data          0x0000000000000000        0x0 /opt/devkitpro/devkitA64/lib/gcc/aarch64-none-elf/7.2.0/../../../../aarch64-none-elf/lib/pic/libg.a(lib_a-strncpy.o)
 .bss           0x0000000000000000        0x0 /opt/devkitpro/devkitA64/lib/gcc/aarch64-none-elf/7.2.0/../../../../aarch64-none-elf/lib/pic/libg.a(lib_a-strncpy.o)
 .comment       0x0000000000000000       0x20 /opt/devkitpro/devkitA64/lib/gcc/aarch64-none-elf/7.2.0/../../../../aarch64-none-elf/lib/pic/libg.a(lib_a-strncpy.o)
 .text          0x0000000000000000        0x0 /opt/devkitpro/devkitA64/lib/gcc/aarch64-none-elf/7.2.0/../../../../aarch64-none-elf/lib/pic/libg.a(lib_a-strtol.o)
 .data          0x0000000000000000        0x0 /opt/devkitpro/devkitA64/lib/gcc/aarch64-none-elf/7.2.0/../../../../aarch64-none-elf/lib/pic/libg.a(lib_a-strtol.o)
 .bss           0x0000000000000000        0x0 /opt/devkitpro/devkitA64/lib/gcc/aarch64-none-elf/7.2.0/../../../../aarch64-none-elf/lib/pic/libg.a(lib_a-strtol.o)
 .text._strtol_l.isra.0
                0x0000000000000000      0x1d8 /opt/devkitpro/devkitA64/lib/gcc/aarch64-none-elf/7.2.0/../../../../aarch64-none-elf/lib/pic/libg.a(lib_a-strtol.o)
 .text._strtol_r
                0x0000000000000000       0x58 /opt/devkitpro/devkitA64/lib/gcc/aarch64-none-elf/7.2.0/../../../../aarch64-none-elf/lib/pic/libg.a(lib_a-strtol.o)
 .text.strtol_l
                0x0000000000000000       0x44 /opt/devkitpro/devkitA64/lib/gcc/aarch64-none-elf/7.2.0/../../../../aarch64-none-elf/lib/pic/libg.a(lib_a-strtol.o)
 .text.strtol   0x0000000000000000       0x5c /opt/devkitpro/devkitA64/lib/gcc/aarch64-none-elf/7.2.0/../../../../aarch64-none-elf/lib/pic/libg.a(lib_a-strtol.o)
 .comment       0x0000000000000000       0x20 /opt/devkitpro/devkitA64/lib/gcc/aarch64-none-elf/7.2.0/../../../../aarch64-none-elf/lib/pic/libg.a(lib_a-strtol.o)
 .text          0x0000000000000000        0x0 /opt/devkitpro/devkitA64/lib/gcc/aarch64-none-elf/7.2.0/../../../../aarch64-none-elf/lib/pic/libg.a(lib_a-wctomb_r.o)
 .data          0x0000000000000000        0x0 /opt/devkitpro/devkitA64/lib/gcc/aarch64-none-elf/7.2.0/../../../../aarch64-none-elf/lib/pic/libg.a(lib_a-wctomb_r.o)
 .bss           0x0000000000000000        0x0 /opt/devkitpro/devkitA64/lib/gcc/aarch64-none-elf/7.2.0/../../../../aarch64-none-elf/lib/pic/libg.a(lib_a-wctomb_r.o)
 .text._wctomb_r
                0x0000000000000000       0x5c /opt/devkitpro/devkitA64/lib/gcc/aarch64-none-elf/7.2.0/../../../../aarch64-none-elf/lib/pic/libg.a(lib_a-wctomb_r.o)
 .text.__ascii_wctomb
                0x0000000000000000       0x30 /opt/devkitpro/devkitA64/lib/gcc/aarch64-none-elf/7.2.0/../../../../aarch64-none-elf/lib/pic/libg.a(lib_a-wctomb_r.o)
 .text.__sjis_wctomb
                0x0000000000000000       0x88 /opt/devkitpro/devkitA64/lib/gcc/aarch64-none-elf/7.2.0/../../../../aarch64-none-elf/lib/pic/libg.a(lib_a-wctomb_r.o)
 .text.__eucjp_wctomb
                0x0000000000000000       0xa8 /opt/devkitpro/devkitA64/lib/gcc/aarch64-none-elf/7.2.0/../../../../aarch64-none-elf/lib/pic/libg.a(lib_a-wctomb_r.o)
 .text.__jis_wctomb
                0x0000000000000000       0xb0 /opt/devkitpro/devkitA64/lib/gcc/aarch64-none-elf/7.2.0/../../../../aarch64-none-elf/lib/pic/libg.a(lib_a-wctomb_r.o)
 .comment       0x0000000000000000       0x20 /opt/devkitpro/devkitA64/lib/gcc/aarch64-none-elf/7.2.0/../../../../aarch64-none-elf/lib/pic/libg.a(lib_a-wctomb_r.o)
 .text          0x0000000000000000        0x0 /opt/devkitpro/devkitA64/lib/gcc/aarch64-none-elf/7.2.0/../../../../aarch64-none-elf/lib/pic/libg.a(lib_a-ctype_.o)
 .data          0x0000000000000000        0x0 /opt/devkitpro/devkitA64/lib/gcc/aarch64-none-elf/7.2.0/../../../../aarch64-none-elf/lib/pic/libg.a(lib_a-ctype_.o)
 .bss           0x0000000000000000        0x0 /opt/devkitpro/devkitA64/lib/gcc/aarch64-none-elf/7.2.0/../../../../aarch64-none-elf/lib/pic/libg.a(lib_a-ctype_.o)
 .text.__set_ctype
                0x0000000000000000       0x10 /opt/devkitpro/devkitA64/lib/gcc/aarch64-none-elf/7.2.0/../../../../aarch64-none-elf/lib/pic/libg.a(lib_a-ctype_.o)
 .comment       0x0000000000000000       0x20 /opt/devkitpro/devkitA64/lib/gcc/aarch64-none-elf/7.2.0/../../../../aarch64-none-elf/lib/pic/libg.a(lib_a-ctype_.o)
 .text          0x0000000000000000        0x0 /opt/devkitpro/devkitA64/lib/gcc/aarch64-none-elf/7.2.0/../../../../aarch64-none-elf/lib/pic/libg.a(lib_a-getenv_r.o)
 .data          0x0000000000000000        0x0 /opt/devkitpro/devkitA64/lib/gcc/aarch64-none-elf/7.2.0/../../../../aarch64-none-elf/lib/pic/libg.a(lib_a-getenv_r.o)
 .bss           0x0000000000000000        0x0 /opt/devkitpro/devkitA64/lib/gcc/aarch64-none-elf/7.2.0/../../../../aarch64-none-elf/lib/pic/libg.a(lib_a-getenv_r.o)
 .text._findenv_r
                0x0000000000000000      0x118 /opt/devkitpro/devkitA64/lib/gcc/aarch64-none-elf/7.2.0/../../../../aarch64-none-elf/lib/pic/libg.a(lib_a-getenv_r.o)
 .text._getenv_r
                0x0000000000000000       0x18 /opt/devkitpro/devkitA64/lib/gcc/aarch64-none-elf/7.2.0/../../../../aarch64-none-elf/lib/pic/libg.a(lib_a-getenv_r.o)
 .comment       0x0000000000000000       0x20 /opt/devkitpro/devkitA64/lib/gcc/aarch64-none-elf/7.2.0/../../../../aarch64-none-elf/lib/pic/libg.a(lib_a-getenv_r.o)
 .text          0x0000000000000000        0x0 /opt/devkitpro/devkitA64/lib/gcc/aarch64-none-elf/7.2.0/../../../../aarch64-none-elf/lib/pic/libg.a(lib_a-environ.o)
 .data          0x0000000000000000        0x0 /opt/devkitpro/devkitA64/lib/gcc/aarch64-none-elf/7.2.0/../../../../aarch64-none-elf/lib/pic/libg.a(lib_a-environ.o)
 .bss           0x0000000000000000        0x0 /opt/devkitpro/devkitA64/lib/gcc/aarch64-none-elf/7.2.0/../../../../aarch64-none-elf/lib/pic/libg.a(lib_a-environ.o)
 .bss.initial_env
                0x0000000000000000        0x8 /opt/devkitpro/devkitA64/lib/gcc/aarch64-none-elf/7.2.0/../../../../aarch64-none-elf/lib/pic/libg.a(lib_a-environ.o)
 .data.rel.local.environ
                0x0000000000000000        0x8 /opt/devkitpro/devkitA64/lib/gcc/aarch64-none-elf/7.2.0/../../../../aarch64-none-elf/lib/pic/libg.a(lib_a-environ.o)
 .comment       0x0000000000000000       0x20 /opt/devkitpro/devkitA64/lib/gcc/aarch64-none-elf/7.2.0/../../../../aarch64-none-elf/lib/pic/libg.a(lib_a-environ.o)
 .text          0x0000000000000000        0x0 /opt/devkitpro/devkitA64/lib/gcc/aarch64-none-elf/7.2.0/../../../../aarch64-none-elf/lib/pic/libg.a(lib_a-envlock.o)
 .data          0x0000000000000000        0x0 /opt/devkitpro/devkitA64/lib/gcc/aarch64-none-elf/7.2.0/../../../../aarch64-none-elf/lib/pic/libg.a(lib_a-envlock.o)
 .bss           0x0000000000000000        0x0 /opt/devkitpro/devkitA64/lib/gcc/aarch64-none-elf/7.2.0/../../../../aarch64-none-elf/lib/pic/libg.a(lib_a-envlock.o)
 .text.__env_lock
                0x0000000000000000        0xc /opt/devkitpro/devkitA64/lib/gcc/aarch64-none-elf/7.2.0/../../../../aarch64-none-elf/lib/pic/libg.a(lib_a-envlock.o)
 .text.__env_unlock
                0x0000000000000000        0xc /opt/devkitpro/devkitA64/lib/gcc/aarch64-none-elf/7.2.0/../../../../aarch64-none-elf/lib/pic/libg.a(lib_a-envlock.o)
 .data.__env_recursive_mutex
                0x0000000000000000        0xc /opt/devkitpro/devkitA64/lib/gcc/aarch64-none-elf/7.2.0/../../../../aarch64-none-elf/lib/pic/libg.a(lib_a-envlock.o)
 .comment       0x0000000000000000       0x20 /opt/devkitpro/devkitA64/lib/gcc/aarch64-none-elf/7.2.0/../../../../aarch64-none-elf/lib/pic/libg.a(lib_a-envlock.o)
 .text          0x0000000000000000        0x0 /opt/devkitpro/devkitA64/lib/gcc/aarch64-none-elf/7.2.0/../../../../aarch64-none-elf/lib/pic/libsysbase.a(malloc_vars.o)
 .data          0x0000000000000000        0x0 /opt/devkitpro/devkitA64/lib/gcc/aarch64-none-elf/7.2.0/../../../../aarch64-none-elf/lib/pic/libsysbase.a(malloc_vars.o)
 .bss           0x0000000000000000        0x0 /opt/devkitpro/devkitA64/lib/gcc/aarch64-none-elf/7.2.0/../../../../aarch64-none-elf/lib/pic/libsysbase.a(malloc_vars.o)
 .comment       0x0000000000000000       0x20 /opt/devkitpro/devkitA64/lib/gcc/aarch64-none-elf/7.2.0/../../../../aarch64-none-elf/lib/pic/libsysbase.a(malloc_vars.o)
 .text          0x0000000000000000        0x0 /opt/devkitpro/devkitA64/lib/gcc/aarch64-none-elf/7.2.0/../../../../aarch64-none-elf/lib/pic/libsysbase.a(syscall_support.o)
 .data          0x0000000000000000        0x0 /opt/devkitpro/devkitA64/lib/gcc/aarch64-none-elf/7.2.0/../../../../aarch64-none-elf/lib/pic/libsysbase.a(syscall_support.o)
 .bss           0x0000000000000000        0x0 /opt/devkitpro/devkitA64/lib/gcc/aarch64-none-elf/7.2.0/../../../../aarch64-none-elf/lib/pic/libsysbase.a(syscall_support.o)
 .text.__libc_lock_init
                0x0000000000000000       0x1c /opt/devkitpro/devkitA64/lib/gcc/aarch64-none-elf/7.2.0/../../../../aarch64-none-elf/lib/pic/libsysbase.a(syscall_support.o)
 .text.__libc_lock_acquire
                0x0000000000000000       0x1c /opt/devkitpro/devkitA64/lib/gcc/aarch64-none-elf/7.2.0/../../../../aarch64-none-elf/lib/pic/libsysbase.a(syscall_support.o)
 .text.__libc_lock_try_acquire
                0x0000000000000000       0x20 /opt/devkitpro/devkitA64/lib/gcc/aarch64-none-elf/7.2.0/../../../../aarch64-none-elf/lib/pic/libsysbase.a(syscall_support.o)
 .text.__libc_lock_release
                0x0000000000000000       0x1c /opt/devkitpro/devkitA64/lib/gcc/aarch64-none-elf/7.2.0/../../../../aarch64-none-elf/lib/pic/libsysbase.a(syscall_support.o)
 .text.__libc_lock_close
                0x0000000000000000       0x1c /opt/devkitpro/devkitA64/lib/gcc/aarch64-none-elf/7.2.0/../../../../aarch64-none-elf/lib/pic/libsysbase.a(syscall_support.o)
 .text.__libc_lock_init_recursive
                0x0000000000000000       0x1c /opt/devkitpro/devkitA64/lib/gcc/aarch64-none-elf/7.2.0/../../../../aarch64-none-elf/lib/pic/libsysbase.a(syscall_support.o)
 .text.__libc_lock_acquire_recursive
                0x0000000000000000       0x1c /opt/devkitpro/devkitA64/lib/gcc/aarch64-none-elf/7.2.0/../../../../aarch64-none-elf/lib/pic/libsysbase.a(syscall_support.o)
 .text.__libc_lock_try_acquire_recursive
                0x0000000000000000       0x20 /opt/devkitpro/devkitA64/lib/gcc/aarch64-none-elf/7.2.0/../../../../aarch64-none-elf/lib/pic/libsysbase.a(syscall_support.o)
 .text.__libc_lock_release_recursive
                0x0000000000000000       0x1c /opt/devkitpro/devkitA64/lib/gcc/aarch64-none-elf/7.2.0/../../../../aarch64-none-elf/lib/pic/libsysbase.a(syscall_support.o)
 .text.__libc_lock_close_recursive
                0x0000000000000000       0x1c /opt/devkitpro/devkitA64/lib/gcc/aarch64-none-elf/7.2.0/../../../../aarch64-none-elf/lib/pic/libsysbase.a(syscall_support.o)
 .comment       0x0000000000000000       0x20 /opt/devkitpro/devkitA64/lib/gcc/aarch64-none-elf/7.2.0/../../../../aarch64-none-elf/lib/pic/libsysbase.a(syscall_support.o)
 .text          0x0000000000000000        0x0 /opt/devkitpro/devkitA64/lib/gcc/aarch64-none-elf/7.2.0/../../../../aarch64-none-elf/lib/pic/libsysbase.a(getreent.o)
 .data          0x0000000000000000        0x0 /opt/devkitpro/devkitA64/lib/gcc/aarch64-none-elf/7.2.0/../../../../aarch64-none-elf/lib/pic/libsysbase.a(getreent.o)
 .bss           0x0000000000000000        0x0 /opt/devkitpro/devkitA64/lib/gcc/aarch64-none-elf/7.2.0/../../../../aarch64-none-elf/lib/pic/libsysbase.a(getreent.o)
 .comment       0x0000000000000000       0x20 /opt/devkitpro/devkitA64/lib/gcc/aarch64-none-elf/7.2.0/../../../../aarch64-none-elf/lib/pic/libsysbase.a(getreent.o)
 .text          0x0000000000000000        0x0 /opt/devkitpro/devkitA64/lib/gcc/aarch64-none-elf/7.2.0/pic/crtend.o
 .data          0x0000000000000000        0x0 /opt/devkitpro/devkitA64/lib/gcc/aarch64-none-elf/7.2.0/pic/crtend.o
 .bss           0x0000000000000000        0x0 /opt/devkitpro/devkitA64/lib/gcc/aarch64-none-elf/7.2.0/pic/crtend.o
 .comment       0x0000000000000000       0x20 /opt/devkitpro/devkitA64/lib/gcc/aarch64-none-elf/7.2.0/pic/crtend.o
 .text          0x0000000000000000        0x0 /opt/devkitpro/devkitA64/lib/gcc/aarch64-none-elf/7.2.0/pic/crtn.o
 .data          0x0000000000000000        0x0 /opt/devkitpro/devkitA64/lib/gcc/aarch64-none-elf/7.2.0/pic/crtn.o
 .bss           0x0000000000000000        0x0 /opt/devkitpro/devkitA64/lib/gcc/aarch64-none-elf/7.2.0/pic/crtn.o

Memory Configuration

Name             Origin             Length             Attributes
*default*        0x0000000000000000 0xffffffffffffffff

Linker script and memory map

                0x0000000000000000                PROVIDE (__start__, 0x0)
                0x0000000000000000                . = __start__

.crt0           0x0000000000000000       0xe8
 *(.crt0)
 .crt0          0x0000000000000000       0xe4 /opt/devkitpro/devkitA64/lib/gcc/aarch64-none-elf/7.2.0/../../../../aarch64-none-elf/lib/pic/switch_crt0.o
                0x0000000000000000                _start
                0x00000000000000e8                . = ALIGN (0x8)
 *fill*         0x00000000000000e4        0x4 

.init           0x00000000000000e8       0x38
 *(.init)
 .init          0x00000000000000e8       0x18 /opt/devkitpro/devkitA64/lib/gcc/aarch64-none-elf/7.2.0/pic/crti.o
                0x00000000000000e8                _init
 .init          0x0000000000000100       0x1c /opt/devkitpro/devkitA64/lib/gcc/aarch64-none-elf/7.2.0/pic/crtn.o
                0x0000000000000120                . = ALIGN (0x8)
 *fill*         0x000000000000011c        0x4 

.plt            0x0000000000000120        0x0
 *(.plt)
 .plt           0x0000000000000120        0x0 /opt/devkitpro/devkitA64/lib/gcc/aarch64-none-elf/7.2.0/../../../../aarch64-none-elf/lib/pic/switch_crt0.o
 *(.iplt)
                0x0000000000000120                . = ALIGN (0x8)

.text           0x0000000000000140     0x2ba0
 *(.text.unlikely .text.*_unlikely .text.unlikely.*)
 *(.text.exit .text.exit.*)
 *(.text.startup .text.startup.*)
 .text.startup  0x0000000000000140       0x24 main.o
                0x0000000000000140                main
 *(.text.hot .text.hot.*)
 *(.text .stub .text.* .gnu.linkonce.t.*)
 *fill*         0x0000000000000164        0x4 
 .text.deregister_tm_clones
                0x0000000000000168       0x2c /opt/devkitpro/devkitA64/lib/gcc/aarch64-none-elf/7.2.0/pic/crtbegin.o
 *fill*         0x0000000000000194        0x4 
 .text.register_tm_clones
                0x0000000000000198       0x3c /opt/devkitpro/devkitA64/lib/gcc/aarch64-none-elf/7.2.0/pic/crtbegin.o
 *fill*         0x00000000000001d4        0x4 
 .text.__do_global_dtors_aux
                0x00000000000001d8       0x48 /opt/devkitpro/devkitA64/lib/gcc/aarch64-none-elf/7.2.0/pic/crtbegin.o
 .text.frame_dummy
                0x0000000000000220       0x34 /opt/devkitpro/devkitA64/lib/gcc/aarch64-none-elf/7.2.0/pic/crtbegin.o
 *fill*         0x0000000000000254        0x4 
 .text.__nx_dynamic
                0x0000000000000258       0xa4 /opt/devkitpro/libnx/lib/libnx.a(dynamic.o)
                0x0000000000000258                __nx_dynamic
 *fill*         0x00000000000002fc        0x4 
 .text.__appInit
                0x0000000000000300       0x1c /opt/devkitpro/libnx/lib/libnx.a(init.o)
                0x0000000000000300                __appInit
 *fill*         0x000000000000031c        0x4 
 .text.__appExit
                0x0000000000000320       0x1c /opt/devkitpro/libnx/lib/libnx.a(init.o)
                0x0000000000000320                __appExit
 *fill*         0x000000000000033c        0x4 
 .text.__libnx_init
                0x0000000000000340       0x84 /opt/devkitpro/libnx/lib/libnx.a(init.o)
                0x0000000000000340                __libnx_init
 *fill*         0x00000000000003c4        0x4 
 .text.__libnx_exit
                0x00000000000003c8       0x14 /opt/devkitpro/libnx/lib/libnx.a(init.o)
                0x00000000000003c8                __libnx_exit
 *fill*         0x00000000000003dc        0x4 
 .text.mutexInit
                0x00000000000003e0        0x8 /opt/devkitpro/libnx/lib/libnx.a(newlib.o)
 .text.__libnx_get_reent
                0x00000000000003e8       0x34 /opt/devkitpro/libnx/lib/libnx.a(newlib.o)
 *fill*         0x000000000000041c        0x4 
 .text.newlibSetup
                0x0000000000000420       0x9c /opt/devkitpro/libnx/lib/libnx.a(newlib.o)
                0x0000000000000420                newlibSetup
 *fill*         0x00000000000004bc        0x4 
 .text.__system_initArgv
                0x00000000000004c0      0x2a0 /opt/devkitpro/libnx/lib/libnx.a(initArgv.o)
                0x00000000000004c0                __system_initArgv
 .text.mutexLock
                0x0000000000000760       0x94 /opt/devkitpro/libnx/lib/libnx.a(mutex.o)
                0x0000000000000760                mutexLock
 *fill*         0x00000000000007f4        0x4 
 .text.mutexUnlock
                0x00000000000007f8       0x24 /opt/devkitpro/libnx/lib/libnx.a(mutex.o)
                0x00000000000007f8                mutexUnlock
 *fill*         0x000000000000081c        0x4 
 .text._GetRegionFromInfo
                0x0000000000000820       0x68 /opt/devkitpro/libnx/lib/libnx.a(virtmem.o)
 .text.virtmemSetup
                0x0000000000000888       0x84 /opt/devkitpro/libnx/lib/libnx.a(virtmem.o)
                0x0000000000000888                virtmemSetup
 *fill*         0x000000000000090c        0x4 
 .text.virtmemReserve
                0x0000000000000910      0x124 /opt/devkitpro/libnx/lib/libnx.a(virtmem.o)
                0x0000000000000910                virtmemReserve
 *fill*         0x0000000000000a34        0x4 
 .text.virtmemFree
                0x0000000000000a38        0x4 /opt/devkitpro/libnx/lib/libnx.a(virtmem.o)
                0x0000000000000a38                virtmemFree
 *fill*         0x0000000000000a3c        0x4 
 .text._appletNotifyRunning.constprop.7
                0x0000000000000a40       0xcc /opt/devkitpro/libnx/lib/libnx.a(applet.o)
 *fill*         0x0000000000000b0c        0x4 
 .text._appletGetSession
                0x0000000000000b10      0x118 /opt/devkitpro/libnx/lib/libnx.a(applet.o)
 .text._appletAcquireForegroundRights
                0x0000000000000c28       0xcc /opt/devkitpro/libnx/lib/libnx.a(applet.o)
 *fill*         0x0000000000000cf4        0x4 
 .text._appletSetOutOfFocusSuspendingEnabled
                0x0000000000000cf8       0xcc /opt/devkitpro/libnx/lib/libnx.a(applet.o)
 *fill*         0x0000000000000dc4        0x4 
 .text._appletSetFocusHandlingMode
                0x0000000000000dc8       0xd4 /opt/devkitpro/libnx/lib/libnx.a(applet.o)
 *fill*         0x0000000000000e9c        0x4 
 .text._appletGetAppletResourceUserId.constprop.5
                0x0000000000000ea0       0xe0 /opt/devkitpro/libnx/lib/libnx.a(applet.o)
 .text._appletGetCurrentFocusState
                0x0000000000000f80       0xe8 /opt/devkitpro/libnx/lib/libnx.a(applet.o)
 .text._appletReceiveMessage
                0x0000000000001068       0xe8 /opt/devkitpro/libnx/lib/libnx.a(applet.o)
 .text._appletGetSessionProxy.constprop.4
                0x0000000000001150      0x128 /opt/devkitpro/libnx/lib/libnx.a(applet.o)
 .text.appletExit
                0x0000000000001278      0x170 /opt/devkitpro/libnx/lib/libnx.a(applet.o)
                0x0000000000001278                appletExit
 .text.appletInitialize
                0x00000000000013e8      0x3f8 /opt/devkitpro/libnx/lib/libnx.a(applet.o)
                0x00000000000013e8                appletInitialize
 .text.appletGetAppletResourceUserId
                0x00000000000017e0       0x30 /opt/devkitpro/libnx/lib/libnx.a(applet.o)
                0x00000000000017e0                appletGetAppletResourceUserId
 .text._hidCreateAppletResource.constprop.1
                0x0000000000001810      0x120 /opt/devkitpro/libnx/lib/libnx.a(hid.o)
 .text._hidGetSharedMemoryHandle
                0x0000000000001930      0x118 /opt/devkitpro/libnx/lib/libnx.a(hid.o)
 .text.hidExit  0x0000000000001a48       0x84 /opt/devkitpro/libnx/lib/libnx.a(hid.o)
                0x0000000000001a48                hidExit
 *fill*         0x0000000000001acc        0x4 
 .text.hidReset
                0x0000000000001ad0      0x178 /opt/devkitpro/libnx/lib/libnx.a(hid.o)
                0x0000000000001ad0                hidReset
 .text.hidInitialize
                0x0000000000001c48      0x10c /opt/devkitpro/libnx/lib/libnx.a(hid.o)
                0x0000000000001c48                hidInitialize
 *fill*         0x0000000000001d54        0x4 
 .text.smHasInitialized
                0x0000000000001d58       0x14 /opt/devkitpro/libnx/lib/libnx.a(sm.o)
                0x0000000000001d58                smHasInitialized
 *fill*         0x0000000000001d6c        0x4 
 .text.smExit   0x0000000000001d70       0x38 /opt/devkitpro/libnx/lib/libnx.a(sm.o)
                0x0000000000001d70                smExit
 .text.smGetService
                0x0000000000001da8      0x150 /opt/devkitpro/libnx/lib/libnx.a(sm.o)
                0x0000000000001da8                smGetService
 .text.smInitialize
                0x0000000000001ef8      0x12c /opt/devkitpro/libnx/lib/libnx.a(sm.o)
                0x0000000000001ef8                smInitialize
 *fill*         0x0000000000002024        0x4 
 .text.fatalSimple
                0x0000000000002028       0x94 /opt/devkitpro/libnx/lib/libnx.a(fatal.o)
                0x0000000000002028                fatalSimple
 *fill*         0x00000000000020bc        0x4 
 .text.fsInitialize
                0x00000000000020c0      0x108 /opt/devkitpro/libnx/lib/libnx.a(fs.o)
                0x00000000000020c0                fsInitialize
 .text.fsExit   0x00000000000021c8       0x34 /opt/devkitpro/libnx/lib/libnx.a(fs.o)
                0x00000000000021c8                fsExit
 .text.svcSetHeapSize
                0x00000000000021fc       0x14 /opt/devkitpro/libnx/lib/libnx.a(svc.o)
                0x00000000000021fc                svcSetHeapSize
 .text.svcQueryMemory
                0x0000000000002210       0x14 /opt/devkitpro/libnx/lib/libnx.a(svc.o)
                0x0000000000002210                svcQueryMemory
 .text.svcExitProcess
                0x0000000000002224        0x8 /opt/devkitpro/libnx/lib/libnx.a(svc.o)
                0x0000000000002224                svcExitProcess
 .text.svcSleepThread
                0x000000000000222c        0x8 /opt/devkitpro/libnx/lib/libnx.a(svc.o)
                0x000000000000222c                svcSleepThread
 .text.svcMapSharedMemory
                0x0000000000002234        0x8 /opt/devkitpro/libnx/lib/libnx.a(svc.o)
                0x0000000000002234                svcMapSharedMemory
 .text.svcUnmapSharedMemory
                0x000000000000223c        0x8 /opt/devkitpro/libnx/lib/libnx.a(svc.o)
                0x000000000000223c                svcUnmapSharedMemory
 .text.svcCloseHandle
                0x0000000000002244        0x8 /opt/devkitpro/libnx/lib/libnx.a(svc.o)
                0x0000000000002244                svcCloseHandle
 .text.svcWaitSynchronization
                0x000000000000224c       0x14 /opt/devkitpro/libnx/lib/libnx.a(svc.o)
                0x000000000000224c                svcWaitSynchronization
 .text.svcArbitrateLock
                0x0000000000002260        0x8 /opt/devkitpro/libnx/lib/libnx.a(svc.o)
                0x0000000000002260                svcArbitrateLock
 .text.svcArbitrateUnlock
                0x0000000000002268        0x8 /opt/devkitpro/libnx/lib/libnx.a(svc.o)
                0x0000000000002268                svcArbitrateUnlock
 .text.svcConnectToNamedPort
                0x0000000000002270       0x14 /opt/devkitpro/libnx/lib/libnx.a(svc.o)
                0x0000000000002270                svcConnectToNamedPort
 .text.svcSendSyncRequest
                0x0000000000002284        0x8 /opt/devkitpro/libnx/lib/libnx.a(svc.o)
                0x0000000000002284                svcSendSyncRequest
 .text.svcGetInfo
                0x000000000000228c       0x14 /opt/devkitpro/libnx/lib/libnx.a(svc.o)
                0x000000000000228c                svcGetInfo
 .text.shmemLoadRemote
                0x00000000000022a0       0x14 /opt/devkitpro/libnx/lib/libnx.a(shmem.o)
                0x00000000000022a0                shmemLoadRemote
 *fill*         0x00000000000022b4        0x4 
 .text.shmemMap
                0x00000000000022b8       0x9c /opt/devkitpro/libnx/lib/libnx.a(shmem.o)
                0x00000000000022b8                shmemMap
 *fill*         0x0000000000002354        0x4 
 .text.shmemUnmap
                0x0000000000002358       0x34 /opt/devkitpro/libnx/lib/libnx.a(shmem.o)
                0x0000000000002358                shmemUnmap
 *fill*         0x000000000000238c        0x4 
 .text.shmemClose
                0x0000000000002390       0x50 /opt/devkitpro/libnx/lib/libnx.a(shmem.o)
                0x0000000000002390                shmemClose
 .text.__libc_fini_array
                0x00000000000023e0       0x44 /opt/devkitpro/devkitA64/lib/gcc/aarch64-none-elf/7.2.0/../../../../aarch64-none-elf/lib/pic/libg.a(lib_a-fini.o)
                0x00000000000023e0                __libc_fini_array
 *fill*         0x0000000000002424        0x4 
 .text.__libc_init_array
                0x0000000000002428       0x8c /opt/devkitpro/devkitA64/lib/gcc/aarch64-none-elf/7.2.0/../../../../aarch64-none-elf/lib/pic/libg.a(lib_a-init.o)
                0x0000000000002428                __libc_init_array
 *fill*         0x00000000000024b4        0x4 
 .text.__locale_ctype_ptr
                0x00000000000024b8       0x2c /opt/devkitpro/devkitA64/lib/gcc/aarch64-none-elf/7.2.0/../../../../aarch64-none-elf/lib/pic/libg.a(lib_a-locale.o)
                0x00000000000024b8                __locale_ctype_ptr
 *fill*         0x00000000000024e4        0x4 
 .text.__utf8_mbtowc
                0x00000000000024e8      0x2d8 /opt/devkitpro/devkitA64/lib/gcc/aarch64-none-elf/7.2.0/../../../../aarch64-none-elf/lib/pic/libg.a(lib_a-mbtowc_r.o)
                0x00000000000024e8                __utf8_mbtowc
 .text          0x00000000000027c0      0x16c /opt/devkitpro/devkitA64/lib/gcc/aarch64-none-elf/7.2.0/../../../../aarch64-none-elf/lib/pic/libg.a(lib_a-memcpy.o)
                0x00000000000027c0                memcpy
 *fill*         0x000000000000292c       0x14 
 .text          0x0000000000002940      0x1d8 /opt/devkitpro/devkitA64/lib/gcc/aarch64-none-elf/7.2.0/../../../../aarch64-none-elf/lib/pic/libg.a(lib_a-memset.o)
                0x0000000000002940                memset
 .text.strncpy  0x0000000000002b18       0xb4 /opt/devkitpro/devkitA64/lib/gcc/aarch64-none-elf/7.2.0/../../../../aarch64-none-elf/lib/pic/libg.a(lib_a-strncpy.o)
                0x0000000000002b18                strncpy
 *fill*         0x0000000000002bcc        0x4 
 .text.__utf8_wctomb
                0x0000000000002bd0       0xe8 /opt/devkitpro/devkitA64/lib/gcc/aarch64-none-elf/7.2.0/../../../../aarch64-none-elf/lib/pic/libg.a(lib_a-wctomb_r.o)
                0x0000000000002bd0                __utf8_wctomb
 .text.__getreent
                0x0000000000002cb8       0x28 /opt/devkitpro/devkitA64/lib/gcc/aarch64-none-elf/7.2.0/../../../../aarch64-none-elf/lib/pic/libsysbase.a(getreent.o)
                0x0000000000002cb8                __getreent
                0x0000000000002ce0                . = ALIGN (0x8)

.fini           0x0000000000002ce0       0x38
 *(.fini)
 .fini          0x0000000000002ce0       0x18 /opt/devkitpro/devkitA64/lib/gcc/aarch64-none-elf/7.2.0/pic/crti.o
                0x0000000000002ce0                _fini
 .fini          0x0000000000002cf8       0x1c /opt/devkitpro/devkitA64/lib/gcc/aarch64-none-elf/7.2.0/pic/crtn.o
                0x0000000000002d18                . = ALIGN (0x8)
 *fill*         0x0000000000002d14        0x4 
                0x0000000000003000                . = ALIGN (0x1000)

.rodata         0x0000000000003000      0x1a8
 *(.rodata .rodata.* .gnu.linkonce.r.*)
 .rodata.appletInitialize.str1.8
                0x0000000000003000       0x19 /opt/devkitpro/libnx/lib/libnx.a(applet.o)
 *fill*         0x0000000000003019        0x7 
 .rodata.hidInitialize.str1.8
                0x0000000000003020        0x4 /opt/devkitpro/libnx/lib/libnx.a(hid.o)
 *fill*         0x0000000000003024        0x4 
 .rodata.smInitialize.str1.8
                0x0000000000003028        0x4 /opt/devkitpro/libnx/lib/libnx.a(sm.o)
                                          0x9 (size before relaxing)
 *fill*         0x000000000000302c        0x4 
 .rodata.fatalSimple.str1.8
                0x0000000000003030        0x8 /opt/devkitpro/libnx/lib/libnx.a(fatal.o)
 .rodata.fsInitialize.str1.8
                0x0000000000003038        0x8 /opt/devkitpro/libnx/lib/libnx.a(fs.o)
 .rodata.str1.8
                0x0000000000003040       0x60 /opt/devkitpro/devkitA64/lib/gcc/aarch64-none-elf/7.2.0/../../../../aarch64-none-elf/lib/pic/libg.a(lib_a-locale.o)
                                         0x64 (size before relaxing)
 .rodata._ctype_
                0x00000000000030a0      0x101 /opt/devkitpro/devkitA64/lib/gcc/aarch64-none-elf/7.2.0/../../../../aarch64-none-elf/lib/pic/libg.a(lib_a-ctype_.o)
                0x00000000000030a0                _ctype_
                0x00000000000031a8                . = ALIGN (0x8)
 *fill*         0x00000000000031a1        0x7 

.eh_frame_hdr
 *(.eh_frame_hdr)
 *(.eh_frame_entry .eh_frame_entry.*)

.eh_frame       0x00000000000031a8      0x11c
 *(.eh_frame)
 .eh_frame      0x00000000000031a8        0x0 /opt/devkitpro/devkitA64/lib/gcc/aarch64-none-elf/7.2.0/pic/crtbegin.o
 .eh_frame      0x00000000000031a8      0x118 /opt/devkitpro/libnx/lib/libnx.a(svc.o)
                                        0x428 (size before relaxing)
 .eh_frame      0x00000000000032c0        0x4 /opt/devkitpro/devkitA64/lib/gcc/aarch64-none-elf/7.2.0/pic/crtend.o
 *(.eh_frame.*)

.gcc_except_table
 *(.gcc_except_table .gcc_except_table.*)

.gnu_extab
 *(.gnu_extab*)

.dynamic        0x00000000000032c8      0x160
 *(.dynamic)
 .dynamic       0x00000000000032c8      0x160 /opt/devkitpro/devkitA64/lib/gcc/aarch64-none-elf/7.2.0/../../../../aarch64-none-elf/lib/pic/switch_crt0.o
                0x00000000000032c8                _DYNAMIC

.interp         0x0000000000003428        0xd
 *(.interp)
 .interp        0x0000000000003428        0xd /opt/devkitpro/devkitA64/lib/gcc/aarch64-none-elf/7.2.0/../../../../aarch64-none-elf/lib/pic/switch_crt0.o

.note.gnu.build-id
 *(.note.gnu.build-id)

.hash           0x0000000000003438       0x18
 *(.hash)
 .hash          0x0000000000003438       0x18 /opt/devkitpro/devkitA64/lib/gcc/aarch64-none-elf/7.2.0/../../../../aarch64-none-elf/lib/pic/switch_crt0.o

.gnu.hash
 *(.gnu.hash)

.gnu.version    0x0000000000003450        0x0
 *(.gnu.version)
 .gnu.version   0x0000000000003450        0x0 /opt/devkitpro/devkitA64/lib/gcc/aarch64-none-elf/7.2.0/../../../../aarch64-none-elf/lib/pic/switch_crt0.o

.gnu.version_d  0x0000000000003450        0x0
 *(.gnu.version_d)
 .gnu.version_d
                0x0000000000003450        0x0 /opt/devkitpro/devkitA64/lib/gcc/aarch64-none-elf/7.2.0/../../../../aarch64-none-elf/lib/pic/switch_crt0.o

.gnu.version_r  0x0000000000003450        0x0
 *(.gnu.version_r)
 .gnu.version_r
                0x0000000000003450        0x0 /opt/devkitpro/devkitA64/lib/gcc/aarch64-none-elf/7.2.0/../../../../aarch64-none-elf/lib/pic/switch_crt0.o

.dynsym         0x0000000000003450       0x48
 *(.dynsym)
 .dynsym        0x0000000000003450       0x48 /opt/devkitpro/devkitA64/lib/gcc/aarch64-none-elf/7.2.0/../../../../aarch64-none-elf/lib/pic/switch_crt0.o

.dynstr         0x0000000000003498        0x1
 *(.dynstr)
 .dynstr        0x0000000000003498        0x1 /opt/devkitpro/devkitA64/lib/gcc/aarch64-none-elf/7.2.0/../../../../aarch64-none-elf/lib/pic/switch_crt0.o

.rela.dyn       0x00000000000034a0      0x420
 *(.rela.*)
 .rela.got      0x00000000000034a0      0x258 /opt/devkitpro/devkitA64/lib/gcc/aarch64-none-elf/7.2.0/../../../../aarch64-none-elf/lib/pic/switch_crt0.o
 .rela.plt      0x00000000000036f8        0x0 /opt/devkitpro/devkitA64/lib/gcc/aarch64-none-elf/7.2.0/../../../../aarch64-none-elf/lib/pic/switch_crt0.o
 .rela.bss      0x00000000000036f8        0x0 /opt/devkitpro/devkitA64/lib/gcc/aarch64-none-elf/7.2.0/../../../../aarch64-none-elf/lib/pic/switch_crt0.o
 .rela.data.rel.ro
                0x00000000000036f8        0x0 /opt/devkitpro/devkitA64/lib/gcc/aarch64-none-elf/7.2.0/../../../../aarch64-none-elf/lib/pic/switch_crt0.o
 .rela.ifunc    0x00000000000036f8        0x0 /opt/devkitpro/devkitA64/lib/gcc/aarch64-none-elf/7.2.0/../../../../aarch64-none-elf/lib/pic/switch_crt0.o
 .rela.init_array
                0x00000000000036f8       0x18 /opt/devkitpro/devkitA64/lib/gcc/aarch64-none-elf/7.2.0/../../../../aarch64-none-elf/lib/pic/switch_crt0.o
 .rela.fini_array
                0x0000000000003710       0x18 /opt/devkitpro/devkitA64/lib/gcc/aarch64-none-elf/7.2.0/../../../../aarch64-none-elf/lib/pic/switch_crt0.o
 .rela.data.rel.local._impure_ptr
                0x0000000000003728       0x18 /opt/devkitpro/devkitA64/lib/gcc/aarch64-none-elf/7.2.0/../../../../aarch64-none-elf/lib/pic/switch_crt0.o
 .rela.data.rel.local.impure_data
                0x0000000000003740       0x48 /opt/devkitpro/devkitA64/lib/gcc/aarch64-none-elf/7.2.0/../../../../aarch64-none-elf/lib/pic/switch_crt0.o
 .rela.data.rel.ro.local._global_impure_ptr
                0x0000000000003788        0x0 /opt/devkitpro/devkitA64/lib/gcc/aarch64-none-elf/7.2.0/../../../../aarch64-none-elf/lib/pic/switch_crt0.o
 .rela.data.rel.__global_locale
                0x0000000000003788      0x138 /opt/devkitpro/devkitA64/lib/gcc/aarch64-none-elf/7.2.0/../../../../aarch64-none-elf/lib/pic/switch_crt0.o
 .rela.data.rel.ro.__C_locale
                0x00000000000038c0        0x0 /opt/devkitpro/devkitA64/lib/gcc/aarch64-none-elf/7.2.0/../../../../aarch64-none-elf/lib/pic/switch_crt0.o
 .rela.data.rel.ro.local.categories
                0x00000000000038c0        0x0 /opt/devkitpro/devkitA64/lib/gcc/aarch64-none-elf/7.2.0/../../../../aarch64-none-elf/lib/pic/switch_crt0.o
 .rela.data.rel.local.environ
                0x00000000000038c0        0x0 /opt/devkitpro/devkitA64/lib/gcc/aarch64-none-elf/7.2.0/../../../../aarch64-none-elf/lib/pic/switch_crt0.o
                0x0000000000004000                . = ALIGN (0x1000)

.eh_frame
 *(.eh_frame)
 *(.eh_frame.*)

.gcc_except_table
 *(.gcc_except_table .gcc_except_table.*)

.gnu_extab
 *(.gnu_extab*)

.exception_ranges
 *(.exception_ranges .exception_ranges*)

.tdata          0x0000000000004000        0x0
                0x0000000000004000                __tdata_lma = .
 *(.tdata .tdata.* .gnu.linkonce.td.*)
                0x0000000000004000                . = ALIGN (0x8)
                0x0000000000004000                __tdata_lma_end = .

.tbss           0x0000000000004000        0x0
 *(.tbss .tbss.* .gnu.linkonce.tb.*)
 *(.tcommon)
                0x0000000000004000                . = ALIGN (0x8)

.preinit_array  0x0000000000004000        0x0
                0x0000000000004000                PROVIDE (__preinit_array_start, .)
 *(.preinit_array)
                0x0000000000004000                PROVIDE (__preinit_array_end, .)

.init_array     0x0000000000004000        0x8
                0x0000000000004000                PROVIDE (__init_array_start, .)
 *(SORT(.init_array.*))
 *(.init_array)
 .init_array    0x0000000000004000        0x8 /opt/devkitpro/devkitA64/lib/gcc/aarch64-none-elf/7.2.0/pic/crtbegin.o
                0x0000000000004008                PROVIDE (__init_array_end, .)

.fini_array     0x0000000000004008        0x8
                0x0000000000004008                PROVIDE (__fini_array_start, .)
 *(.fini_array)
 .fini_array    0x0000000000004008        0x8 /opt/devkitpro/devkitA64/lib/gcc/aarch64-none-elf/7.2.0/pic/crtbegin.o
 *(SORT(.fini_array.*))
                0x0000000000004010                PROVIDE (__fini_array_end, .)

.ctors
 *crtbegin.o(.ctors)
 *(EXCLUDE_FILE(*crtend.o) .ctors)
 *(SORT(.ctors.*))
 *(.ctors)

.dtors
 *crtbegin.o(.dtors)
 *(EXCLUDE_FILE(*crtend.o) .dtors)
 *(SORT(.dtors.*))
 *(.dtors)
                0x0000000000004010                __got_start__ = .

.got            0x0000000000004010       0xf0
 *(.got)
 .got           0x0000000000004010       0xf0 /opt/devkitpro/devkitA64/lib/gcc/aarch64-none-elf/7.2.0/../../../../aarch64-none-elf/lib/pic/switch_crt0.o
                0x0000000000004010                _GLOBAL_OFFSET_TABLE_
 *(.igot)

.got.plt        0x0000000000004100       0x18
 *(.got.plt)
 .got.plt       0x0000000000004100       0x18 /opt/devkitpro/devkitA64/lib/gcc/aarch64-none-elf/7.2.0/../../../../aarch64-none-elf/lib/pic/switch_crt0.o
 *(.igot.plt)
                0x0000000000004118                __got_end__ = .

.data           0x0000000000004118      0x970
 *(.data .data.* .gnu.linkonce.d.*)
 .data.rel.ro   0x0000000000004118        0x0 /opt/devkitpro/devkitA64/lib/gcc/aarch64-none-elf/7.2.0/../../../../aarch64-none-elf/lib/pic/switch_crt0.o
 .data.__nx_inner_heap_size
                0x0000000000004118        0x8 /opt/devkitpro/libnx/lib/libnx.a(init.o)
                0x0000000000004118                __nx_inner_heap_size
 .data.__nx_outer_heap_size
                0x0000000000004120        0x8 /opt/devkitpro/libnx/lib/libnx.a(init.o)
                0x0000000000004120                __nx_outer_heap_size
 .data.__nx_applet_auto_notifyrunning
                0x0000000000004128        0x1 /opt/devkitpro/libnx/lib/libnx.a(applet.o)
                0x0000000000004128                __nx_applet_auto_notifyrunning
 *fill*         0x0000000000004129        0x3 
 .data.__nx_applet_type
                0x000000000000412c        0x4 /opt/devkitpro/libnx/lib/libnx.a(applet.o)
                0x000000000000412c                __nx_applet_type
 .data.g_appletIAudioController
                0x0000000000004130        0x4 /opt/devkitpro/libnx/lib/libnx.a(applet.o)
 .data.g_appletICommonStateGetter
                0x0000000000004134        0x4 /opt/devkitpro/libnx/lib/libnx.a(applet.o)
 .data.g_appletIDebugFunctions
                0x0000000000004138        0x4 /opt/devkitpro/libnx/lib/libnx.a(applet.o)
 .data.g_appletIDisplayController
                0x000000000000413c        0x4 /opt/devkitpro/libnx/lib/libnx.a(applet.o)
 .data.g_appletIFunctions
                0x0000000000004140        0x4 /opt/devkitpro/libnx/lib/libnx.a(applet.o)
 .data.g_appletILibraryAppletCreator
                0x0000000000004144        0x4 /opt/devkitpro/libnx/lib/libnx.a(applet.o)
 .data.g_appletISelfController
                0x0000000000004148        0x4 /opt/devkitpro/libnx/lib/libnx.a(applet.o)
 .data.g_appletIWindowController
                0x000000000000414c        0x4 /opt/devkitpro/libnx/lib/libnx.a(applet.o)
 .data.g_appletMessageEventHandle
                0x0000000000004150        0x4 /opt/devkitpro/libnx/lib/libnx.a(applet.o)
 .data.g_appletProxySession
                0x0000000000004154        0x4 /opt/devkitpro/libnx/lib/libnx.a(applet.o)
 .data.g_appletServiceSession
                0x0000000000004158        0x4 /opt/devkitpro/libnx/lib/libnx.a(applet.o)
 .data.g_hidIAppletResource
                0x000000000000415c        0x4 /opt/devkitpro/libnx/lib/libnx.a(hid.o)
 .data.g_hidServiceSession
                0x0000000000004160        0x4 /opt/devkitpro/libnx/lib/libnx.a(hid.o)
 .data.g_smHandle
                0x0000000000004164        0x4 /opt/devkitpro/libnx/lib/libnx.a(sm.o)
 .data.g_fsHandle
                0x0000000000004168        0x4 /opt/devkitpro/libnx/lib/libnx.a(fs.o)
 *fill*         0x000000000000416c        0x4 
 .data.rel.local._impure_ptr
                0x0000000000004170        0x8 /opt/devkitpro/devkitA64/lib/gcc/aarch64-none-elf/7.2.0/../../../../aarch64-none-elf/lib/pic/libg.a(lib_a-impure.o)
                0x0000000000004170                _impure_ptr
 .data.rel.local.impure_data
                0x0000000000004178      0x768 /opt/devkitpro/devkitA64/lib/gcc/aarch64-none-elf/7.2.0/../../../../aarch64-none-elf/lib/pic/libg.a(lib_a-impure.o)
 .data.rel.__global_locale
                0x00000000000048e0      0x1a8 /opt/devkitpro/devkitA64/lib/gcc/aarch64-none-elf/7.2.0/../../../../aarch64-none-elf/lib/pic/libg.a(lib_a-locale.o)
                0x00000000000048e0                __global_locale
                0x0000000000004a88                __bss_start__ = .

.tm_clone_table
                0x0000000000004a88        0x0
 .tm_clone_table
                0x0000000000004a88        0x0 /opt/devkitpro/devkitA64/lib/gcc/aarch64-none-elf/7.2.0/pic/crtbegin.o
 .tm_clone_table
                0x0000000000004a88        0x0 /opt/devkitpro/devkitA64/lib/gcc/aarch64-none-elf/7.2.0/pic/crtend.o

.bss            0x0000000000004a88   0x2008a8
 *(.dynbss)
 .dynbss        0x0000000000004a88        0x0 /opt/devkitpro/devkitA64/lib/gcc/aarch64-none-elf/7.2.0/../../../../aarch64-none-elf/lib/pic/switch_crt0.o
 *(.bss .bss.* .gnu.linkonce.b.*)
 .bss.completed.5082
                0x0000000000004a88        0x1 /opt/devkitpro/devkitA64/lib/gcc/aarch64-none-elf/7.2.0/pic/crtbegin.o
 *fill*         0x0000000000004a89        0x7 
 .bss.object.5087
                0x0000000000004a90       0x30 /opt/devkitpro/devkitA64/lib/gcc/aarch64-none-elf/7.2.0/pic/crtbegin.o
 .bss.__nx_inner_heap
                0x0000000000004ac0   0x200000 /opt/devkitpro/libnx/lib/libnx.a(init.o)
                0x0000000000004ac0                __nx_inner_heap
 .bss.g_AddressSpace
                0x0000000000204ac0       0x10 /opt/devkitpro/libnx/lib/libnx.a(virtmem.o)
 .bss.g_CurrentAddr
                0x0000000000204ad0        0x8 /opt/devkitpro/libnx/lib/libnx.a(virtmem.o)
 .bss.g_Region  0x0000000000204ad8       0x30 /opt/devkitpro/libnx/lib/libnx.a(virtmem.o)
 .bss.g_appletResourceUserId
                0x0000000000204b08        0x8 /opt/devkitpro/libnx/lib/libnx.a(applet.o)
 .bss.g_controllerDown
                0x0000000000204b10       0x50 /opt/devkitpro/libnx/lib/libnx.a(hid.o)
 .bss.g_controllerEntries
                0x0000000000204b60      0x1e0 /opt/devkitpro/libnx/lib/libnx.a(hid.o)
 .bss.g_controllerHeld
                0x0000000000204d40       0x50 /opt/devkitpro/libnx/lib/libnx.a(hid.o)
 .bss.g_controllerLayout
                0x0000000000204d90       0x28 /opt/devkitpro/libnx/lib/libnx.a(hid.o)
 .bss.g_controllerOld
                0x0000000000204db8       0x50 /opt/devkitpro/libnx/lib/libnx.a(hid.o)
 .bss.g_controllerTimestamps
                0x0000000000204e08       0x50 /opt/devkitpro/libnx/lib/libnx.a(hid.o)
 .bss.g_controllerUp
                0x0000000000204e58       0x50 /opt/devkitpro/libnx/lib/libnx.a(hid.o)
 .bss.g_hidSharedmem
                0x0000000000204ea8       0x20 /opt/devkitpro/libnx/lib/libnx.a(hid.o)
 .bss.g_keyboardDown
                0x0000000000204ec8       0x20 /opt/devkitpro/libnx/lib/libnx.a(hid.o)
 .bss.g_keyboardEntry
                0x0000000000204ee8       0x38 /opt/devkitpro/libnx/lib/libnx.a(hid.o)
 .bss.g_keyboardHeld
                0x0000000000204f20       0x20 /opt/devkitpro/libnx/lib/libnx.a(hid.o)
 .bss.g_keyboardModDown
                0x0000000000204f40        0x8 /opt/devkitpro/libnx/lib/libnx.a(hid.o)
 .bss.g_keyboardModHeld
                0x0000000000204f48        0x8 /opt/devkitpro/libnx/lib/libnx.a(hid.o)
 .bss.g_keyboardModOld
                0x0000000000204f50        0x8 /opt/devkitpro/libnx/lib/libnx.a(hid.o)
 .bss.g_keyboardModUp
                0x0000000000204f58        0x8 /opt/devkitpro/libnx/lib/libnx.a(hid.o)
 .bss.g_keyboardOld
                0x0000000000204f60       0x20 /opt/devkitpro/libnx/lib/libnx.a(hid.o)
 .bss.g_keyboardTimestamp
                0x0000000000204f80        0x8 /opt/devkitpro/libnx/lib/libnx.a(hid.o)
 .bss.g_keyboardUp
                0x0000000000204f88       0x20 /opt/devkitpro/libnx/lib/libnx.a(hid.o)
 .bss.g_mouseDown
                0x0000000000204fa8        0x8 /opt/devkitpro/libnx/lib/libnx.a(hid.o)
 .bss.g_mouseEntry
                0x0000000000204fb0       0x30 /opt/devkitpro/libnx/lib/libnx.a(hid.o)
 .bss.g_mouseHeld
                0x0000000000204fe0        0x8 /opt/devkitpro/libnx/lib/libnx.a(hid.o)
 .bss.g_mouseOld
                0x0000000000204fe8        0x8 /opt/devkitpro/libnx/lib/libnx.a(hid.o)
 .bss.g_mouseTimestamp
                0x0000000000204ff0        0x8 /opt/devkitpro/libnx/lib/libnx.a(hid.o)
 .bss.g_mouseUp
                0x0000000000204ff8        0x8 /opt/devkitpro/libnx/lib/libnx.a(hid.o)
 .bss.g_touchEntry
                0x0000000000205000      0x298 /opt/devkitpro/libnx/lib/libnx.a(hid.o)
 .bss.g_touchTimestamp
                0x0000000000205298        0x8 /opt/devkitpro/libnx/lib/libnx.a(hid.o)
 .bss.fake_heap_end
                0x00000000002052a0        0x8 /opt/devkitpro/devkitA64/lib/gcc/aarch64-none-elf/7.2.0/../../../../aarch64-none-elf/lib/pic/libsysbase.a(malloc_vars.o)
                0x00000000002052a0                fake_heap_end
 .bss.fake_heap_start
                0x00000000002052a8        0x8 /opt/devkitpro/devkitA64/lib/gcc/aarch64-none-elf/7.2.0/../../../../aarch64-none-elf/lib/pic/libsysbase.a(malloc_vars.o)
                0x00000000002052a8                fake_heap_start
 .bss.__syscalls
                0x00000000002052b0       0x70 /opt/devkitpro/devkitA64/lib/gcc/aarch64-none-elf/7.2.0/../../../../aarch64-none-elf/lib/pic/libsysbase.a(syscall_support.o)
                0x00000000002052b0                __syscalls
 *(COMMON)
 COMMON         0x0000000000205320        0xc /opt/devkitpro/libnx/lib/libnx.a(initArgv.o)
                0x0000000000205320                __system_argv
                0x0000000000205328                __system_argc
                0x0000000000205330                . = ALIGN (0x8)
 *fill*         0x000000000020532c        0x4 
                0x0000000000205330                __tls_start = .
                0x0000000000205330                . = (. + (SIZEOF (.tdata) + SIZEOF (.tbss)))
                0x0000000000205330                __tls_end = .
                0x0000000000205330                __bss_end__ = .
                0x0000000000205330                __end__ = ABSOLUTE (.)
                0x0000000000206000                . = ALIGN (0x1000)
                0x0000000000206000                __argdata__ = ABSOLUTE (.)

/DISCARD/
 *(.group .comment .note)

.stab
 *(.stab)

.stabstr
 *(.stabstr)

.stab.excl
 *(.stab.excl)

.stab.exclstr
 *(.stab.exclstr)

.stab.index
 *(.stab.index)

.stab.indexstr
 *(.stab.indexstr)

.debug
 *(.debug)

.line
 *(.line)

.debug_srcinfo
 *(.debug_srcinfo)

.debug_sfnames
 *(.debug_sfnames)

.debug_aranges  0x0000000000000000      0xb30
 *(.debug_aranges)
 .debug_aranges
                0x0000000000000000       0x30 main.o
 .debug_aranges
                0x0000000000000030       0x30 /opt/devkitpro/libnx/lib/libnx.a(dynamic.o)
 .debug_aranges
                0x0000000000000060       0x60 /opt/devkitpro/libnx/lib/libnx.a(init.o)
 .debug_aranges
                0x00000000000000c0       0x50 /opt/devkitpro/libnx/lib/libnx.a(newlib.o)
 .debug_aranges
                0x0000000000000110       0x30 /opt/devkitpro/libnx/lib/libnx.a(initArgv.o)
 .debug_aranges
                0x0000000000000140       0x60 /opt/devkitpro/libnx/lib/libnx.a(mutex.o)
 .debug_aranges
                0x00000000000001a0       0x70 /opt/devkitpro/libnx/lib/libnx.a(virtmem.o)
 .debug_aranges
                0x0000000000000210      0x100 /opt/devkitpro/libnx/lib/libnx.a(applet.o)
 .debug_aranges
                0x0000000000000310      0x1a0 /opt/devkitpro/libnx/lib/libnx.a(hid.o)
 .debug_aranges
                0x00000000000004b0       0x80 /opt/devkitpro/libnx/lib/libnx.a(sm.o)
 .debug_aranges
                0x0000000000000530       0x30 /opt/devkitpro/libnx/lib/libnx.a(fatal.o)
 .debug_aranges
                0x0000000000000560      0x1f0 /opt/devkitpro/libnx/lib/libnx.a(fs.o)
 .debug_aranges
                0x0000000000000750      0x360 /opt/devkitpro/libnx/lib/libnx.a(svc.o)
 .debug_aranges
                0x0000000000000ab0       0x80 /opt/devkitpro/libnx/lib/libnx.a(shmem.o)

.debug_pubnames
 *(.debug_pubnames)

.debug_info     0x0000000000000000    0x1311a
 *(.debug_info)
 .debug_info    0x0000000000000000      0x974 main.o
 .debug_info    0x0000000000000974      0xace /opt/devkitpro/libnx/lib/libnx.a(dynamic.o)
 .debug_info    0x0000000000001442      0xc74 /opt/devkitpro/libnx/lib/libnx.a(init.o)
 .debug_info    0x00000000000020b6     0x1436 /opt/devkitpro/libnx/lib/libnx.a(newlib.o)
 .debug_info    0x00000000000034ec      0xc06 /opt/devkitpro/libnx/lib/libnx.a(initArgv.o)
 .debug_info    0x00000000000040f2      0xc64 /opt/devkitpro/libnx/lib/libnx.a(mutex.o)
 .debug_info    0x0000000000004d56      0xf05 /opt/devkitpro/libnx/lib/libnx.a(virtmem.o)
 .debug_info    0x0000000000005c5b     0x2c8a /opt/devkitpro/libnx/lib/libnx.a(applet.o)
 .debug_info    0x00000000000088e5     0x2bde /opt/devkitpro/libnx/lib/libnx.a(hid.o)
 .debug_info    0x000000000000b4c3     0x19a2 /opt/devkitpro/libnx/lib/libnx.a(sm.o)
 .debug_info    0x000000000000ce65      0xed0 /opt/devkitpro/libnx/lib/libnx.a(fatal.o)
 .debug_info    0x000000000000dd35     0x4777 /opt/devkitpro/libnx/lib/libnx.a(fs.o)
 .debug_info    0x00000000000124ac       0x22 /opt/devkitpro/libnx/lib/libnx.a(svc.o)
 .debug_info    0x00000000000124ce      0xc4c /opt/devkitpro/libnx/lib/libnx.a(shmem.o)

.debug_abbrev   0x0000000000000000     0x2a1f
 *(.debug_abbrev)
 .debug_abbrev  0x0000000000000000      0x1d2 main.o
 .debug_abbrev  0x00000000000001d2      0x22e /opt/devkitpro/libnx/lib/libnx.a(dynamic.o)
 .debug_abbrev  0x0000000000000400      0x2e4 /opt/devkitpro/libnx/lib/libnx.a(init.o)
 .debug_abbrev  0x00000000000006e4      0x2dd /opt/devkitpro/libnx/lib/libnx.a(newlib.o)
 .debug_abbrev  0x00000000000009c1      0x262 /opt/devkitpro/libnx/lib/libnx.a(initArgv.o)
 .debug_abbrev  0x0000000000000c23      0x2bd /opt/devkitpro/libnx/lib/libnx.a(mutex.o)
 .debug_abbrev  0x0000000000000ee0      0x34a /opt/devkitpro/libnx/lib/libnx.a(virtmem.o)
 .debug_abbrev  0x000000000000122a      0x4bf /opt/devkitpro/libnx/lib/libnx.a(applet.o)
 .debug_abbrev  0x00000000000016e9      0x4f6 /opt/devkitpro/libnx/lib/libnx.a(hid.o)
 .debug_abbrev  0x0000000000001bdf      0x3bc /opt/devkitpro/libnx/lib/libnx.a(sm.o)
 .debug_abbrev  0x0000000000001f9b      0x2e3 /opt/devkitpro/libnx/lib/libnx.a(fatal.o)
 .debug_abbrev  0x000000000000227e      0x4d3 /opt/devkitpro/libnx/lib/libnx.a(fs.o)
 .debug_abbrev  0x0000000000002751       0x12 /opt/devkitpro/libnx/lib/libnx.a(svc.o)
 .debug_abbrev  0x0000000000002763      0x2bc /opt/devkitpro/libnx/lib/libnx.a(shmem.o)

.debug_line     0x0000000000000000     0x3de7
 *(.debug_line)
 .debug_line    0x0000000000000000      0x1b2 main.o
 .debug_line    0x00000000000001b2      0x225 /opt/devkitpro/libnx/lib/libnx.a(dynamic.o)
 .debug_line    0x00000000000003d7      0x248 /opt/devkitpro/libnx/lib/libnx.a(init.o)
 .debug_line    0x000000000000061f      0x362 /opt/devkitpro/libnx/lib/libnx.a(newlib.o)
 .debug_line    0x0000000000000981      0x26f /opt/devkitpro/libnx/lib/libnx.a(initArgv.o)
 .debug_line    0x0000000000000bf0      0x277 /opt/devkitpro/libnx/lib/libnx.a(mutex.o)
 .debug_line    0x0000000000000e67      0x29e /opt/devkitpro/libnx/lib/libnx.a(virtmem.o)
 .debug_line    0x0000000000001105      0x87a /opt/devkitpro/libnx/lib/libnx.a(applet.o)
 .debug_line    0x000000000000197f      0x6aa /opt/devkitpro/libnx/lib/libnx.a(hid.o)
 .debug_line    0x0000000000002029      0x45d /opt/devkitpro/libnx/lib/libnx.a(sm.o)
 .debug_line    0x0000000000002486      0x216 /opt/devkitpro/libnx/lib/libnx.a(fatal.o)
 .debug_line    0x000000000000269c     0x100d /opt/devkitpro/libnx/lib/libnx.a(fs.o)
 .debug_line    0x00000000000036a9      0x4d2 /opt/devkitpro/libnx/lib/libnx.a(svc.o)
 .debug_line    0x0000000000003b7b      0x26c /opt/devkitpro/libnx/lib/libnx.a(shmem.o)

.debug_frame    0x0000000000000000     0x1468
 *(.debug_frame)
 .debug_frame   0x0000000000000000       0x38 main.o
 .debug_frame   0x0000000000000038       0x38 /opt/devkitpro/libnx/lib/libnx.a(dynamic.o)
 .debug_frame   0x0000000000000070       0xb8 /opt/devkitpro/libnx/lib/libnx.a(init.o)
 .debug_frame   0x0000000000000128       0x68 /opt/devkitpro/libnx/lib/libnx.a(newlib.o)
 .debug_frame   0x0000000000000190       0x98 /opt/devkitpro/libnx/lib/libnx.a(initArgv.o)
 .debug_frame   0x0000000000000228       0xa0 /opt/devkitpro/libnx/lib/libnx.a(mutex.o)
 .debug_frame   0x00000000000002c8      0x140 /opt/devkitpro/libnx/lib/libnx.a(virtmem.o)
 .debug_frame   0x0000000000000408      0x3b8 /opt/devkitpro/libnx/lib/libnx.a(applet.o)
 .debug_frame   0x00000000000007c0      0x390 /opt/devkitpro/libnx/lib/libnx.a(hid.o)
 .debug_frame   0x0000000000000b50      0x160 /opt/devkitpro/libnx/lib/libnx.a(sm.o)
 .debug_frame   0x0000000000000cb0       0x38 /opt/devkitpro/libnx/lib/libnx.a(fatal.o)
 .debug_frame   0x0000000000000ce8      0x678 /opt/devkitpro/libnx/lib/libnx.a(fs.o)
 .debug_frame   0x0000000000001360      0x108 /opt/devkitpro/libnx/lib/libnx.a(shmem.o)

.debug_str      0x0000000000000000     0x2dea
 *(.debug_str)
 .debug_str     0x0000000000000000      0x553 main.o
                                        0x5f7 (size before relaxing)
 .debug_str     0x0000000000000553      0x175 /opt/devkitpro/libnx/lib/libnx.a(dynamic.o)
                                        0x687 (size before relaxing)
 .debug_str     0x00000000000006c8      0x194 /opt/devkitpro/libnx/lib/libnx.a(init.o)
                                        0x74c (size before relaxing)
 .debug_str     0x000000000000085c      0x489 /opt/devkitpro/libnx/lib/libnx.a(newlib.o)
                                        0xb28 (size before relaxing)
 .debug_str     0x0000000000000ce5      0x161 /opt/devkitpro/libnx/lib/libnx.a(initArgv.o)
                                        0x759 (size before relaxing)
 .debug_str     0x0000000000000e46       0x7a /opt/devkitpro/libnx/lib/libnx.a(mutex.o)
                                        0x6b1 (size before relaxing)
 .debug_str     0x0000000000000ec0      0x112 /opt/devkitpro/libnx/lib/libnx.a(virtmem.o)
                                        0x763 (size before relaxing)
 .debug_str     0x0000000000000fd2      0x622 /opt/devkitpro/libnx/lib/libnx.a(applet.o)
                                        0xccd (size before relaxing)
 .debug_str     0x00000000000015f4     0x12d5 /opt/devkitpro/libnx/lib/libnx.a(hid.o)
                                       0x1bcd (size before relaxing)
 .debug_str     0x00000000000028c9       0xc2 /opt/devkitpro/libnx/lib/libnx.a(sm.o)
                                        0x932 (size before relaxing)
 .debug_str     0x000000000000298b       0x34 /opt/devkitpro/libnx/lib/libnx.a(fatal.o)
                                        0x80a (size before relaxing)
 .debug_str     0x00000000000029bf      0x35f /opt/devkitpro/libnx/lib/libnx.a(fs.o)
                                        0xc08 (size before relaxing)
 .debug_str     0x0000000000002d1e       0x36 /opt/devkitpro/libnx/lib/libnx.a(svc.o)
                                         0x52 (size before relaxing)
 .debug_str     0x0000000000002d54       0x96 /opt/devkitpro/libnx/lib/libnx.a(shmem.o)
                                        0x70d (size before relaxing)

.debug_loc      0x0000000000000000     0xcc94
 *(.debug_loc)
 .debug_loc     0x0000000000000000       0x72 main.o
 .debug_loc     0x0000000000000072      0x180 /opt/devkitpro/libnx/lib/libnx.a(dynamic.o)
 .debug_loc     0x00000000000001f2      0x101 /opt/devkitpro/libnx/lib/libnx.a(init.o)
 .debug_loc     0x00000000000002f3       0x71 /opt/devkitpro/libnx/lib/libnx.a(newlib.o)
 .debug_loc     0x0000000000000364      0x49b /opt/devkitpro/libnx/lib/libnx.a(initArgv.o)
 .debug_loc     0x00000000000007ff      0x1ac /opt/devkitpro/libnx/lib/libnx.a(mutex.o)
 .debug_loc     0x00000000000009ab      0x58b /opt/devkitpro/libnx/lib/libnx.a(virtmem.o)
 .debug_loc     0x0000000000000f36     0x2e5b /opt/devkitpro/libnx/lib/libnx.a(applet.o)
 .debug_loc     0x0000000000003d91     0x1472 /opt/devkitpro/libnx/lib/libnx.a(hid.o)
 .debug_loc     0x0000000000005203     0x10ef /opt/devkitpro/libnx/lib/libnx.a(sm.o)
 .debug_loc     0x00000000000062f2      0x1e9 /opt/devkitpro/libnx/lib/libnx.a(fatal.o)
 .debug_loc     0x00000000000064db     0x6426 /opt/devkitpro/libnx/lib/libnx.a(fs.o)
 .debug_loc     0x000000000000c901      0x393 /opt/devkitpro/libnx/lib/libnx.a(shmem.o)

.debug_macinfo
 *(.debug_macinfo)
LOAD /opt/devkitpro/devkitA64/lib/gcc/aarch64-none-elf/7.2.0/../../../../aarch64-none-elf/lib/pic/switch_crt0.o
LOAD /opt/devkitpro/devkitA64/lib/gcc/aarch64-none-elf/7.2.0/pic/crti.o
LOAD /opt/devkitpro/devkitA64/lib/gcc/aarch64-none-elf/7.2.0/pic/crtbegin.o
LOAD main.o
LOAD /opt/devkitpro/libnx/lib/libnx.a
START GROUP
LOAD /opt/devkitpro/devkitA64/lib/gcc/aarch64-none-elf/7.2.0/pic/libgcc.a
LOAD /opt/devkitpro/devkitA64/lib/gcc/aarch64-none-elf/7.2.0/../../../../aarch64-none-elf/lib/pic/libg.a
LOAD /opt/devkitpro/devkitA64/lib/gcc/aarch64-none-elf/7.2.0/../../../../aarch64-none-elf/lib/pic/libc.a
LOAD /opt/devkitpro/devkitA64/lib/gcc/aarch64-none-elf/7.2.0/../../../../aarch64-none-elf/lib/pic/libsysbase.a
END GROUP
LOAD /opt/devkitpro/devkitA64/lib/gcc/aarch64-none-elf/7.2.0/pic/crtend.o
LOAD /opt/devkitpro/devkitA64/lib/gcc/aarch64-none-elf/7.2.0/pic/crtn.o
OUTPUT(/mnt/c/Users/Shea/Documents/switch-emu/switch-emu/test/libnx_test/libnx_test.elf elf64-littleaarch64)

.debug_ranges   0x0000000000000000     0x3090
 .debug_ranges  0x0000000000000000       0x20 main.o
 .debug_ranges  0x0000000000000020       0x20 /opt/devkitpro/libnx/lib/libnx.a(dynamic.o)
 .debug_ranges  0x0000000000000040       0x90 /opt/devkitpro/libnx/lib/libnx.a(init.o)
 .debug_ranges  0x00000000000000d0       0x40 /opt/devkitpro/libnx/lib/libnx.a(newlib.o)
 .debug_ranges  0x0000000000000110       0x20 /opt/devkitpro/libnx/lib/libnx.a(initArgv.o)
 .debug_ranges  0x0000000000000130       0xb0 /opt/devkitpro/libnx/lib/libnx.a(mutex.o)
 .debug_ranges  0x00000000000001e0      0x110 /opt/devkitpro/libnx/lib/libnx.a(virtmem.o)
 .debug_ranges  0x00000000000002f0      0x700 /opt/devkitpro/libnx/lib/libnx.a(applet.o)
 .debug_ranges  0x00000000000009f0      0x4b0 /opt/devkitpro/libnx/lib/libnx.a(hid.o)
 .debug_ranges  0x0000000000000ea0      0x390 /opt/devkitpro/libnx/lib/libnx.a(sm.o)
 .debug_ranges  0x0000000000001230       0x80 /opt/devkitpro/libnx/lib/libnx.a(fatal.o)
 .debug_ranges  0x00000000000012b0     0x19d0 /opt/devkitpro/libnx/lib/libnx.a(fs.o)
 .debug_ranges  0x0000000000002c80      0x360 /opt/devkitpro/libnx/lib/libnx.a(svc.o)
 .debug_ranges  0x0000000000002fe0       0xb0 /opt/devkitpro/libnx/lib/libnx.a(shmem.o)
