Archive member included to satisfy reference by file (symbol)

/opt/devkitpro/libnx/lib/libnx.a(dynamic.o)
                              /opt/devkitpro/devkitA64/lib/gcc/aarch64-none-elf/7.2.0/../../../../aarch64-none-elf/lib/pic/switch_crt0.o (__nx_dynamic)
/opt/devkitpro/libnx/lib/libnx.a(init.o)
                              /opt/devkitpro/devkitA64/lib/gcc/aarch64-none-elf/7.2.0/../../../../aarch64-none-elf/lib/pic/switch_crt0.o (__libnx_init)
/opt/devkitpro/libnx/lib/libnx.a(newlib.o)
                              /opt/devkitpro/libnx/lib/libnx.a(init.o) (newlibSetup)
/opt/devkitpro/libnx/lib/libnx.a(initArgv.o)
                              /opt/devkitpro/libnx/lib/libnx.a(init.o) (__system_initArgv)
/opt/devkitpro/libnx/lib/libnx.a(mutex.o)
                              /opt/devkitpro/libnx/lib/libnx.a(newlib.o) (mutexLock)
/opt/devkitpro/libnx/lib/libnx.a(virtmem.o)
                              /opt/devkitpro/libnx/lib/libnx.a(init.o) (virtmemSetup)
/opt/devkitpro/libnx/lib/libnx.a(applet.o)
                              /opt/devkitpro/libnx/lib/libnx.a(init.o) (appletExit)
/opt/devkitpro/libnx/lib/libnx.a(hid.o)
                              /opt/devkitpro/libnx/lib/libnx.a(init.o) (hidExit)
/opt/devkitpro/libnx/lib/libnx.a(sm.o)
                              /opt/devkitpro/libnx/lib/libnx.a(init.o) (smExit)
/opt/devkitpro/libnx/lib/libnx.a(fatal.o)
                              /opt/devkitpro/libnx/lib/libnx.a(dynamic.o) (fatalSimple)
/opt/devkitpro/libnx/lib/libnx.a(fs.o)
                              /opt/devkitpro/libnx/lib/libnx.a(init.o) (fsInitialize)
/opt/devkitpro/libnx/lib/libnx.a(gfx.o)
                              main.o (gfxExit)
/opt/devkitpro/libnx/lib/libnx.a(nvgfx.o)
                              /opt/devkitpro/libnx/lib/libnx.a(gfx.o) (nvgfxInitialize)
/opt/devkitpro/libnx/lib/libnx.a(channel.o)
                              /opt/devkitpro/libnx/lib/libnx.a(nvgfx.o) (nvioctlChannel_SetNvmapFd)
/opt/devkitpro/libnx/lib/libnx.a(nvhost-ctrl.o)
                              /opt/devkitpro/libnx/lib/libnx.a(nvgfx.o) (nvioctlNvhostCtrl_EventWait)
/opt/devkitpro/libnx/lib/libnx.a(nvhost-ctrl-gpu.o)
                              /opt/devkitpro/libnx/lib/libnx.a(nvgfx.o) (nvioctlNvhostCtrlGpu_ZCullGetCtxSize)
/opt/devkitpro/libnx/lib/libnx.a(nvhost-as-gpu.o)
                              /opt/devkitpro/libnx/lib/libnx.a(nvgfx.o) (nvioctlNvhostAsGpu_BindChannel)
/opt/devkitpro/libnx/lib/libnx.a(nvmap.o)
                              /opt/devkitpro/libnx/lib/libnx.a(nvgfx.o) (nvioctlNvmap_Create)
/opt/devkitpro/libnx/lib/libnx.a(console.o)
                              main.o (consoleInit)
/opt/devkitpro/libnx/lib/libnx.a(cache.o)
                              /opt/devkitpro/libnx/lib/libnx.a(gfx.o) (armDCacheFlush)
/opt/devkitpro/libnx/lib/libnx.a(svc.o)
                              /opt/devkitpro/libnx/lib/libnx.a(init.o) (svcSetHeapSize)
/opt/devkitpro/libnx/lib/libnx.a(default_font.bin.o)
                              /opt/devkitpro/libnx/lib/libnx.a(console.o) (default_font_bin)
/opt/devkitpro/libnx/lib/libnx.a(shmem.o)
                              /opt/devkitpro/libnx/lib/libnx.a(hid.o) (shmemLoadRemote)
/opt/devkitpro/libnx/lib/libnx.a(version.o)
                              /opt/devkitpro/libnx/lib/libnx.a(applet.o) (kernelAbove200)
/opt/devkitpro/libnx/lib/libnx.a(nv.o)
                              /opt/devkitpro/libnx/lib/libnx.a(gfx.o) (nvInitialize)
/opt/devkitpro/libnx/lib/libnx.a(vi.o)
                              /opt/devkitpro/libnx/lib/libnx.a(gfx.o) (viExit)
/opt/devkitpro/libnx/lib/libnx.a(buffer_producer.o)
                              /opt/devkitpro/libnx/lib/libnx.a(gfx.o) (bufferProducerInitialize)
/opt/devkitpro/libnx/lib/libnx.a(binder.o)
                              /opt/devkitpro/libnx/lib/libnx.a(gfx.o) (binderCreateSession)
/opt/devkitpro/libnx/lib/libnx.a(parcel.o)
                              /opt/devkitpro/libnx/lib/libnx.a(buffer_producer.o) (parcelInitialize)
/opt/devkitpro/libnx/lib/libnx.a(tmem.o)
                              /opt/devkitpro/libnx/lib/libnx.a(nv.o) (tmemCreate)
/opt/devkitpro/devkitA64/lib/gcc/aarch64-none-elf/7.2.0/../../../../aarch64-none-elf/lib/pic/libg.a(lib_a-fini.o)
                              /opt/devkitpro/libnx/lib/libnx.a(init.o) (__libc_fini_array)
/opt/devkitpro/devkitA64/lib/gcc/aarch64-none-elf/7.2.0/../../../../aarch64-none-elf/lib/pic/libg.a(lib_a-impure.o)
                              /opt/devkitpro/libnx/lib/libnx.a(newlib.o) (_impure_ptr)
/opt/devkitpro/devkitA64/lib/gcc/aarch64-none-elf/7.2.0/../../../../aarch64-none-elf/lib/pic/libg.a(lib_a-init.o)
                              /opt/devkitpro/libnx/lib/libnx.a(init.o) (__libc_init_array)
/opt/devkitpro/devkitA64/lib/gcc/aarch64-none-elf/7.2.0/../../../../aarch64-none-elf/lib/pic/libg.a(lib_a-iprintf.o)
                              /opt/devkitpro/libnx/lib/libnx.a(console.o) (iprintf)
[...]
Memory Configuration

Name             Origin             Length             Attributes
*default*        0x0000000000000000 0xffffffffffffffff

Linker script and memory map

                0x0000000000000000                PROVIDE (__start__, 0x0)
                0x0000000000000000                . = __start__

.crt0           0x0000000000000000       0xe8
 *(.crt0)
 .crt0          0x0000000000000000       0xe8 /opt/devkitpro/devkitA64/lib/gcc/aarch64-none-elf/7.2.0/../../../../aarch64-none-elf/lib/pic/switch_crt0.o
                0x0000000000000000                _start
                0x00000000000000e8                . = ALIGN (0x8)

.init           0x00000000000000e8       0x38
 *(.init)
 .init          0x00000000000000e8       0x18 /opt/devkitpro/devkitA64/lib/gcc/aarch64-none-elf/7.2.0/pic/crti.o
                0x00000000000000e8                _init
 .init          0x0000000000000100       0x1c /opt/devkitpro/devkitA64/lib/gcc/aarch64-none-elf/7.2.0/pic/crtn.o
                0x0000000000000120                . = ALIGN (0x8)
 *fill*         0x000000000000011c        0x4 

.plt            0x0000000000000120        0x0
 *(.plt)
 .plt           0x0000000000000120        0x0 /opt/devkitpro/devkitA64/lib/gcc/aarch64-none-elf/7.2.0/../../../../aarch64-none-elf/lib/pic/switch_crt0.o
 *(.iplt)
                0x0000000000000120                . = ALIGN (0x8)

.text           0x0000000000000140    0x1cf18
 *(.text.unlikely .text.*_unlikely .text.unlikely.*)
 .text.unlikely.sulp
                0x0000000000000140       0x54 /opt/devkitpro/devkitA64/lib/gcc/aarch64-none-elf/7.2.0/../../../../aarch64-none-elf/lib/pic/libg.a(lib_a-strtod.o)
 *(.text.exit .text.exit.*)
 *(.text.startup .text.startup.*)
 *fill*         0x0000000000000194        0x4 
 .text.startup  0x0000000000000198       0x84 main.o
                0x0000000000000198                main
 *(.text.hot .text.hot.*)
 *(.text .stub .text.* .gnu.linkonce.t.*)
 *fill*         0x000000000000021c        0x4 
 .text.deregister_tm_clones
                0x0000000000000220       0x2c /opt/devkitpro/devkitA64/lib/gcc/aarch64-none-elf/7.2.0/pic/crtbegin.o
 *fill*         0x000000000000024c        0x4 
 .text.register_tm_clones
                0x0000000000000250       0x3c /opt/devkitpro/devkitA64/lib/gcc/aarch64-none-elf/7.2.0/pic/crtbegin.o
 *fill*         0x000000000000028c        0x4 
 .text.__do_global_dtors_aux
                0x0000000000000290       0x48 /opt/devkitpro/devkitA64/lib/gcc/aarch64-none-elf/7.2.0/pic/crtbegin.o
 .text.frame_dummy
                0x00000000000002d8       0x34 /opt/devkitpro/devkitA64/lib/gcc/aarch64-none-elf/7.2.0/pic/crtbegin.o
 *fill*         0x000000000000030c        0x4 
 .text.__nx_dynamic
                0x0000000000000310       0xa4 /opt/devkitpro/libnx/lib/libnx.a(dynamic.o)
                0x0000000000000310                __nx_dynamic
 *fill*         0x00000000000003b4        0x4 
 .text.__appInit
                0x00000000000003b8       0x1c /opt/devkitpro/libnx/lib/libnx.a(init.o)
                0x00000000000003b8                __appInit
 *fill*         0x00000000000003d4        0x4 
 .text.__appExit
                0x00000000000003d8       0x1c /opt/devkitpro/libnx/lib/libnx.a(init.o)
                0x00000000000003d8                __appExit
 *fill*         0x00000000000003f4        0x4 
 .text.__libnx_init
                0x00000000000003f8       0x84 /opt/devkitpro/libnx/lib/libnx.a(init.o)
                0x00000000000003f8                __libnx_init
 *fill*         0x000000000000047c        0x4 
 .text.__libnx_exit
                0x0000000000000480       0x14 /opt/devkitpro/libnx/lib/libnx.a(init.o)
                0x0000000000000480                __libnx_exit
 *fill*         0x0000000000000494        0x4 
 .text.mutexInit
                0x0000000000000498        0x8 /opt/devkitpro/libnx/lib/libnx.a(newlib.o)
 .text.__libnx_get_reent
                0x00000000000004a0       0x34 /opt/devkitpro/libnx/lib/libnx.a(newlib.o)
 *fill*         0x00000000000004d4        0x4 
 .text.newlibSetup
                0x00000000000004d8       0x9c /opt/devkitpro/libnx/lib/libnx.a(newlib.o)
                0x00000000000004d8                newlibSetup
 *fill*         0x0000000000000574        0x4 
 .text.__system_initArgv
                0x0000000000000578      0x2a0 /opt/devkitpro/libnx/lib/libnx.a(initArgv.o)
                0x0000000000000578                __system_initArgv
 .text.mutexLock
                0x0000000000000818       0x94 /opt/devkitpro/libnx/lib/libnx.a(mutex.o)
                0x0000000000000818                mutexLock
 *fill*         0x00000000000008ac        0x4 
 .text.mutexUnlock
                0x00000000000008b0       0x24 /opt/devkitpro/libnx/lib/libnx.a(mutex.o)
                0x00000000000008b0                mutexUnlock
 *fill*         0x00000000000008d4        0x4 
 .text._GetRegionFromInfo
                0x00000000000008d8       0x68 /opt/devkitpro/libnx/lib/libnx.a(virtmem.o)
 .text.virtmemSetup
                0x0000000000000940       0x84 /opt/devkitpro/libnx/lib/libnx.a(virtmem.o)
                0x0000000000000940                virtmemSetup
 *fill*         0x00000000000009c4        0x4 
 .text.virtmemReserve
                0x00000000000009c8      0x124 /opt/devkitpro/libnx/lib/libnx.a(virtmem.o)
                0x00000000000009c8                virtmemReserve
 *fill*         0x0000000000000aec        0x4 
 .text.virtmemFree
                0x0000000000000af0        0x4 /opt/devkitpro/libnx/lib/libnx.a(virtmem.o)
                0x0000000000000af0                virtmemFree
 *fill*         0x0000000000000af4        0x4 
 .text._appletGetSession
                0x0000000000000af8      0x118 /opt/devkitpro/libnx/lib/libnx.a(applet.o)
 .text._appletGetPerformanceMode.constprop.12
                0x0000000000000c10       0xe0 /opt/devkitpro/libnx/lib/libnx.a(applet.o)
 .text._appletGetOperationMode.constprop.11
                0x0000000000000cf0       0xe0 /opt/devkitpro/libnx/lib/libnx.a(applet.o)
 .text._appletGetCurrentFocusState.constprop.13
                0x0000000000000dd0       0xe0 /opt/devkitpro/libnx/lib/libnx.a(applet.o)
 .text._appletReceiveMessage
                0x0000000000000eb0       0xe8 /opt/devkitpro/libnx/lib/libnx.a(applet.o)
 .text._appletAcquireForegroundRights
                0x0000000000000f98       0xcc /opt/devkitpro/libnx/lib/libnx.a(applet.o)
 *fill*         0x0000000000001064        0x4 
 .text._appletSetOperationModeChangedNotification.constprop.14
                0x0000000000001068       0xd4 /opt/devkitpro/libnx/lib/libnx.a(applet.o)
 *fill*         0x000000000000113c        0x4 
 .text._appletSetPerformanceModeChangedNotification.constprop.15
                0x0000000000001140       0xd4 /opt/devkitpro/libnx/lib/libnx.a(applet.o)
 *fill*         0x0000000000001214        0x4 
 .text._appletSetOutOfFocusSuspendingEnabled
                0x0000000000001218       0xcc /opt/devkitpro/libnx/lib/libnx.a(applet.o)
 *fill*         0x00000000000012e4        0x4 
 .text._appletSetFocusHandlingMode
                0x00000000000012e8       0xd4 /opt/devkitpro/libnx/lib/libnx.a(applet.o)
 *fill*         0x00000000000013bc        0x4 
 .text._appletGetAppletResourceUserId.constprop.9
                0x00000000000013c0       0xe0 /opt/devkitpro/libnx/lib/libnx.a(applet.o)
 .text._appletGetSessionProxy.constprop.8
                0x00000000000014a0      0x128 /opt/devkitpro/libnx/lib/libnx.a(applet.o)
 .text.appletExit
                0x00000000000015c8      0x170 /opt/devkitpro/libnx/lib/libnx.a(applet.o)
                0x00000000000015c8                appletExit
 .text.appletHook
                0x0000000000001738       0x2c /opt/devkitpro/libnx/lib/libnx.a(applet.o)
                0x0000000000001738                appletHook
 *fill*         0x0000000000001764        0x4 
 .text.appletUnhook
                0x0000000000001768       0x34 /opt/devkitpro/libnx/lib/libnx.a(applet.o)
                0x0000000000001768                appletUnhook
 *fill*         0x000000000000179c        0x4 
 .text.appletGetAppletResourceUserId
                0x00000000000017a0       0x30 /opt/devkitpro/libnx/lib/libnx.a(applet.o)
                0x00000000000017a0                appletGetAppletResourceUserId
 .text.appletNotifyRunning
                0x00000000000017d0      0x124 /opt/devkitpro/libnx/lib/libnx.a(applet.o)
                0x00000000000017d0                appletNotifyRunning
 *fill*         0x00000000000018f4        0x4 
 .text.appletInitialize
                0x00000000000018f8      0x42c /opt/devkitpro/libnx/lib/libnx.a(applet.o)
                0x00000000000018f8                appletInitialize
 *fill*         0x0000000000001d24        0x4 
 .text.appletCreateManagedDisplayLayer
                0x0000000000001d28       0xe8 /opt/devkitpro/libnx/lib/libnx.a(applet.o)
                0x0000000000001d28                appletCreateManagedDisplayLayer
 .text.appletGetOperationMode
                0x0000000000001e10        0xc /opt/devkitpro/libnx/lib/libnx.a(applet.o)
                0x0000000000001e10                appletGetOperationMode
 *fill*         0x0000000000001e1c        0x4 
 .text.appletMainLoop
                0x0000000000001e20      0x128 /opt/devkitpro/libnx/lib/libnx.a(applet.o)
                0x0000000000001e20                appletMainLoop
 .text._hidCreateAppletResource.constprop.1
                0x0000000000001f48      0x120 /opt/devkitpro/libnx/lib/libnx.a(hid.o)
 .text._hidGetSharedMemoryHandle
                0x0000000000002068      0x118 /opt/devkitpro/libnx/lib/libnx.a(hid.o)
 .text.hidExit  0x0000000000002180       0x84 /opt/devkitpro/libnx/lib/libnx.a(hid.o)
                0x0000000000002180                hidExit
 *fill*         0x0000000000002204        0x4 
 .text.hidReset
                0x0000000000002208      0x178 /opt/devkitpro/libnx/lib/libnx.a(hid.o)
                0x0000000000002208                hidReset
 .text.hidInitialize
                0x0000000000002380      0x10c /opt/devkitpro/libnx/lib/libnx.a(hid.o)
                0x0000000000002380                hidInitialize
 *fill*         0x000000000000248c        0x4 
 .text.hidGetSharedmemAddr
                0x0000000000002490        0xc /opt/devkitpro/libnx/lib/libnx.a(hid.o)
                0x0000000000002490                hidGetSharedmemAddr
 *fill*         0x000000000000249c        0x4 
 .text.hidSetControllerLayout
                0x00000000000024a0       0x10 /opt/devkitpro/libnx/lib/libnx.a(hid.o)
                0x00000000000024a0                hidSetControllerLayout
 .text.hidKeysDown
                0x00000000000024b0       0x20 /opt/devkitpro/libnx/lib/libnx.a(hid.o)
                0x00000000000024b0                hidKeysDown
 .text.hidTouchCount
                0x00000000000024d0        0xc /opt/devkitpro/libnx/lib/libnx.a(hid.o)
                0x00000000000024d0                hidTouchCount
 *fill*         0x00000000000024dc        0x4 
 .text.hidScanInput
                0x00000000000024e0      0x45c /opt/devkitpro/libnx/lib/libnx.a(hid.o)
                0x00000000000024e0                hidScanInput
 *fill*         0x000000000000293c        0x4 
 .text.smHasInitialized
                0x0000000000002940       0x14 /opt/devkitpro/libnx/lib/libnx.a(sm.o)
                0x0000000000002940                smHasInitialized
 *fill*         0x0000000000002954        0x4 
 .text.smExit   0x0000000000002958       0x38 /opt/devkitpro/libnx/lib/libnx.a(sm.o)
                0x0000000000002958                smExit
 .text.smGetService
                0x0000000000002990      0x150 /opt/devkitpro/libnx/lib/libnx.a(sm.o)
                0x0000000000002990                smGetService
 .text.smInitialize
                0x0000000000002ae0      0x12c /opt/devkitpro/libnx/lib/libnx.a(sm.o)
                0x0000000000002ae0                smInitialize
 *fill*         0x0000000000002c0c        0x4 
 .text.fatalSimple
                0x0000000000002c10       0x94 /opt/devkitpro/libnx/lib/libnx.a(fatal.o)
                0x0000000000002c10                fatalSimple
 *fill*         0x0000000000002ca4        0x4 
 .text.fsInitialize
                0x0000000000002ca8      0x108 /opt/devkitpro/libnx/lib/libnx.a(fs.o)
                0x0000000000002ca8                fsInitialize
 .text.fsExit   0x0000000000002db0       0x34 /opt/devkitpro/libnx/lib/libnx.a(fs.o)
                0x0000000000002db0                fsExit
 *fill*         0x0000000000002de4        0x4 
 .text._gfxDequeueBuffer.part.0
                0x0000000000002de8       0xbc /opt/devkitpro/libnx/lib/libnx.a(gfx.o)
 *fill*         0x0000000000002ea4        0x4 
 .text._gfxQueueBuffer.part.1
                0x0000000000002ea8       0x38 /opt/devkitpro/libnx/lib/libnx.a(gfx.o)
 .text._waitevent.constprop.6
                0x0000000000002ee0       0x68 /opt/devkitpro/libnx/lib/libnx.a(gfx.o)
 .text.gfxConfigureCrop
                0x0000000000002f48       0xb8 /opt/devkitpro/libnx/lib/libnx.a(gfx.o)
                0x0000000000002f48                gfxConfigureCrop
 .text.gfxConfigureResolution
                0x0000000000003000       0x14 /opt/devkitpro/libnx/lib/libnx.a(gfx.o)
                0x0000000000003000                gfxConfigureResolution
 *fill*         0x0000000000003014        0x4 
 .text._gfxAutoResolutionAppletHook
                0x0000000000003018       0x68 /opt/devkitpro/libnx/lib/libnx.a(gfx.o)
 .text.gfxConfigureAutoResolution
                0x0000000000003080      0x11c /opt/devkitpro/libnx/lib/libnx.a(gfx.o)
                0x0000000000003080                gfxConfigureAutoResolution
 *fill*         0x000000000000319c        0x4 
 .text.gfxExit  0x00000000000031a0      0x17c /opt/devkitpro/libnx/lib/libnx.a(gfx.o)
                0x00000000000031a0                gfxExit
 *fill*         0x000000000000331c        0x4 
 .text._gfxGraphicBufferInit
                0x0000000000003320       0x50 /opt/devkitpro/libnx/lib/libnx.a(gfx.o)
                0x0000000000003320                _gfxGraphicBufferInit
 .text.gfxWaitForVsync
                0x0000000000003370       0x14 /opt/devkitpro/libnx/lib/libnx.a(gfx.o)
                0x0000000000003370                gfxWaitForVsync
 *fill*         0x0000000000003384        0x4 
 .text.gfxInitDefault
                0x0000000000003388      0x568 /opt/devkitpro/libnx/lib/libnx.a(gfx.o)
                0x0000000000003388                gfxInitDefault
 .text.gfxSwapBuffers
                0x00000000000038f0       0x5c /opt/devkitpro/libnx/lib/libnx.a(gfx.o)
                0x00000000000038f0                gfxSwapBuffers
 *fill*         0x000000000000394c        0x4 
 .text.gfxGetFramebuffer
                0x0000000000003950       0x44 /opt/devkitpro/libnx/lib/libnx.a(gfx.o)
                0x0000000000003950                gfxGetFramebuffer
 *fill*         0x0000000000003994        0x4 
 .text.gfxGetFramebufferResolution
                0x0000000000003998       0x24 /opt/devkitpro/libnx/lib/libnx.a(gfx.o)
                0x0000000000003998                gfxGetFramebufferResolution
 *fill*         0x00000000000039bc        0x4 
 .text.gfxGetFramebufferSize
                0x00000000000039c0       0x10 /opt/devkitpro/libnx/lib/libnx.a(gfx.o)
                0x00000000000039c0                gfxGetFramebufferSize
 .text.gfxSetDoubleBuffering
                0x00000000000039d0        0xc /opt/devkitpro/libnx/lib/libnx.a(gfx.o)
                0x00000000000039d0                gfxSetDoubleBuffering
 *fill*         0x00000000000039dc        0x4 
 .text.gfxFlushBuffers
                0x00000000000039e0       0x24 /opt/devkitpro/libnx/lib/libnx.a(gfx.o)
                0x00000000000039e0                gfxFlushBuffers
 *fill*         0x0000000000003a04        0x4 
 .text.nvmapobjInitialize
                0x0000000000003a08       0x7c /opt/devkitpro/libnx/lib/libnx.a(nvgfx.o)
                0x0000000000003a08                nvmapobjInitialize
 *fill*         0x0000000000003a84        0x4 
 .text.nvmapobjClose
                0x0000000000003a88       0x3c /opt/devkitpro/libnx/lib/libnx.a(nvgfx.o)
                0x0000000000003a88                nvmapobjClose
 *fill*         0x0000000000003ac4        0x4 
 .text.nvmapobjCloseAll
                0x0000000000003ac8       0x38 /opt/devkitpro/libnx/lib/libnx.a(nvgfx.o)
                0x0000000000003ac8                nvmapobjCloseAll
 .text.nvmapobjSetup
                0x0000000000003b00       0x88 /opt/devkitpro/libnx/lib/libnx.a(nvgfx.o)
                0x0000000000003b00                nvmapobjSetup
 .text.nvgfxInitialize
                0x0000000000003b88      0xb34 /opt/devkitpro/libnx/lib/libnx.a(nvgfx.o)
                0x0000000000003b88                nvgfxInitialize
 *fill*         0x00000000000046bc        0x4 
 .text.nvgfxExit
                0x00000000000046c0      0x128 /opt/devkitpro/libnx/lib/libnx.a(nvgfx.o)
                0x00000000000046c0                nvgfxExit
 .text.nvgfxEventWait
                0x00000000000047e8       0x68 /opt/devkitpro/libnx/lib/libnx.a(nvgfx.o)
                0x00000000000047e8                nvgfxEventWait
 .text.nvgfxGetFramebuffer
                0x0000000000004850       0x40 /opt/devkitpro/libnx/lib/libnx.a(nvgfx.o)
                0x0000000000004850                nvgfxGetFramebuffer
 .text.nvioctlChannel_SetNvmapFd
                0x0000000000004890       0x24 /opt/devkitpro/libnx/lib/libnx.a(channel.o)
                0x0000000000004890                nvioctlChannel_SetNvmapFd
 *fill*         0x00000000000048b4        0x4 
 .text.nvioctlChannel_AllocObjCtx
                0x00000000000048b8       0x30 /opt/devkitpro/libnx/lib/libnx.a(channel.o)
                0x00000000000048b8                nvioctlChannel_AllocObjCtx
 .text.nvioctlChannel_ZCullBind
                0x00000000000048e8       0x28 /opt/devkitpro/libnx/lib/libnx.a(channel.o)
                0x00000000000048e8                nvioctlChannel_ZCullBind
 .text.nvioctlChannel_SetErrorNotifier
                0x0000000000004910       0x28 /opt/devkitpro/libnx/lib/libnx.a(channel.o)
                0x0000000000004910                nvioctlChannel_SetErrorNotifier
 .text.nvioctlChannel_SetPriority
                0x0000000000004938       0x24 /opt/devkitpro/libnx/lib/libnx.a(channel.o)
                0x0000000000004938                nvioctlChannel_SetPriority
 *fill*         0x000000000000495c        0x4 
 .text.nvioctlChannel_AllocGpfifoEx2
                0x0000000000004960       0x54 /opt/devkitpro/libnx/lib/libnx.a(channel.o)
                0x0000000000004960                nvioctlChannel_AllocGpfifoEx2
 *fill*         0x00000000000049b4        0x4 
 .text.nvioctlChannel_SetUserData
                0x00000000000049b8       0x24 /opt/devkitpro/libnx/lib/libnx.a(channel.o)
                0x00000000000049b8                nvioctlChannel_SetUserData
 *fill*         0x00000000000049dc        0x4 
 .text.nvioctlNvhostCtrl_EventWait
                0x00000000000049e0       0x40 /opt/devkitpro/libnx/lib/libnx.a(nvhost-ctrl.o)
                0x00000000000049e0                nvioctlNvhostCtrl_EventWait
 .text.nvioctlNvhostCtrlGpu_ZCullGetCtxSize
                0x0000000000004a20       0x3c /opt/devkitpro/libnx/lib/libnx.a(nvhost-ctrl-gpu.o)
                0x0000000000004a20                nvioctlNvhostCtrlGpu_ZCullGetCtxSize
 *fill*         0x0000000000004a5c        0x4 
 .text.nvioctlNvhostCtrlGpu_ZCullGetInfo
                0x0000000000004a60       0x54 /opt/devkitpro/libnx/lib/libnx.a(nvhost-ctrl-gpu.o)
                0x0000000000004a60                nvioctlNvhostCtrlGpu_ZCullGetInfo
 *fill*         0x0000000000004ab4        0x4 
 .text.nvioctlNvhostCtrlGpu_GetCharacteristics
                0x0000000000004ab8       0x88 /opt/devkitpro/libnx/lib/libnx.a(nvhost-ctrl-gpu.o)
                0x0000000000004ab8                nvioctlNvhostCtrlGpu_GetCharacteristics
 .text.nvioctlNvhostCtrlGpu_GetTpcMasks
                0x0000000000004b40       0x5c /opt/devkitpro/libnx/lib/libnx.a(nvhost-ctrl-gpu.o)
                0x0000000000004b40                nvioctlNvhostCtrlGpu_GetTpcMasks
 *fill*         0x0000000000004b9c        0x4 
 .text.nvioctlNvhostCtrlGpu_GetL2State
                0x0000000000004ba0       0x3c /opt/devkitpro/libnx/lib/libnx.a(nvhost-ctrl-gpu.o)
                0x0000000000004ba0                nvioctlNvhostCtrlGpu_GetL2State
 *fill*         0x0000000000004bdc        0x4 
 .text.nvioctlNvhostAsGpu_BindChannel
                0x0000000000004be0       0x24 /opt/devkitpro/libnx/lib/libnx.a(nvhost-as-gpu.o)
                0x0000000000004be0                nvioctlNvhostAsGpu_BindChannel
 *fill*         0x0000000000004c04        0x4 
 .text.nvioctlNvhostAsGpu_AllocSpace
                0x0000000000004c08       0x44 /opt/devkitpro/libnx/lib/libnx.a(nvhost-as-gpu.o)
                0x0000000000004c08                nvioctlNvhostAsGpu_AllocSpace
 *fill*         0x0000000000004c4c        0x4 
 .text.nvioctlNvhostAsGpu_MapBufferEx
                0x0000000000004c50       0x50 /opt/devkitpro/libnx/lib/libnx.a(nvhost-as-gpu.o)
                0x0000000000004c50                nvioctlNvhostAsGpu_MapBufferEx
 .text.nvioctlNvhostAsGpu_GetVARegions
                0x0000000000004ca0       0x64 /opt/devkitpro/libnx/lib/libnx.a(nvhost-as-gpu.o)
                0x0000000000004ca0                nvioctlNvhostAsGpu_GetVARegions
 *fill*         0x0000000000004d04        0x4 
 .text.nvioctlNvhostAsGpu_InitializeEx
                0x0000000000004d08       0x3c /opt/devkitpro/libnx/lib/libnx.a(nvhost-as-gpu.o)
                0x0000000000004d08                nvioctlNvhostAsGpu_InitializeEx
 *fill*         0x0000000000004d44        0x4 
 .text.nvioctlNvmap_Create
                0x0000000000004d48       0x3c /opt/devkitpro/libnx/lib/libnx.a(nvmap.o)
                0x0000000000004d48                nvioctlNvmap_Create
 *fill*         0x0000000000004d84        0x4 
 .text.nvioctlNvmap_FromId
                0x0000000000004d88       0x3c /opt/devkitpro/libnx/lib/libnx.a(nvmap.o)
                0x0000000000004d88                nvioctlNvmap_FromId
 *fill*         0x0000000000004dc4        0x4 
 .text.nvioctlNvmap_Alloc
                0x0000000000004dc8       0x30 /opt/devkitpro/libnx/lib/libnx.a(nvmap.o)
                0x0000000000004dc8                nvioctlNvmap_Alloc
 .text.nvioctlNvmap_GetId
                0x0000000000004df8       0x3c /opt/devkitpro/libnx/lib/libnx.a(nvmap.o)
                0x0000000000004df8                nvioctlNvmap_GetId
 *fill*         0x0000000000004e34        0x4 
 .text.consoleDrawChar
                0x0000000000004e38      0x240 /opt/devkitpro/libnx/lib/libnx.a(console.o)
                0x0000000000004e38                consoleDrawChar
 .text.consolePrintChar
                0x0000000000005078      0x15c /opt/devkitpro/libnx/lib/libnx.a(console.o)
                0x0000000000005078                consolePrintChar
 *fill*         0x00000000000051d4        0x4 
 .text.consoleCls
                0x00000000000051d8      0x198 /opt/devkitpro/libnx/lib/libnx.a(console.o)
 .text.consoleInit
                0x0000000000005370       0xfc /opt/devkitpro/libnx/lib/libnx.a(console.o)
                0x0000000000005370                consoleInit
 *fill*         0x000000000000546c        0x4 
 .text.consoleClearLine
                0x0000000000005470      0x170 /opt/devkitpro/libnx/lib/libnx.a(console.o)
 .text.newRow   0x00000000000055e0      0x29c /opt/devkitpro/libnx/lib/libnx.a(console.o)
 *fill*         0x000000000000587c        0x4 
 .text.con_write
                0x0000000000005880      0x85c /opt/devkitpro/libnx/lib/libnx.a(console.o)
                0x0000000000005880                con_write
 .text.armDCacheFlush
                0x00000000000060dc       0x3c /opt/devkitpro/libnx/lib/libnx.a(cache.o)
                0x00000000000060dc                armDCacheFlush
 .text.svcSetHeapSize
                0x0000000000006118       0x14 /opt/devkitpro/libnx/lib/libnx.a(svc.o)
                0x0000000000006118                svcSetHeapSize
 .text.svcQueryMemory
                0x000000000000612c       0x14 /opt/devkitpro/libnx/lib/libnx.a(svc.o)
                0x000000000000612c                svcQueryMemory
 .text.svcExitProcess
                0x0000000000006140        0x8 /opt/devkitpro/libnx/lib/libnx.a(svc.o)
                0x0000000000006140                svcExitProcess
 .text.svcSleepThread
                0x0000000000006148        0x8 /opt/devkitpro/libnx/lib/libnx.a(svc.o)
                0x0000000000006148                svcSleepThread
 .text.svcMapSharedMemory
                0x0000000000006150        0x8 /opt/devkitpro/libnx/lib/libnx.a(svc.o)
                0x0000000000006150                svcMapSharedMemory
 .text.svcUnmapSharedMemory
                0x0000000000006158        0x8 /opt/devkitpro/libnx/lib/libnx.a(svc.o)
                0x0000000000006158                svcUnmapSharedMemory
 .text.svcCreateTransferMemory
                0x0000000000006160       0x14 /opt/devkitpro/libnx/lib/libnx.a(svc.o)
                0x0000000000006160                svcCreateTransferMemory
 .text.svcCloseHandle
                0x0000000000006174        0x8 /opt/devkitpro/libnx/lib/libnx.a(svc.o)
                0x0000000000006174                svcCloseHandle
 .text.svcResetSignal
                0x000000000000617c        0x8 /opt/devkitpro/libnx/lib/libnx.a(svc.o)
                0x000000000000617c                svcResetSignal
 .text.svcWaitSynchronization
                0x0000000000006184       0x14 /opt/devkitpro/libnx/lib/libnx.a(svc.o)
                0x0000000000006184                svcWaitSynchronization
 .text.svcArbitrateLock
                0x0000000000006198        0x8 /opt/devkitpro/libnx/lib/libnx.a(svc.o)
                0x0000000000006198                svcArbitrateLock
 .text.svcArbitrateUnlock
                0x00000000000061a0        0x8 /opt/devkitpro/libnx/lib/libnx.a(svc.o)
                0x00000000000061a0                svcArbitrateUnlock
 .text.svcConnectToNamedPort
                0x00000000000061a8       0x14 /opt/devkitpro/libnx/lib/libnx.a(svc.o)
                0x00000000000061a8                svcConnectToNamedPort
 .text.svcGetSystemTick
                0x00000000000061bc        0x8 /opt/devkitpro/libnx/lib/libnx.a(svc.o)
                0x00000000000061bc                svcGetSystemTick
 .text.svcSendSyncRequest
                0x00000000000061c4        0x8 /opt/devkitpro/libnx/lib/libnx.a(svc.o)
                0x00000000000061c4                svcSendSyncRequest
 .text.svcGetInfo
                0x00000000000061cc       0x14 /opt/devkitpro/libnx/lib/libnx.a(svc.o)
                0x00000000000061cc                svcGetInfo
 .text.svcUnmapTransferMemory
                0x00000000000061e0        0x8 /opt/devkitpro/libnx/lib/libnx.a(svc.o)
                0x00000000000061e0                svcUnmapTransferMemory
 .text.shmemLoadRemote
                0x00000000000061e8       0x14 /opt/devkitpro/libnx/lib/libnx.a(shmem.o)
                0x00000000000061e8                shmemLoadRemote
 *fill*         0x00000000000061fc        0x4 
 .text.shmemMap
                0x0000000000006200       0x9c /opt/devkitpro/libnx/lib/libnx.a(shmem.o)
                0x0000000000006200                shmemMap
 *fill*         0x000000000000629c        0x4 
 .text.shmemUnmap
                0x00000000000062a0       0x34 /opt/devkitpro/libnx/lib/libnx.a(shmem.o)
                0x00000000000062a0                shmemUnmap
 *fill*         0x00000000000062d4        0x4 
 .text.shmemGetAddr
                0x00000000000062d8        0x8 /opt/devkitpro/libnx/lib/libnx.a(shmem.o)
                0x00000000000062d8                shmemGetAddr
 .text.shmemClose
                0x00000000000062e0       0x50 /opt/devkitpro/libnx/lib/libnx.a(shmem.o)
                0x00000000000062e0                shmemClose
 .text.kernelAbove200
                0x0000000000006330       0x30 /opt/devkitpro/libnx/lib/libnx.a(version.o)
                0x0000000000006330                kernelAbove200
 .text.kernelAbove300
                0x0000000000006360       0x30 /opt/devkitpro/libnx/lib/libnx.a(version.o)
                0x0000000000006360                kernelAbove300
 .text._nvSetClientPID
                0x0000000000006390       0xd4 /opt/devkitpro/libnx/lib/libnx.a(nv.o)
 *fill*         0x0000000000006464        0x4 
 .text._nvInitialize.constprop.1
                0x0000000000006468       0xec /opt/devkitpro/libnx/lib/libnx.a(nv.o)
 *fill*         0x0000000000006554        0x4 
 .text.nvInitialize
                0x0000000000006558      0x2a4 /opt/devkitpro/libnx/lib/libnx.a(nv.o)
                0x0000000000006558                nvInitialize
 *fill*         0x00000000000067fc        0x4 
 .text.nvExit   0x0000000000006800       0x6c /opt/devkitpro/libnx/lib/libnx.a(nv.o)
                0x0000000000006800                nvExit
 *fill*         0x000000000000686c        0x4 
 .text.nvOpen   0x0000000000006870      0x120 /opt/devkitpro/libnx/lib/libnx.a(nv.o)
                0x0000000000006870                nvOpen
 .text.nvIoctl  0x0000000000006990      0x1c0 /opt/devkitpro/libnx/lib/libnx.a(nv.o)
                0x0000000000006990                nvIoctl
 .text.nvClose  0x0000000000006b50       0xd8 /opt/devkitpro/libnx/lib/libnx.a(nv.o)
                0x0000000000006b50                nvClose
 .text.nvQueryEvent
                0x0000000000006c28      0x130 /opt/devkitpro/libnx/lib/libnx.a(nv.o)
                0x0000000000006c28                nvQueryEvent
 .text._viGetSession.constprop.4
                0x0000000000006d58      0x128 /opt/devkitpro/libnx/lib/libnx.a(vi.o)
 .text._viCreateStrayLayer.isra.2
                0x0000000000006e80      0x130 /opt/devkitpro/libnx/lib/libnx.a(vi.o)
 .text._viOpenLayer
                0x0000000000006fb0      0x140 /opt/devkitpro/libnx/lib/libnx.a(vi.o)
 .text.viExit   0x00000000000070f0      0x10c /opt/devkitpro/libnx/lib/libnx.a(vi.o)
                0x00000000000070f0                viExit
 *fill*         0x00000000000071fc        0x4 
 .text.viInitialize
                0x0000000000007200      0x260 /opt/devkitpro/libnx/lib/libnx.a(vi.o)
                0x0000000000007200                viInitialize
 .text.viGetSession_IHOSBinderDriverRelay
                0x0000000000007460        0xc /opt/devkitpro/libnx/lib/libnx.a(vi.o)
                0x0000000000007460                viGetSession_IHOSBinderDriverRelay
 *fill*         0x000000000000746c        0x4 
 .text.viOpenDisplay
                0x0000000000007470      0x140 /opt/devkitpro/libnx/lib/libnx.a(vi.o)
                0x0000000000007470                viOpenDisplay
 .text.viCloseDisplay
                0x00000000000075b0       0xf4 /opt/devkitpro/libnx/lib/libnx.a(vi.o)
                0x00000000000075b0                viCloseDisplay
 *fill*         0x00000000000076a4        0x4 
 .text.viOpenLayer
                0x00000000000076a8       0xe0 /opt/devkitpro/libnx/lib/libnx.a(vi.o)
                0x00000000000076a8                viOpenLayer
 .text.viCloseLayer
                0x0000000000007788      0x104 /opt/devkitpro/libnx/lib/libnx.a(vi.o)
                0x0000000000007788                viCloseLayer
 *fill*         0x000000000000788c        0x4 
 .text.viSetLayerScalingMode
                0x0000000000007890       0xe4 /opt/devkitpro/libnx/lib/libnx.a(vi.o)
                0x0000000000007890                viSetLayerScalingMode
 *fill*         0x0000000000007974        0x4 
 .text.viGetDisplayVsyncEvent
                0x0000000000007978      0x128 /opt/devkitpro/libnx/lib/libnx.a(vi.o)
                0x0000000000007978                viGetDisplayVsyncEvent
 .text.bufferProducerInitialize
                0x0000000000007aa0       0x10 /opt/devkitpro/libnx/lib/libnx.a(buffer_producer.o)
                0x0000000000007aa0                bufferProducerInitialize
 .text.bufferProducerExit
                0x0000000000007ab0        0xc /opt/devkitpro/libnx/lib/libnx.a(buffer_producer.o)
                0x0000000000007ab0                bufferProducerExit
 *fill*         0x0000000000007abc        0x4 
 .text.bufferProducerRequestBuffer
                0x0000000000007ac0      0x134 /opt/devkitpro/libnx/lib/libnx.a(buffer_producer.o)
                0x0000000000007ac0                bufferProducerRequestBuffer
 *fill*         0x0000000000007bf4        0x4 
 .text.bufferProducerDequeueBuffer
                0x0000000000007bf8      0x1a0 /opt/devkitpro/libnx/lib/libnx.a(buffer_producer.o)
                0x0000000000007bf8                bufferProducerDequeueBuffer
 .text.bufferProducerDetachBuffer
                0x0000000000007d98       0x9c /opt/devkitpro/libnx/lib/libnx.a(buffer_producer.o)
                0x0000000000007d98                bufferProducerDetachBuffer
 *fill*         0x0000000000007e34        0x4 
 .text.bufferProducerQueueBuffer
                0x0000000000007e38      0x120 /opt/devkitpro/libnx/lib/libnx.a(buffer_producer.o)
                0x0000000000007e38                bufferProducerQueueBuffer
 .text.bufferProducerQuery
                0x0000000000007f58       0xdc /opt/devkitpro/libnx/lib/libnx.a(buffer_producer.o)
                0x0000000000007f58                bufferProducerQuery
 *fill*         0x0000000000008034        0x4 
 .text.bufferProducerConnect
                0x0000000000008038      0x12c /opt/devkitpro/libnx/lib/libnx.a(buffer_producer.o)
                0x0000000000008038                bufferProducerConnect
 *fill*         0x0000000000008164        0x4 
 .text.bufferProducerDisconnect
                0x0000000000008168       0x9c /opt/devkitpro/libnx/lib/libnx.a(buffer_producer.o)
                0x0000000000008168                bufferProducerDisconnect
 *fill*         0x0000000000008204        0x4 
 .text.bufferProducerGraphicBufferInit
                0x0000000000008208      0x110 /opt/devkitpro/libnx/lib/libnx.a(buffer_producer.o)
                0x0000000000008208                bufferProducerGraphicBufferInit
 .text._binderTransactParcelAuto
                0x0000000000008318      0x1c4 /opt/devkitpro/libnx/lib/libnx.a(binder.o)
 *fill*         0x00000000000084dc        0x4 
 .text._binderTransactParcel
                0x00000000000084e0      0x13c /opt/devkitpro/libnx/lib/libnx.a(binder.o)
 *fill*         0x000000000000861c        0x4 
 .text.binderCreateSession
                0x0000000000008620       0x20 /opt/devkitpro/libnx/lib/libnx.a(binder.o)
                0x0000000000008620                binderCreateSession
 .text.binderTransactParcel
                0x0000000000008640       0x14 /opt/devkitpro/libnx/lib/libnx.a(binder.o)
                0x0000000000008640                binderTransactParcel
 *fill*         0x0000000000008654        0x4 
 .text.binderAdjustRefcount
                0x0000000000008658       0xe4 /opt/devkitpro/libnx/lib/libnx.a(binder.o)
                0x0000000000008658                binderAdjustRefcount
 *fill*         0x000000000000873c        0x4 
 .text.binderExitSession
                0x0000000000008740       0x80 /opt/devkitpro/libnx/lib/libnx.a(binder.o)
                0x0000000000008740                binderExitSession
 .text.binderGetNativeHandle
                0x00000000000087c0      0x130 /opt/devkitpro/libnx/lib/libnx.a(binder.o)
                0x00000000000087c0                binderGetNativeHandle
 .text.binderInitSession
                0x00000000000088f0      0x1fc /opt/devkitpro/libnx/lib/libnx.a(binder.o)
                0x00000000000088f0                binderInitSession
 *fill*         0x0000000000008aec        0x4 
 .text.parcelInitialize
                0x0000000000008af0       0x28 /opt/devkitpro/libnx/lib/libnx.a(parcel.o)
                0x0000000000008af0                parcelInitialize
 .text.parcelTransact
                0x0000000000008b18      0x1d0 /opt/devkitpro/libnx/lib/libnx.a(parcel.o)
                0x0000000000008b18                parcelTransact
 .text.parcelWriteData
                0x0000000000008ce8       0x88 /opt/devkitpro/libnx/lib/libnx.a(parcel.o)
                0x0000000000008ce8                parcelWriteData
 .text.parcelReadData
                0x0000000000008d70       0x8c /opt/devkitpro/libnx/lib/libnx.a(parcel.o)
                0x0000000000008d70                parcelReadData
 *fill*         0x0000000000008dfc        0x4 
 .text.parcelWriteInt32
                0x0000000000008e00       0x24 /opt/devkitpro/libnx/lib/libnx.a(parcel.o)
                0x0000000000008e00                parcelWriteInt32
 *fill*         0x0000000000008e24        0x4 
 .text.parcelWriteUInt32
                0x0000000000008e28       0x24 /opt/devkitpro/libnx/lib/libnx.a(parcel.o)
                0x0000000000008e28                parcelWriteUInt32
 *fill*         0x0000000000008e4c        0x4 
 .text.parcelWriteString16
                0x0000000000008e50       0x74 /opt/devkitpro/libnx/lib/libnx.a(parcel.o)
                0x0000000000008e50                parcelWriteString16
 *fill*         0x0000000000008ec4        0x4 
 .text.parcelWriteInterfaceToken
                0x0000000000008ec8       0x30 /opt/devkitpro/libnx/lib/libnx.a(parcel.o)
                0x0000000000008ec8                parcelWriteInterfaceToken
 .text.parcelReadInt32
                0x0000000000008ef8       0x24 /opt/devkitpro/libnx/lib/libnx.a(parcel.o)
                0x0000000000008ef8                parcelReadInt32
 *fill*         0x0000000000008f1c        0x4 
 .text.parcelReadFlattenedObject
                0x0000000000008f20       0x6c /opt/devkitpro/libnx/lib/libnx.a(parcel.o)
                0x0000000000008f20                parcelReadFlattenedObject
 *fill*         0x0000000000008f8c        0x4 
 .text.parcelWriteFlattenedObject
                0x0000000000008f90       0x4c /opt/devkitpro/libnx/lib/libnx.a(parcel.o)
                0x0000000000008f90                parcelWriteFlattenedObject
 *fill*         0x0000000000008fdc        0x4 
 .text.tmemCreate
                0x0000000000008fe0       0x74 /opt/devkitpro/libnx/lib/libnx.a(tmem.o)
                0x0000000000008fe0                tmemCreate
 *fill*         0x0000000000009054        0x4 
 .text.tmemUnmap
                0x0000000000009058       0x34 /opt/devkitpro/libnx/lib/libnx.a(tmem.o)
                0x0000000000009058                tmemUnmap
 *fill*         0x000000000000908c        0x4 
 .text.tmemClose
                0x0000000000009090       0x60 /opt/devkitpro/libnx/lib/libnx.a(tmem.o)
                0x0000000000009090                tmemClose
 .text.__libc_fini_array
                0x00000000000090f0       0x44 /opt/devkitpro/devkitA64/lib/gcc/aarch64-none-elf/7.2.0/../../../../aarch64-none-elf/lib/pic/libg.a(lib_a-fini.o)
                0x00000000000090f0                __libc_fini_array
 *fill*         0x0000000000009134        0x4 
 .text.__libc_init_array
                0x0000000000009138       0x8c /opt/devkitpro/devkitA64/lib/gcc/aarch64-none-elf/7.2.0/../../../../aarch64-none-elf/lib/pic/libg.a(lib_a-init.o)
                0x0000000000009138                __libc_init_array
 *fill*         0x00000000000091c4        0x4 
 .text.__locale_mb_cur_max
                0x00000000000091c8       0x2c /opt/devkitpro/devkitA64/lib/gcc/aarch64-none-elf/7.2.0/../../../../aarch64-none-elf/lib/pic/libg.a(lib_a-locale.o)
                0x00000000000091c8                __locale_mb_cur_max
 *fill*         0x00000000000091f4        0x4 
 .text.__locale_ctype_ptr_l
                0x00000000000091f8        0x8 /opt/devkitpro/devkitA64/lib/gcc/aarch64-none-elf/7.2.0/../../../../aarch64-none-elf/lib/pic/libg.a(lib_a-locale.o)
                0x00000000000091f8                __locale_ctype_ptr_l
 .text.__locale_ctype_ptr
                0x0000000000009200       0x2c /opt/devkitpro/devkitA64/lib/gcc/aarch64-none-elf/7.2.0/../../../../aarch64-none-elf/lib/pic/libg.a(lib_a-locale.o)
                0x0000000000009200                __locale_ctype_ptr
 *fill*         0x000000000000922c        0x4 
 .text.memalign
                0x0000000000009230       0x2c /opt/devkitpro/devkitA64/lib/gcc/aarch64-none-elf/7.2.0/../../../../aarch64-none-elf/lib/pic/libg.a(lib_a-malign.o)
                0x0000000000009230                memalign
 *fill*         0x000000000000925c        0x4 
 .text._memalign_r
                0x0000000000009260      0x1ac /opt/devkitpro/devkitA64/lib/gcc/aarch64-none-elf/7.2.0/../../../../aarch64-none-elf/lib/pic/libg.a(lib_a-malignr.o)
                0x0000000000009260                _memalign_r
 *fill*         0x000000000000940c        0x4 
 .text.malloc   0x0000000000009410       0x24 /opt/devkitpro/devkitA64/lib/gcc/aarch64-none-elf/7.2.0/../../../../aarch64-none-elf/lib/pic/libg.a(lib_a-malloc.o)
                0x0000000000009410                malloc
 *fill*         0x0000000000009434        0x4 
 .text.free     0x0000000000009438       0x24 /opt/devkitpro/devkitA64/lib/gcc/aarch64-none-elf/7.2.0/../../../../aarch64-none-elf/lib/pic/libg.a(lib_a-malloc.o)
                0x0000000000009438                free
 *fill*         0x000000000000945c        0x4 
 .text._malloc_r
                0x0000000000009460      0x8b4 /opt/devkitpro/devkitA64/lib/gcc/aarch64-none-elf/7.2.0/../../../../aarch64-none-elf/lib/pic/libg.a(lib_a-mallocr.o)
                0x0000000000009460                _malloc_r
 *fill*         0x0000000000009d14        0x4 
 .text.__utf8_mbtowc
                0x0000000000009d18      0x2d8 /opt/devkitpro/devkitA64/lib/gcc/aarch64-none-elf/7.2.0/../../../../aarch64-none-elf/lib/pic/libg.a(lib_a-mbtowc_r.o)
                0x0000000000009d18                __utf8_mbtowc
 .text          0x0000000000009ff0       0xd8 /opt/devkitpro/devkitA64/lib/gcc/aarch64-none-elf/7.2.0/../../../../aarch64-none-elf/lib/pic/libg.a(lib_a-memchr.o)
                0x0000000000009ff0                memchr
 *fill*         0x000000000000a0c8       0x38 
 .text          0x000000000000a100      0x16c /opt/devkitpro/devkitA64/lib/gcc/aarch64-none-elf/7.2.0/../../../../aarch64-none-elf/lib/pic/libg.a(lib_a-memcpy.o)
                0x000000000000a100                memcpy
 *fill*         0x000000000000a26c       0x14 
 .text          0x000000000000a280      0x1d8 /opt/devkitpro/devkitA64/lib/gcc/aarch64-none-elf/7.2.0/../../../../aarch64-none-elf/lib/pic/libg.a(lib_a-memset.o)
                0x000000000000a280                memset
 .text.__malloc_lock
                0x000000000000a458        0xc /opt/devkitpro/devkitA64/lib/gcc/aarch64-none-elf/7.2.0/../../../../aarch64-none-elf/lib/pic/libg.a(lib_a-mlock.o)
                0x000000000000a458                __malloc_lock
 *fill*         0x000000000000a464        0x4 
 .text.__malloc_unlock
                0x000000000000a468        0xc /opt/devkitpro/devkitA64/lib/gcc/aarch64-none-elf/7.2.0/../../../../aarch64-none-elf/lib/pic/libg.a(lib_a-mlock.o)
                0x000000000000a468                __malloc_unlock
 *fill*         0x000000000000a474        0x4 
 .text.printf   0x000000000000a478       0x90 /opt/devkitpro/devkitA64/lib/gcc/aarch64-none-elf/7.2.0/../../../../aarch64-none-elf/lib/pic/libg.a(lib_a-printf.o)
                0x000000000000a478                printf
 .text.setvbuf  0x000000000000a508      0x270 /opt/devkitpro/devkitA64/lib/gcc/aarch64-none-elf/7.2.0/../../../../aarch64-none-elf/lib/pic/libg.a(lib_a-setvbuf.o)
                0x000000000000a508                setvbuf
 .text.sscanf   0x000000000000a778       0xc8 /opt/devkitpro/devkitA64/lib/gcc/aarch64-none-elf/7.2.0/../../../../aarch64-none-elf/lib/pic/libg.a(lib_a-sscanf.o)
                0x000000000000a778                sscanf
 .text.__sread  0x000000000000a840       0x50 /opt/devkitpro/devkitA64/lib/gcc/aarch64-none-elf/7.2.0/../../../../aarch64-none-elf/lib/pic/libg.a(lib_a-stdio.o)
                0x000000000000a840                __sread
 .text.__seofread
                0x000000000000a890        0x8 /opt/devkitpro/devkitA64/lib/gcc/aarch64-none-elf/7.2.0/../../../../aarch64-none-elf/lib/pic/libg.a(lib_a-stdio.o)
                0x000000000000a890                __seofread
 .text.__swrite
                0x000000000000a898       0x68 /opt/devkitpro/devkitA64/lib/gcc/aarch64-none-elf/7.2.0/../../../../aarch64-none-elf/lib/pic/libg.a(lib_a-stdio.o)
                0x000000000000a898                __swrite
 .text.__sseek  0x000000000000a900       0x54 /opt/devkitpro/devkitA64/lib/gcc/aarch64-none-elf/7.2.0/../../../../aarch64-none-elf/lib/pic/libg.a(lib_a-stdio.o)
                0x000000000000a900                __sseek
 *fill*         0x000000000000a954        0x4 
 .text.__sclose
                0x000000000000a958        0x8 /opt/devkitpro/devkitA64/lib/gcc/aarch64-none-elf/7.2.0/../../../../aarch64-none-elf/lib/pic/libg.a(lib_a-stdio.o)
                0x000000000000a958                __sclose
 *fill*         0x000000000000a960       0x20 
 .text          0x000000000000a980       0xa4 /opt/devkitpro/devkitA64/lib/gcc/aarch64-none-elf/7.2.0/../../../../aarch64-none-elf/lib/pic/libg.a(lib_a-strcmp.o)
                0x000000000000a980                strcmp
 *fill*         0x000000000000aa24       0x1c 
 .text          0x000000000000aa40      0x140 /opt/devkitpro/devkitA64/lib/gcc/aarch64-none-elf/7.2.0/../../../../aarch64-none-elf/lib/pic/libg.a(lib_a-strlen.o)
                0x000000000000aa40                strlen
 .text          0x000000000000ab80      0x124 /opt/devkitpro/devkitA64/lib/gcc/aarch64-none-elf/7.2.0/../../../../aarch64-none-elf/lib/pic/libg.a(lib_a-strncmp.o)
                0x000000000000ab9c                strncmp
 *fill*         0x000000000000aca4        0x4 
 .text.strncpy  0x000000000000aca8       0xb4 /opt/devkitpro/devkitA64/lib/gcc/aarch64-none-elf/7.2.0/../../../../aarch64-none-elf/lib/pic/libg.a(lib_a-strncpy.o)
                0x000000000000aca8                strncpy
 *fill*         0x000000000000ad5c        0x4 
 .text._strtol_l.isra.0
                0x000000000000ad60      0x1d8 /opt/devkitpro/devkitA64/lib/gcc/aarch64-none-elf/7.2.0/../../../../aarch64-none-elf/lib/pic/libg.a(lib_a-strtol.o)
 .text._strtol_r
                0x000000000000af38       0x58 /opt/devkitpro/devkitA64/lib/gcc/aarch64-none-elf/7.2.0/../../../../aarch64-none-elf/lib/pic/libg.a(lib_a-strtol.o)
                0x000000000000af38                _strtol_r
 .text.get_arg  0x000000000000af90       0x5c /opt/devkitpro/devkitA64/lib/gcc/aarch64-none-elf/7.2.0/../../../../aarch64-none-elf/lib/pic/libg.a(lib_a-svfscanf.o)
 .text.__ssvfscanf_r
                0x000000000000afec     0x20b4 /opt/devkitpro/devkitA64/lib/gcc/aarch64-none-elf/7.2.0/../../../../aarch64-none-elf/lib/pic/libg.a(lib_a-svfscanf.o)
                0x000000000000afec                __ssvfscanf_r
 .text.__sprint_r
                0x000000000000d0a0       0x3c /opt/devkitpro/devkitA64/lib/gcc/aarch64-none-elf/7.2.0/../../../../aarch64-none-elf/lib/pic/libg.a(lib_a-vfiprintf.o)
                0x000000000000d0a0                __sprint_r
 .text.get_arg  0x000000000000d0dc      0x778 /opt/devkitpro/devkitA64/lib/gcc/aarch64-none-elf/7.2.0/../../../../aarch64-none-elf/lib/pic/libg.a(lib_a-vfprintf.o)
 .text._vfprintf_r
                0x000000000000d854     0x3b60 /opt/devkitpro/devkitA64/lib/gcc/aarch64-none-elf/7.2.0/../../../../aarch64-none-elf/lib/pic/libg.a(lib_a-vfprintf.o)
                0x000000000000d854                _vfprintf_r
 .text.__sbprintf
                0x00000000000113b4       0xf4 /opt/devkitpro/devkitA64/lib/gcc/aarch64-none-elf/7.2.0/../../../../aarch64-none-elf/lib/pic/libg.a(lib_a-vfprintf.o)
 .text._wcrtomb_r
                0x00000000000114a8       0xdc /opt/devkitpro/devkitA64/lib/gcc/aarch64-none-elf/7.2.0/../../../../aarch64-none-elf/lib/pic/libg.a(lib_a-wcrtomb.o)
                0x00000000000114a8                _wcrtomb_r
 *fill*         0x0000000000011584        0x4 
 .text._wcsrtombs_r
                0x0000000000011588       0x10 /opt/devkitpro/devkitA64/lib/gcc/aarch64-none-elf/7.2.0/../../../../aarch64-none-elf/lib/pic/libg.a(lib_a-wcsrtombs.o)
                0x0000000000011588                _wcsrtombs_r
 .text.__utf8_wctomb
                0x0000000000011598       0xe8 /opt/devkitpro/devkitA64/lib/gcc/aarch64-none-elf/7.2.0/../../../../aarch64-none-elf/lib/pic/libg.a(lib_a-wctomb_r.o)
                0x0000000000011598                __utf8_wctomb
 .text.__swsetup_r
                0x0000000000011680      0x13c /opt/devkitpro/devkitA64/lib/gcc/aarch64-none-elf/7.2.0/../../../../aarch64-none-elf/lib/pic/libg.a(lib_a-wsetup.o)
                0x0000000000011680                __swsetup_r
 *fill*         0x00000000000117bc        0x4 
 .text.quorem   0x00000000000117c0      0x1b0 /opt/devkitpro/devkitA64/lib/gcc/aarch64-none-elf/7.2.0/../../../../aarch64-none-elf/lib/pic/libg.a(lib_a-dtoa.o)
 .text._dtoa_r  0x0000000000011970     0x11c4 /opt/devkitpro/devkitA64/lib/gcc/aarch64-none-elf/7.2.0/../../../../aarch64-none-elf/lib/pic/libg.a(lib_a-dtoa.o)
                0x0000000000011970                _dtoa_r
 *fill*         0x0000000000012b34        0x4 
 .text.__sflush_r
                0x0000000000012b38      0x278 /opt/devkitpro/devkitA64/lib/gcc/aarch64-none-elf/7.2.0/../../../../aarch64-none-elf/lib/pic/libg.a(lib_a-fflush.o)
                0x0000000000012b38                __sflush_r
 .text._fflush_r
                0x0000000000012db0       0xa4 /opt/devkitpro/devkitA64/lib/gcc/aarch64-none-elf/7.2.0/../../../../aarch64-none-elf/lib/pic/libg.a(lib_a-fflush.o)
                0x0000000000012db0                _fflush_r
 *fill*         0x0000000000012e54        0x4 
 .text.std      0x0000000000012e58       0x78 /opt/devkitpro/devkitA64/lib/gcc/aarch64-none-elf/7.2.0/../../../../aarch64-none-elf/lib/pic/libg.a(lib_a-findfp.o)
 .text._cleanup_r
                0x0000000000012ed0        0xc /opt/devkitpro/devkitA64/lib/gcc/aarch64-none-elf/7.2.0/../../../../aarch64-none-elf/lib/pic/libg.a(lib_a-findfp.o)
                0x0000000000012ed0                _cleanup_r
 *fill*         0x0000000000012edc        0x4 
 .text.__sfp_lock_acquire
                0x0000000000012ee0        0xc /opt/devkitpro/devkitA64/lib/gcc/aarch64-none-elf/7.2.0/../../../../aarch64-none-elf/lib/pic/libg.a(lib_a-findfp.o)
                0x0000000000012ee0                __sfp_lock_acquire
 *fill*         0x0000000000012eec        0x4 
 .text.__sfp_lock_release
                0x0000000000012ef0        0xc /opt/devkitpro/devkitA64/lib/gcc/aarch64-none-elf/7.2.0/../../../../aarch64-none-elf/lib/pic/libg.a(lib_a-findfp.o)
                0x0000000000012ef0                __sfp_lock_release
 *fill*         0x0000000000012efc        0x4 
 .text.__sinit_lock_acquire
                0x0000000000012f00        0xc /opt/devkitpro/devkitA64/lib/gcc/aarch64-none-elf/7.2.0/../../../../aarch64-none-elf/lib/pic/libg.a(lib_a-findfp.o)
                0x0000000000012f00                __sinit_lock_acquire
 *fill*         0x0000000000012f0c        0x4 
 .text.__sinit_lock_release
                0x0000000000012f10        0xc /opt/devkitpro/devkitA64/lib/gcc/aarch64-none-elf/7.2.0/../../../../aarch64-none-elf/lib/pic/libg.a(lib_a-findfp.o)
                0x0000000000012f10                __sinit_lock_release
 *fill*         0x0000000000012f1c        0x4 
 .text.__sinit  0x0000000000012f20       0x80 /opt/devkitpro/devkitA64/lib/gcc/aarch64-none-elf/7.2.0/../../../../aarch64-none-elf/lib/pic/libg.a(lib_a-findfp.o)
                0x0000000000012f20                __sinit
 .text._malloc_trim_r
                0x0000000000012fa0      0x11c /opt/devkitpro/devkitA64/lib/gcc/aarch64-none-elf/7.2.0/../../../../aarch64-none-elf/lib/pic/libg.a(lib_a-freer.o)
                0x0000000000012fa0                _malloc_trim_r
 *fill*         0x00000000000130bc        0x4 
 .text._free_r  0x00000000000130c0      0x314 /opt/devkitpro/devkitA64/lib/gcc/aarch64-none-elf/7.2.0/../../../../aarch64-none-elf/lib/pic/libg.a(lib_a-freer.o)
                0x00000000000130c0                _free_r
 *fill*         0x00000000000133d4        0x4 
 .text.__sfvwrite_r
                0x00000000000133d8      0x4f4 /opt/devkitpro/devkitA64/lib/gcc/aarch64-none-elf/7.2.0/../../../../aarch64-none-elf/lib/pic/libg.a(lib_a-fvwrite.o)
                0x00000000000133d8                __sfvwrite_r
 *fill*         0x00000000000138cc        0x4 
 .text._fwalk_reent
                0x00000000000138d0       0xcc /opt/devkitpro/devkitA64/lib/gcc/aarch64-none-elf/7.2.0/../../../../aarch64-none-elf/lib/pic/libg.a(lib_a-fwalk.o)
                0x00000000000138d0                _fwalk_reent
 *fill*         0x000000000001399c        0x4 
 .text.iswspace
                0x00000000000139a0       0x80 /opt/devkitpro/devkitA64/lib/gcc/aarch64-none-elf/7.2.0/../../../../aarch64-none-elf/lib/pic/libg.a(lib_a-iswspace.o)
                0x00000000000139a0                iswspace
 .text.__jp2uc  0x0000000000013a20      0x24c /opt/devkitpro/devkitA64/lib/gcc/aarch64-none-elf/7.2.0/../../../../aarch64-none-elf/lib/pic/libg.a(lib_a-jp2uc.o)
 *fill*         0x0000000000013c6c        0x4 
 .text._jp2uc   0x0000000000013c70       0xd0 /opt/devkitpro/devkitA64/lib/gcc/aarch64-none-elf/7.2.0/../../../../aarch64-none-elf/lib/pic/libg.a(lib_a-jp2uc.o)
                0x0000000000013c70                _jp2uc
 .text.__localeconv_l
                0x0000000000013d40        0x8 /opt/devkitpro/devkitA64/lib/gcc/aarch64-none-elf/7.2.0/../../../../aarch64-none-elf/lib/pic/libg.a(lib_a-localeconv.o)
                0x0000000000013d40                __localeconv_l
 .text._localeconv_r
                0x0000000000013d48       0x28 /opt/devkitpro/devkitA64/lib/gcc/aarch64-none-elf/7.2.0/../../../../aarch64-none-elf/lib/pic/libg.a(lib_a-localeconv.o)
                0x0000000000013d48                _localeconv_r
 .text.__swhatbuf_r
                0x0000000000013d70       0xac /opt/devkitpro/devkitA64/lib/gcc/aarch64-none-elf/7.2.0/../../../../aarch64-none-elf/lib/pic/libg.a(lib_a-makebuf.o)
                0x0000000000013d70                __swhatbuf_r
 *fill*         0x0000000000013e1c        0x4 
 .text.__smakebuf_r
                0x0000000000013e20      0x110 /opt/devkitpro/devkitA64/lib/gcc/aarch64-none-elf/7.2.0/../../../../aarch64-none-elf/lib/pic/libg.a(lib_a-makebuf.o)
                0x0000000000013e20                __smakebuf_r
 .text._mbrtowc_r
                0x0000000000013f30       0xf4 /opt/devkitpro/devkitA64/lib/gcc/aarch64-none-elf/7.2.0/../../../../aarch64-none-elf/lib/pic/libg.a(lib_a-mbrtowc.o)
                0x0000000000013f30                _mbrtowc_r
 *fill*         0x0000000000014024       0x1c 
 .text          0x0000000000014040       0xac /opt/devkitpro/devkitA64/lib/gcc/aarch64-none-elf/7.2.0/../../../../aarch64-none-elf/lib/pic/libg.a(lib_a-memmove.o)
                0x0000000000014040                memmove
 *fill*         0x00000000000140ec        0x4 
 .text._Balloc  0x00000000000140f0       0xa4 /opt/devkitpro/devkitA64/lib/gcc/aarch64-none-elf/7.2.0/../../../../aarch64-none-elf/lib/pic/libg.a(lib_a-mprec.o)
                0x00000000000140f0                _Balloc
 *fill*         0x0000000000014194        0x4 
 .text._Bfree   0x0000000000014198       0x1c /opt/devkitpro/devkitA64/lib/gcc/aarch64-none-elf/7.2.0/../../../../aarch64-none-elf/lib/pic/libg.a(lib_a-mprec.o)
                0x0000000000014198                _Bfree
 *fill*         0x00000000000141b4        0x4 
 .text.__multadd
                0x00000000000141b8       0xe0 /opt/devkitpro/devkitA64/lib/gcc/aarch64-none-elf/7.2.0/../../../../aarch64-none-elf/lib/pic/libg.a(lib_a-mprec.o)
                0x00000000000141b8                __multadd
 .text.__s2b    0x0000000000014298      0x120 /opt/devkitpro/devkitA64/lib/gcc/aarch64-none-elf/7.2.0/../../../../aarch64-none-elf/lib/pic/libg.a(lib_a-mprec.o)
                0x0000000000014298                __s2b
 .text.__hi0bits
                0x00000000000143b8       0x5c /opt/devkitpro/devkitA64/lib/gcc/aarch64-none-elf/7.2.0/../../../../aarch64-none-elf/lib/pic/libg.a(lib_a-mprec.o)
                0x00000000000143b8                __hi0bits
 *fill*         0x0000000000014414        0x4 
 .text.__lo0bits
                0x0000000000014418       0xa8 /opt/devkitpro/devkitA64/lib/gcc/aarch64-none-elf/7.2.0/../../../../aarch64-none-elf/lib/pic/libg.a(lib_a-mprec.o)
                0x0000000000014418                __lo0bits
 .text.__i2b    0x00000000000144c0       0x2c /opt/devkitpro/devkitA64/lib/gcc/aarch64-none-elf/7.2.0/../../../../aarch64-none-elf/lib/pic/libg.a(lib_a-mprec.o)
                0x00000000000144c0                __i2b
 *fill*         0x00000000000144ec        0x4 
 .text.__multiply
                0x00000000000144f0      0x1d8 /opt/devkitpro/devkitA64/lib/gcc/aarch64-none-elf/7.2.0/../../../../aarch64-none-elf/lib/pic/libg.a(lib_a-mprec.o)
                0x00000000000144f0                __multiply
 .text.__pow5mult
                0x00000000000146c8      0x108 /opt/devkitpro/devkitA64/lib/gcc/aarch64-none-elf/7.2.0/../../../../aarch64-none-elf/lib/pic/libg.a(lib_a-mprec.o)
                0x00000000000146c8                __pow5mult
 .text.__lshift
                0x00000000000147d0      0x144 /opt/devkitpro/devkitA64/lib/gcc/aarch64-none-elf/7.2.0/../../../../aarch64-none-elf/lib/pic/libg.a(lib_a-mprec.o)
                0x00000000000147d0                __lshift
 *fill*         0x0000000000014914        0x4 
 .text.__mcmp   0x0000000000014918       0x54 /opt/devkitpro/devkitA64/lib/gcc/aarch64-none-elf/7.2.0/../../../../aarch64-none-elf/lib/pic/libg.a(lib_a-mprec.o)
                0x0000000000014918                __mcmp
 *fill*         0x000000000001496c        0x4 
 .text.__mdiff  0x0000000000014970      0x164 /opt/devkitpro/devkitA64/lib/gcc/aarch64-none-elf/7.2.0/../../../../aarch64-none-elf/lib/pic/libg.a(lib_a-mprec.o)
                0x0000000000014970                __mdiff
 *fill*         0x0000000000014ad4        0x4 
 .text.__ulp    0x0000000000014ad8       0x74 /opt/devkitpro/devkitA64/lib/gcc/aarch64-none-elf/7.2.0/../../../../aarch64-none-elf/lib/pic/libg.a(lib_a-mprec.o)
                0x0000000000014ad8                __ulp
 *fill*         0x0000000000014b4c        0x4 
 .text.__b2d    0x0000000000014b50      0x154 /opt/devkitpro/devkitA64/lib/gcc/aarch64-none-elf/7.2.0/../../../../aarch64-none-elf/lib/pic/libg.a(lib_a-mprec.o)
                0x0000000000014b50                __b2d
 *fill*         0x0000000000014ca4        0x4 
 .text.__d2b    0x0000000000014ca8      0x12c /opt/devkitpro/devkitA64/lib/gcc/aarch64-none-elf/7.2.0/../../../../aarch64-none-elf/lib/pic/libg.a(lib_a-mprec.o)
                0x0000000000014ca8                __d2b
 *fill*         0x0000000000014dd4        0x4 
 .text.__ratio  0x0000000000014dd8       0xa0 /opt/devkitpro/devkitA64/lib/gcc/aarch64-none-elf/7.2.0/../../../../aarch64-none-elf/lib/pic/libg.a(lib_a-mprec.o)
                0x0000000000014dd8                __ratio
 .text.__copybits
                0x0000000000014e78       0x68 /opt/devkitpro/devkitA64/lib/gcc/aarch64-none-elf/7.2.0/../../../../aarch64-none-elf/lib/pic/libg.a(lib_a-mprec.o)
                0x0000000000014e78                __copybits
 .text.__any_on
                0x0000000000014ee0       0x88 /opt/devkitpro/devkitA64/lib/gcc/aarch64-none-elf/7.2.0/../../../../aarch64-none-elf/lib/pic/libg.a(lib_a-mprec.o)
                0x0000000000014ee0                __any_on
 .text._realloc_r
                0x0000000000014f68      0x55c /opt/devkitpro/devkitA64/lib/gcc/aarch64-none-elf/7.2.0/../../../../aarch64-none-elf/lib/pic/libg.a(lib_a-reallocr.o)
                0x0000000000014f68                _realloc_r
 *fill*         0x00000000000154c4        0x4 
 .text.__sccl   0x00000000000154c8       0xb4 /opt/devkitpro/devkitA64/lib/gcc/aarch64-none-elf/7.2.0/../../../../aarch64-none-elf/lib/pic/libg.a(lib_a-sccl.o)
                0x00000000000154c8                __sccl
 *fill*         0x000000000001557c        0x4 
 .text.nanf     0x0000000000015580        0xc /opt/devkitpro/devkitA64/lib/gcc/aarch64-none-elf/7.2.0/../../../../aarch64-none-elf/lib/pic/libg.a(lib_a-sf_nan.o)
                0x0000000000015580                nanf
 *fill*         0x000000000001558c        0x4 
 .text.frexp    0x0000000000015590       0x94 /opt/devkitpro/devkitA64/lib/gcc/aarch64-none-elf/7.2.0/../../../../aarch64-none-elf/lib/pic/libg.a(lib_a-s_frexp.o)
                0x0000000000015590                frexp
 *fill*         0x0000000000015624        0x4 
 .text.sprintf  0x0000000000015628       0xb0 /opt/devkitpro/devkitA64/lib/gcc/aarch64-none-elf/7.2.0/../../../../aarch64-none-elf/lib/pic/libg.a(lib_a-sprintf.o)
                0x0000000000015628                sprintf
 .text.stpncpy  0x00000000000156d8       0xc8 /opt/devkitpro/devkitA64/lib/gcc/aarch64-none-elf/7.2.0/../../../../aarch64-none-elf/lib/pic/libg.a(lib_a-stpncpy.o)
                0x00000000000156d8                stpncpy
 .text._strtod_l
                0x00000000000157a0     0x1110 /opt/devkitpro/devkitA64/lib/gcc/aarch64-none-elf/7.2.0/../../../../aarch64-none-elf/lib/pic/libg.a(lib_a-strtod.o)
                0x00000000000157a0                _strtod_l
 .text._strtod_r
                0x00000000000168b0       0x50 /opt/devkitpro/devkitA64/lib/gcc/aarch64-none-elf/7.2.0/../../../../aarch64-none-elf/lib/pic/libg.a(lib_a-strtod.o)
                0x00000000000168b0                _strtod_r
 .text._strtoll_l.isra.0
                0x0000000000016900      0x1d8 /opt/devkitpro/devkitA64/lib/gcc/aarch64-none-elf/7.2.0/../../../../aarch64-none-elf/lib/pic/libg.a(lib_a-strtoll.o)
 .text._strtoll_r
                0x0000000000016ad8       0x58 /opt/devkitpro/devkitA64/lib/gcc/aarch64-none-elf/7.2.0/../../../../aarch64-none-elf/lib/pic/libg.a(lib_a-strtoll.o)
                0x0000000000016ad8                _strtoll_r
 .text._strtoull_l.isra.0
                0x0000000000016b30      0x1e0 /opt/devkitpro/devkitA64/lib/gcc/aarch64-none-elf/7.2.0/../../../../aarch64-none-elf/lib/pic/libg.a(lib_a-strtoull.o)
 .text._strtoull_r
                0x0000000000016d10       0x58 /opt/devkitpro/devkitA64/lib/gcc/aarch64-none-elf/7.2.0/../../../../aarch64-none-elf/lib/pic/libg.a(lib_a-strtoull.o)
                0x0000000000016d10                _strtoull_r
 .text._strtoul_l.isra.0
                0x0000000000016d68      0x1e0 /opt/devkitpro/devkitA64/lib/gcc/aarch64-none-elf/7.2.0/../../../../aarch64-none-elf/lib/pic/libg.a(lib_a-strtoul.o)
 .text._strtoul_r
                0x0000000000016f48       0x58 /opt/devkitpro/devkitA64/lib/gcc/aarch64-none-elf/7.2.0/../../../../aarch64-none-elf/lib/pic/libg.a(lib_a-strtoul.o)
                0x0000000000016f48                _strtoul_r
 .text.__ssprint_r
                0x0000000000016fa0      0x1c0 /opt/devkitpro/devkitA64/lib/gcc/aarch64-none-elf/7.2.0/../../../../aarch64-none-elf/lib/pic/libg.a(lib_a-svfiprintf.o)
                0x0000000000016fa0                __ssprint_r
 .text._sungetc_r
                0x0000000000017160       0xf4 /opt/devkitpro/devkitA64/lib/gcc/aarch64-none-elf/7.2.0/../../../../aarch64-none-elf/lib/pic/libg.a(lib_a-svfiscanf.o)
                0x0000000000017160                _sungetc_r
 .text.__ssrefill_r
                0x0000000000017254       0x70 /opt/devkitpro/devkitA64/lib/gcc/aarch64-none-elf/7.2.0/../../../../aarch64-none-elf/lib/pic/libg.a(lib_a-svfiscanf.o)
                0x0000000000017254                __ssrefill_r
 .text._sfread_r
                0x00000000000172c4       0xcc /opt/devkitpro/devkitA64/lib/gcc/aarch64-none-elf/7.2.0/../../../../aarch64-none-elf/lib/pic/libg.a(lib_a-svfiscanf.o)
                0x00000000000172c4                _sfread_r
 .text.get_arg  0x0000000000017390      0x778 /opt/devkitpro/devkitA64/lib/gcc/aarch64-none-elf/7.2.0/../../../../aarch64-none-elf/lib/pic/libg.a(lib_a-svfprintf.o)
 .text._svfprintf_r
                0x0000000000017b08     0x3abc /opt/devkitpro/devkitA64/lib/gcc/aarch64-none-elf/7.2.0/../../../../aarch64-none-elf/lib/pic/libg.a(lib_a-svfprintf.o)
                0x0000000000017b08                _svfprintf_r
 *fill*         0x000000000001b5c4        0x4 
 .text.__submore
                0x000000000001b5c8       0xd8 /opt/devkitpro/devkitA64/lib/gcc/aarch64-none-elf/7.2.0/../../../../aarch64-none-elf/lib/pic/libg.a(lib_a-ungetc.o)
                0x000000000001b5c8                __submore
 .text._wcsnrtombs_l
                0x000000000001b6a0      0x1d4 /opt/devkitpro/devkitA64/lib/gcc/aarch64-none-elf/7.2.0/../../../../aarch64-none-elf/lib/pic/libg.a(lib_a-wcsnrtombs.o)
                0x000000000001b6a0                _wcsnrtombs_l
 *fill*         0x000000000001b874        0x4 
 .text._wcsnrtombs_r
                0x000000000001b878       0x74 /opt/devkitpro/devkitA64/lib/gcc/aarch64-none-elf/7.2.0/../../../../aarch64-none-elf/lib/pic/libg.a(lib_a-wcsnrtombs.o)
                0x000000000001b878                _wcsnrtombs_r
 *fill*         0x000000000001b8ec        0x4 
 .text._calloc_r
                0x000000000001b8f0       0x90 /opt/devkitpro/devkitA64/lib/gcc/aarch64-none-elf/7.2.0/../../../../aarch64-none-elf/lib/pic/libg.a(lib_a-callocr.o)
                0x000000000001b8f0                _calloc_r
 .text._fclose_r
                0x000000000001b980      0x18c /opt/devkitpro/devkitA64/lib/gcc/aarch64-none-elf/7.2.0/../../../../aarch64-none-elf/lib/pic/libg.a(lib_a-fclose.o)
                0x000000000001b980                _fclose_r
 *fill*         0x000000000001bb0c        0x4 
 .text.rshift   0x000000000001bb10       0xf0 /opt/devkitpro/devkitA64/lib/gcc/aarch64-none-elf/7.2.0/../../../../aarch64-none-elf/lib/pic/libg.a(lib_a-gdtoa-gethex.o)
 .text.__gethex
                0x000000000001bc00      0x7c0 /opt/devkitpro/devkitA64/lib/gcc/aarch64-none-elf/7.2.0/../../../../aarch64-none-elf/lib/pic/libg.a(lib_a-gdtoa-gethex.o)
                0x000000000001bc00                __gethex
 .text.__match  0x000000000001c3c0       0x48 /opt/devkitpro/devkitA64/lib/gcc/aarch64-none-elf/7.2.0/../../../../aarch64-none-elf/lib/pic/libg.a(lib_a-gdtoa-hexnan.o)
                0x000000000001c3c0                __match
 .text.__hexnan
                0x000000000001c408      0x228 /opt/devkitpro/devkitA64/lib/gcc/aarch64-none-elf/7.2.0/../../../../aarch64-none-elf/lib/pic/libg.a(lib_a-gdtoa-hexnan.o)
                0x000000000001c408                __hexnan
 .text.null_write
                0x000000000001c630        0x8 /opt/devkitpro/devkitA64/lib/gcc/aarch64-none-elf/7.2.0/../../../../aarch64-none-elf/lib/pic/libsysbase.a(iosupport.o)
 .text._close_r
                0x000000000001c638       0xb8 /opt/devkitpro/devkitA64/lib/gcc/aarch64-none-elf/7.2.0/../../../../aarch64-none-elf/lib/pic/libsysbase.a(close.o)
                0x000000000001c638                _close_r
 .text._fstat_r
                0x000000000001c6f0       0x80 /opt/devkitpro/devkitA64/lib/gcc/aarch64-none-elf/7.2.0/../../../../aarch64-none-elf/lib/pic/libsysbase.a(fstat.o)
                0x000000000001c6f0                _fstat_r
 .text._isatty_r
                0x000000000001c770        0x8 /opt/devkitpro/devkitA64/lib/gcc/aarch64-none-elf/7.2.0/../../../../aarch64-none-elf/lib/pic/libsysbase.a(isatty.o)
                0x000000000001c770                _isatty_r
 .text._lseek_r
                0x000000000001c778       0x94 /opt/devkitpro/devkitA64/lib/gcc/aarch64-none-elf/7.2.0/../../../../aarch64-none-elf/lib/pic/libsysbase.a(lseek.o)
                0x000000000001c778                _lseek_r
 *fill*         0x000000000001c80c        0x4 
 .text._read_r  0x000000000001c810       0x98 /opt/devkitpro/devkitA64/lib/gcc/aarch64-none-elf/7.2.0/../../../../aarch64-none-elf/lib/pic/libsysbase.a(read.o)
                0x000000000001c810                _read_r
 .text._sbrk_r  0x000000000001c8a8       0x7c /opt/devkitpro/devkitA64/lib/gcc/aarch64-none-elf/7.2.0/../../../../aarch64-none-elf/lib/pic/libsysbase.a(sbrk.o)
                0x000000000001c8a8                _sbrk_r
 *fill*         0x000000000001c924        0x4 
 .text._write_r
                0x000000000001c928       0x98 /opt/devkitpro/devkitA64/lib/gcc/aarch64-none-elf/7.2.0/../../../../aarch64-none-elf/lib/pic/libsysbase.a(write.o)
                0x000000000001c928                _write_r
 .text.__libc_lock_acquire
                0x000000000001c9c0       0x1c /opt/devkitpro/devkitA64/lib/gcc/aarch64-none-elf/7.2.0/../../../../aarch64-none-elf/lib/pic/libsysbase.a(syscall_support.o)
                0x000000000001c9c0                __libc_lock_acquire
 *fill*         0x000000000001c9dc        0x4 
 .text.__libc_lock_release
                0x000000000001c9e0       0x1c /opt/devkitpro/devkitA64/lib/gcc/aarch64-none-elf/7.2.0/../../../../aarch64-none-elf/lib/pic/libsysbase.a(syscall_support.o)
                0x000000000001c9e0                __libc_lock_release
 *fill*         0x000000000001c9fc        0x4 
 .text.__libc_lock_init_recursive
                0x000000000001ca00       0x1c /opt/devkitpro/devkitA64/lib/gcc/aarch64-none-elf/7.2.0/../../../../aarch64-none-elf/lib/pic/libsysbase.a(syscall_support.o)
                0x000000000001ca00                __libc_lock_init_recursive
 *fill*         0x000000000001ca1c        0x4 
 .text.__libc_lock_acquire_recursive
                0x000000000001ca20       0x1c /opt/devkitpro/devkitA64/lib/gcc/aarch64-none-elf/7.2.0/../../../../aarch64-none-elf/lib/pic/libsysbase.a(syscall_support.o)
                0x000000000001ca20                __libc_lock_acquire_recursive
 *fill*         0x000000000001ca3c        0x4 
 .text.__libc_lock_release_recursive
                0x000000000001ca40       0x1c /opt/devkitpro/devkitA64/lib/gcc/aarch64-none-elf/7.2.0/../../../../aarch64-none-elf/lib/pic/libsysbase.a(syscall_support.o)
                0x000000000001ca40                __libc_lock_release_recursive
 *fill*         0x000000000001ca5c        0x4 
 .text.__libc_lock_close_recursive
                0x000000000001ca60       0x1c /opt/devkitpro/devkitA64/lib/gcc/aarch64-none-elf/7.2.0/../../../../aarch64-none-elf/lib/pic/libsysbase.a(syscall_support.o)
                0x000000000001ca60                __libc_lock_close_recursive
 *fill*         0x000000000001ca7c        0x4 
 .text.__free_handle
                0x000000000001ca80       0x3c /opt/devkitpro/devkitA64/lib/gcc/aarch64-none-elf/7.2.0/../../../../aarch64-none-elf/lib/pic/libsysbase.a(handle_manager.o)
                0x000000000001ca80                __free_handle
 *fill*         0x000000000001cabc        0x4 
 .text.__release_handle
                0x000000000001cac0       0x5c /opt/devkitpro/devkitA64/lib/gcc/aarch64-none-elf/7.2.0/../../../../aarch64-none-elf/lib/pic/libsysbase.a(handle_manager.o)
                0x000000000001cac0                __release_handle
 *fill*         0x000000000001cb1c        0x4 
 .text.__get_handle
                0x000000000001cb20       0x20 /opt/devkitpro/devkitA64/lib/gcc/aarch64-none-elf/7.2.0/../../../../aarch64-none-elf/lib/pic/libsysbase.a(handle_manager.o)
                0x000000000001cb20                __get_handle
 .text.__getreent
                0x000000000001cb40       0x28 /opt/devkitpro/devkitA64/lib/gcc/aarch64-none-elf/7.2.0/../../../../aarch64-none-elf/lib/pic/libsysbase.a(getreent.o)
                0x000000000001cb40                __getreent
 .text.__extenddftf2
                0x000000000001cb68      0x120 /opt/devkitpro/devkitA64/lib/gcc/aarch64-none-elf/7.2.0/pic/libgcc.a(extenddftf2.o)
                0x000000000001cb68                __extenddftf2
 .text.__trunctfdf2
                0x000000000001cc88      0x35c /opt/devkitpro/devkitA64/lib/gcc/aarch64-none-elf/7.2.0/pic/libgcc.a(trunctfdf2.o)
                0x000000000001cc88                __trunctfdf2
 *fill*         0x000000000001cfe4        0x4 
 .text.__sfp_handle_exceptions
                0x000000000001cfe8       0x70 /opt/devkitpro/devkitA64/lib/gcc/aarch64-none-elf/7.2.0/pic/libgcc.a(sfp-exceptions.o)
                0x000000000001cfe8                __sfp_handle_exceptions
                0x000000000001d058                . = ALIGN (0x8)

.fini           0x000000000001d058       0x38
 *(.fini)
 .fini          0x000000000001d058       0x18 /opt/devkitpro/devkitA64/lib/gcc/aarch64-none-elf/7.2.0/pic/crti.o
                0x000000000001d058                _fini
 .fini          0x000000000001d070       0x1c /opt/devkitpro/devkitA64/lib/gcc/aarch64-none-elf/7.2.0/pic/crtn.o
                0x000000000001d090                . = ALIGN (0x8)
 *fill*         0x000000000001d08c        0x4 
                0x000000000001e000                . = ALIGN (0x1000)

.rodata         0x000000000001e000     0x48a8
 *(.rodata .rodata.* .gnu.linkonce.r.*)
 .rodata.str1.8
                0x000000000001e000       0x15 main.o
 *fill*         0x000000000001e015        0x3 
 .rodata.appletInitialize.str1.8
                0x000000000001e018       0x19 /opt/devkitpro/libnx/lib/libnx.a(applet.o)
 *fill*         0x000000000001e031        0x7 
 .rodata.hidInitialize.str1.8
                0x000000000001e038        0x4 /opt/devkitpro/libnx/lib/libnx.a(hid.o)
 *fill*         0x000000000001e03c        0x4 
 .rodata.smInitialize.str1.8
                0x000000000001e040        0x4 /opt/devkitpro/libnx/lib/libnx.a(sm.o)
                                          0x9 (size before relaxing)
 *fill*         0x000000000001e044        0x4 
 .rodata.fatalSimple.str1.8
                0x000000000001e048        0x8 /opt/devkitpro/libnx/lib/libnx.a(fatal.o)
 .rodata.fsInitialize.str1.8
                0x000000000001e050        0x8 /opt/devkitpro/libnx/lib/libnx.a(fs.o)
 .rodata.gfxInitDefault.str1.8
                0x000000000001e058        0x8 /opt/devkitpro/libnx/lib/libnx.a(gfx.o)
 .rodata.nvgfxInitialize.str1.8
                0x000000000001e060       0x61 /opt/devkitpro/libnx/lib/libnx.a(nvgfx.o)
 *fill*         0x000000000001e0c1        0x3 
 .rodata.con_write
                0x000000000001e0c4       0x64 /opt/devkitpro/libnx/lib/libnx.a(console.o)
 .rodata.colorTable
                0x000000000001e128       0x60 /opt/devkitpro/libnx/lib/libnx.a(console.o)
 .rodata.con_write.str1.8
                0x000000000001e188       0x56 /opt/devkitpro/libnx/lib/libnx.a(console.o)
 *fill*         0x000000000001e1de        0x2 
 .rodata.str1.8
                0x000000000001e1e0       0x14 /opt/devkitpro/libnx/lib/libnx.a(console.o)
 .rodata        0x000000000001e1f4      0x804 /opt/devkitpro/libnx/lib/libnx.a(default_font.bin.o)
                0x000000000001e1f4                default_font_bin
                0x000000000001e9f4                default_font_bin_end
                0x000000000001e9f4                default_font_bin_size
 .rodata.nvInitialize.str1.8
                0x000000000001e9f8       0x20 /opt/devkitpro/libnx/lib/libnx.a(nv.o)
 .rodata.viInitialize.str1.8
                0x000000000001ea18       0x15 /opt/devkitpro/libnx/lib/libnx.a(vi.o)
 *fill*         0x000000000001ea2d        0x3 
 .rodata.str1.8
                0x000000000001ea30       0x5c /opt/devkitpro/devkitA64/lib/gcc/aarch64-none-elf/7.2.0/../../../../aarch64-none-elf/lib/pic/libg.a(lib_a-locale.o)
                                         0x64 (size before relaxing)
 .rodata.__ssvfscanf_r
                0x000000000001ea8c        0x8 /opt/devkitpro/devkitA64/lib/gcc/aarch64-none-elf/7.2.0/../../../../aarch64-none-elf/lib/pic/libg.a(lib_a-svfscanf.o)
 .rodata.__ssvfscanf_r.str1.1
                0x000000000001ea94        0x5 /opt/devkitpro/devkitA64/lib/gcc/aarch64-none-elf/7.2.0/../../../../aarch64-none-elf/lib/pic/libg.a(lib_a-svfscanf.o)
 *fill*         0x000000000001ea99        0x7 
 .rodata.basefix.6258
                0x000000000001eaa0       0x22 /opt/devkitpro/devkitA64/lib/gcc/aarch64-none-elf/7.2.0/../../../../aarch64-none-elf/lib/pic/libg.a(lib_a-svfscanf.o)
 *fill*         0x000000000001eac2        0x2 
 .rodata.get_arg
                0x000000000001eac4       0x92 /opt/devkitpro/devkitA64/lib/gcc/aarch64-none-elf/7.2.0/../../../../aarch64-none-elf/lib/pic/libg.a(lib_a-vfprintf.o)
 *fill*         0x000000000001eb56        0x2 
 .rodata._vfprintf_r
                0x000000000001eb58       0xb6 /opt/devkitpro/devkitA64/lib/gcc/aarch64-none-elf/7.2.0/../../../../aarch64-none-elf/lib/pic/libg.a(lib_a-vfprintf.o)
 *fill*         0x000000000001ec0e        0x2 
 .rodata._vfprintf_r.cst8
                0x000000000001ec10        0x8 /opt/devkitpro/devkitA64/lib/gcc/aarch64-none-elf/7.2.0/../../../../aarch64-none-elf/lib/pic/libg.a(lib_a-vfprintf.o)
 .rodata._vfprintf_r.str1.1
                0x000000000001ec18       0x34 /opt/devkitpro/devkitA64/lib/gcc/aarch64-none-elf/7.2.0/../../../../aarch64-none-elf/lib/pic/libg.a(lib_a-vfprintf.o)
 *fill*         0x000000000001ec4c        0x4 
 .rodata.blanks.6243
                0x000000000001ec50       0x10 /opt/devkitpro/devkitA64/lib/gcc/aarch64-none-elf/7.2.0/../../../../aarch64-none-elf/lib/pic/libg.a(lib_a-vfprintf.o)
 .rodata.zeroes.6244
                0x000000000001ec60       0x10 /opt/devkitpro/devkitA64/lib/gcc/aarch64-none-elf/7.2.0/../../../../aarch64-none-elf/lib/pic/libg.a(lib_a-vfprintf.o)
 .rodata._ctype_
                0x000000000001ec70      0x101 /opt/devkitpro/devkitA64/lib/gcc/aarch64-none-elf/7.2.0/../../../../aarch64-none-elf/lib/pic/libg.a(lib_a-ctype_.o)
                0x000000000001ec70                _ctype_
 *fill*         0x000000000001ed71        0x7 
 .rodata._dtoa_r.cst8
                0x000000000001ed78       0x18 /opt/devkitpro/devkitA64/lib/gcc/aarch64-none-elf/7.2.0/../../../../aarch64-none-elf/lib/pic/libg.a(lib_a-dtoa.o)
 .rodata._dtoa_r.str1.8
                0x000000000001ed90       0x1a /opt/devkitpro/devkitA64/lib/gcc/aarch64-none-elf/7.2.0/../../../../aarch64-none-elf/lib/pic/libg.a(lib_a-dtoa.o)
 *fill*         0x000000000001edaa        0x6 
 .rodata._jp2uc.str1.8
                0x000000000001edb0       0x16 /opt/devkitpro/devkitA64/lib/gcc/aarch64-none-elf/7.2.0/../../../../aarch64-none-elf/lib/pic/libg.a(lib_a-jp2uc.o)
 *fill*         0x000000000001edc6        0x2 
 .rodata.a1     0x000000000001edc8       0xbc /opt/devkitpro/devkitA64/lib/gcc/aarch64-none-elf/7.2.0/../../../../aarch64-none-elf/lib/pic/libg.a(lib_a-jp2uc.o)
 *fill*         0x000000000001ee84        0x4 
 .rodata.a2     0x000000000001ee88       0xbc /opt/devkitpro/devkitA64/lib/gcc/aarch64-none-elf/7.2.0/../../../../aarch64-none-elf/lib/pic/libg.a(lib_a-jp2uc.o)
 *fill*         0x000000000001ef44        0x4 
 .rodata.a3     0x000000000001ef48       0x5b /opt/devkitpro/devkitA64/lib/gcc/aarch64-none-elf/7.2.0/../../../../aarch64-none-elf/lib/pic/libg.a(lib_a-jp2uc.o)
 *fill*         0x000000000001efa3        0x5 
 .rodata.a6     0x000000000001efa8       0x70 /opt/devkitpro/devkitA64/lib/gcc/aarch64-none-elf/7.2.0/../../../../aarch64-none-elf/lib/pic/libg.a(lib_a-jp2uc.o)
 .rodata.a7     0x000000000001f018       0xa2 /opt/devkitpro/devkitA64/lib/gcc/aarch64-none-elf/7.2.0/../../../../aarch64-none-elf/lib/pic/libg.a(lib_a-jp2uc.o)
 *fill*         0x000000000001f0ba        0x6 
 .rodata.a8     0x000000000001f0c0       0x40 /opt/devkitpro/devkitA64/lib/gcc/aarch64-none-elf/7.2.0/../../../../aarch64-none-elf/lib/pic/libg.a(lib_a-jp2uc.o)
 .rodata.b02cf  0x000000000001f100     0x172a /opt/devkitpro/devkitA64/lib/gcc/aarch64-none-elf/7.2.0/../../../../aarch64-none-elf/lib/pic/libg.a(lib_a-jp2uc.o)
 *fill*         0x000000000002082a        0x6 
 .rodata.d02f4  0x0000000000020830     0x1a7c /opt/devkitpro/devkitA64/lib/gcc/aarch64-none-elf/7.2.0/../../../../aarch64-none-elf/lib/pic/libg.a(lib_a-jp2uc.o)
 .rodata._mbrtowc_r.str1.8
                0x00000000000222ac        0x1 /opt/devkitpro/devkitA64/lib/gcc/aarch64-none-elf/7.2.0/../../../../aarch64-none-elf/lib/pic/libg.a(lib_a-mbrtowc.o)
 *fill*         0x00000000000222ac        0x4 
 .rodata.__mprec_bigtens
                0x00000000000222b0       0x28 /opt/devkitpro/devkitA64/lib/gcc/aarch64-none-elf/7.2.0/../../../../aarch64-none-elf/lib/pic/libg.a(lib_a-mprec.o)
                0x00000000000222b0                __mprec_bigtens
 .rodata.__mprec_tens
                0x00000000000222d8       0xc8 /opt/devkitpro/devkitA64/lib/gcc/aarch64-none-elf/7.2.0/../../../../aarch64-none-elf/lib/pic/libg.a(lib_a-mprec.o)
                0x00000000000222d8                __mprec_tens
 .rodata.p05.5018
                0x00000000000223a0        0xc /opt/devkitpro/devkitA64/lib/gcc/aarch64-none-elf/7.2.0/../../../../aarch64-none-elf/lib/pic/libg.a(lib_a-mprec.o)
 .rodata.nanf.cst4
                0x00000000000223ac        0x4 /opt/devkitpro/devkitA64/lib/gcc/aarch64-none-elf/7.2.0/../../../../aarch64-none-elf/lib/pic/libg.a(lib_a-sf_nan.o)
 .rodata.frexp.cst8
                0x00000000000223b0        0x8 /opt/devkitpro/devkitA64/lib/gcc/aarch64-none-elf/7.2.0/../../../../aarch64-none-elf/lib/pic/libg.a(lib_a-s_frexp.o)
 .rodata._strtod_l.cst8
                0x00000000000223b8       0x20 /opt/devkitpro/devkitA64/lib/gcc/aarch64-none-elf/7.2.0/../../../../aarch64-none-elf/lib/pic/libg.a(lib_a-strtod.o)
 .rodata._strtod_l.str1.8
                0x00000000000223d8       0x13 /opt/devkitpro/devkitA64/lib/gcc/aarch64-none-elf/7.2.0/../../../../aarch64-none-elf/lib/pic/libg.a(lib_a-strtod.o)
 *fill*         0x00000000000223eb        0x5 
 .rodata.fpi.5098
                0x00000000000223f0       0x14 /opt/devkitpro/devkitA64/lib/gcc/aarch64-none-elf/7.2.0/../../../../aarch64-none-elf/lib/pic/libg.a(lib_a-strtod.o)
 *fill*         0x0000000000022404        0x4 
 .rodata.fpinan.5134
                0x0000000000022408       0x14 /opt/devkitpro/devkitA64/lib/gcc/aarch64-none-elf/7.2.0/../../../../aarch64-none-elf/lib/pic/libg.a(lib_a-strtod.o)
 *fill*         0x000000000002241c        0x4 
 .rodata.tinytens
                0x0000000000022420       0x28 /opt/devkitpro/devkitA64/lib/gcc/aarch64-none-elf/7.2.0/../../../../aarch64-none-elf/lib/pic/libg.a(lib_a-strtod.o)
 .rodata.__action_table
                0x0000000000022448       0x6c /opt/devkitpro/devkitA64/lib/gcc/aarch64-none-elf/7.2.0/../../../../aarch64-none-elf/lib/pic/libg.a(lib_a-svfiprintf.o)
                0x0000000000022448                __action_table
 *fill*         0x00000000000224b4        0x4 
 .rodata.__chclass
                0x00000000000224b8      0x100 /opt/devkitpro/devkitA64/lib/gcc/aarch64-none-elf/7.2.0/../../../../aarch64-none-elf/lib/pic/libg.a(lib_a-svfiprintf.o)
                0x00000000000224b8                __chclass
 .rodata.__state_table
                0x00000000000225b8       0x6c /opt/devkitpro/devkitA64/lib/gcc/aarch64-none-elf/7.2.0/../../../../aarch64-none-elf/lib/pic/libg.a(lib_a-svfiprintf.o)
                0x00000000000225b8                __state_table
 .rodata.get_arg
                0x0000000000022624       0x92 /opt/devkitpro/devkitA64/lib/gcc/aarch64-none-elf/7.2.0/../../../../aarch64-none-elf/lib/pic/libg.a(lib_a-svfprintf.o)
 *fill*         0x00000000000226b6        0x2 
 .rodata._svfprintf_r
                0x00000000000226b8       0xb6 /opt/devkitpro/devkitA64/lib/gcc/aarch64-none-elf/7.2.0/../../../../aarch64-none-elf/lib/pic/libg.a(lib_a-svfprintf.o)
 .rodata._svfprintf_r.cst8
                0x000000000002276e        0x8 /opt/devkitpro/devkitA64/lib/gcc/aarch64-none-elf/7.2.0/../../../../aarch64-none-elf/lib/pic/libg.a(lib_a-svfprintf.o)
 .rodata._svfprintf_r.str1.1
                0x000000000002276e       0x34 /opt/devkitpro/devkitA64/lib/gcc/aarch64-none-elf/7.2.0/../../../../aarch64-none-elf/lib/pic/libg.a(lib_a-svfprintf.o)
 *fill*         0x000000000002276e        0x2 
 .rodata.blanks.6228
                0x0000000000022770       0x10 /opt/devkitpro/devkitA64/lib/gcc/aarch64-none-elf/7.2.0/../../../../aarch64-none-elf/lib/pic/libg.a(lib_a-svfprintf.o)
 .rodata.zeroes.6229
                0x0000000000022780       0x10 /opt/devkitpro/devkitA64/lib/gcc/aarch64-none-elf/7.2.0/../../../../aarch64-none-elf/lib/pic/libg.a(lib_a-svfprintf.o)
 .rodata.__hexdig
                0x0000000000022790      0x100 /opt/devkitpro/devkitA64/lib/gcc/aarch64-none-elf/7.2.0/../../../../aarch64-none-elf/lib/pic/libg.a(lib_a-gdtoa-gethex.o)
                0x0000000000022790                __hexdig
 .rodata.AddDevice.str1.8
                0x0000000000022890        0x8 /opt/devkitpro/devkitA64/lib/gcc/aarch64-none-elf/7.2.0/../../../../aarch64-none-elf/lib/pic/libsysbase.a(iosupport.o)
 .rodata.__sfp_handle_exceptions.cst4
                0x0000000000022898        0xc /opt/devkitpro/devkitA64/lib/gcc/aarch64-none-elf/7.2.0/pic/libgcc.a(sfp-exceptions.o)
                0x00000000000228a8                . = ALIGN (0x8)
 *fill*         0x00000000000228a4        0x4 

.eh_frame_hdr
 *(.eh_frame_hdr)
 *(.eh_frame_entry .eh_frame_entry.*)

.eh_frame       0x00000000000228a8      0x180
 *(.eh_frame)
 .eh_frame      0x00000000000228a8        0x0 /opt/devkitpro/devkitA64/lib/gcc/aarch64-none-elf/7.2.0/pic/crtbegin.o
 .eh_frame      0x00000000000228a8       0x28 /opt/devkitpro/libnx/lib/libnx.a(cache.o)
 .eh_frame      0x00000000000228d0      0x154 /opt/devkitpro/libnx/lib/libnx.a(svc.o)
                                        0x438 (size before relaxing)
 .eh_frame      0x0000000000022a24        0x4 /opt/devkitpro/devkitA64/lib/gcc/aarch64-none-elf/7.2.0/pic/crtend.o
 *(.eh_frame.*)

.gcc_except_table
 *(.gcc_except_table .gcc_except_table.*)

.gnu_extab
 *(.gnu_extab*)

.dynamic        0x0000000000022a28      0x160
 *(.dynamic)
 .dynamic       0x0000000000022a28      0x160 /opt/devkitpro/devkitA64/lib/gcc/aarch64-none-elf/7.2.0/../../../../aarch64-none-elf/lib/pic/switch_crt0.o
                0x0000000000022a28                _DYNAMIC

.interp         0x0000000000022b88        0xd
 *(.interp)
 .interp        0x0000000000022b88        0xd /opt/devkitpro/devkitA64/lib/gcc/aarch64-none-elf/7.2.0/../../../../aarch64-none-elf/lib/pic/switch_crt0.o

.note.gnu.build-id
 *(.note.gnu.build-id)

.hash           0x0000000000022b98       0x18
 *(.hash)
 .hash          0x0000000000022b98       0x18 /opt/devkitpro/devkitA64/lib/gcc/aarch64-none-elf/7.2.0/../../../../aarch64-none-elf/lib/pic/switch_crt0.o

.gnu.hash
 *(.gnu.hash)

.gnu.version    0x0000000000022bb0        0x0
 *(.gnu.version)
 .gnu.version   0x0000000000022bb0        0x0 /opt/devkitpro/devkitA64/lib/gcc/aarch64-none-elf/7.2.0/../../../../aarch64-none-elf/lib/pic/switch_crt0.o

.gnu.version_d  0x0000000000022bb0        0x0
 *(.gnu.version_d)
 .gnu.version_d
                0x0000000000022bb0        0x0 /opt/devkitpro/devkitA64/lib/gcc/aarch64-none-elf/7.2.0/../../../../aarch64-none-elf/lib/pic/switch_crt0.o

.gnu.version_r  0x0000000000022bb0        0x0
 *(.gnu.version_r)
 .gnu.version_r
                0x0000000000022bb0        0x0 /opt/devkitpro/devkitA64/lib/gcc/aarch64-none-elf/7.2.0/../../../../aarch64-none-elf/lib/pic/switch_crt0.o

.dynsym         0x0000000000022bb0       0x48
 *(.dynsym)
 .dynsym        0x0000000000022bb0       0x48 /opt/devkitpro/devkitA64/lib/gcc/aarch64-none-elf/7.2.0/../../../../aarch64-none-elf/lib/pic/switch_crt0.o

.dynstr         0x0000000000022bf8        0x1
 *(.dynstr)
 .dynstr        0x0000000000022bf8        0x1 /opt/devkitpro/devkitA64/lib/gcc/aarch64-none-elf/7.2.0/../../../../aarch64-none-elf/lib/pic/switch_crt0.o

.rela.dyn       0x0000000000022c00     0x2130
 *(.rela.*)
 .rela.got      0x0000000000022c00      0x510 /opt/devkitpro/devkitA64/lib/gcc/aarch64-none-elf/7.2.0/../../../../aarch64-none-elf/lib/pic/switch_crt0.o
 .rela.plt      0x0000000000023110        0x0 /opt/devkitpro/devkitA64/lib/gcc/aarch64-none-elf/7.2.0/../../../../aarch64-none-elf/lib/pic/switch_crt0.o
 .rela.bss      0x0000000000023110        0x0 /opt/devkitpro/devkitA64/lib/gcc/aarch64-none-elf/7.2.0/../../../../aarch64-none-elf/lib/pic/switch_crt0.o
 .rela.data.rel.ro
                0x0000000000023110        0x0 /opt/devkitpro/devkitA64/lib/gcc/aarch64-none-elf/7.2.0/../../../../aarch64-none-elf/lib/pic/switch_crt0.o
 .rela.ifunc    0x0000000000023110        0x0 /opt/devkitpro/devkitA64/lib/gcc/aarch64-none-elf/7.2.0/../../../../aarch64-none-elf/lib/pic/switch_crt0.o
 .rela.init_array
                0x0000000000023110       0x18 /opt/devkitpro/devkitA64/lib/gcc/aarch64-none-elf/7.2.0/../../../../aarch64-none-elf/lib/pic/switch_crt0.o
 .rela.fini_array
                0x0000000000023128       0x18 /opt/devkitpro/devkitA64/lib/gcc/aarch64-none-elf/7.2.0/../../../../aarch64-none-elf/lib/pic/switch_crt0.o
 .rela.data.rel.currentConsole
                0x0000000000023140       0x18 /opt/devkitpro/devkitA64/lib/gcc/aarch64-none-elf/7.2.0/../../../../aarch64-none-elf/lib/pic/switch_crt0.o
 .rela.data.rel.defaultConsole
                0x0000000000023158       0x18 /opt/devkitpro/devkitA64/lib/gcc/aarch64-none-elf/7.2.0/../../../../aarch64-none-elf/lib/pic/switch_crt0.o
 .rela.data.rel.ro.dotab_stdout
                0x0000000000023170       0x30 /opt/devkitpro/devkitA64/lib/gcc/aarch64-none-elf/7.2.0/../../../../aarch64-none-elf/lib/pic/switch_crt0.o
 .rela.data.rel.ro.local.dotab_null
                0x00000000000231a0        0x0 /opt/devkitpro/devkitA64/lib/gcc/aarch64-none-elf/7.2.0/../../../../aarch64-none-elf/lib/pic/switch_crt0.o
 .rela.data.rel.ro.local.dotab_svc
                0x00000000000231a0        0x0 /opt/devkitpro/devkitA64/lib/gcc/aarch64-none-elf/7.2.0/../../../../aarch64-none-elf/lib/pic/switch_crt0.o
 .rela.data.rel.local._impure_ptr
                0x00000000000231a0       0x18 /opt/devkitpro/devkitA64/lib/gcc/aarch64-none-elf/7.2.0/../../../../aarch64-none-elf/lib/pic/switch_crt0.o
 .rela.data.rel.local.impure_data
                0x00000000000231b8       0x48 /opt/devkitpro/devkitA64/lib/gcc/aarch64-none-elf/7.2.0/../../../../aarch64-none-elf/lib/pic/switch_crt0.o
 .rela.data.rel.ro.local._global_impure_ptr
                0x0000000000023200        0x0 /opt/devkitpro/devkitA64/lib/gcc/aarch64-none-elf/7.2.0/../../../../aarch64-none-elf/lib/pic/switch_crt0.o
 .rela.data.rel.__global_locale
                0x0000000000023200      0x138 /opt/devkitpro/devkitA64/lib/gcc/aarch64-none-elf/7.2.0/../../../../aarch64-none-elf/lib/pic/switch_crt0.o
 .rela.data.rel.ro.__C_locale
                0x0000000000023338        0x0 /opt/devkitpro/devkitA64/lib/gcc/aarch64-none-elf/7.2.0/../../../../aarch64-none-elf/lib/pic/switch_crt0.o
 .rela.data.rel.ro.local.categories
                0x0000000000023338        0x0 /opt/devkitpro/devkitA64/lib/gcc/aarch64-none-elf/7.2.0/../../../../aarch64-none-elf/lib/pic/switch_crt0.o
 .rela.data.rel.__malloc_av_
                0x0000000000023338     0x1800 /opt/devkitpro/devkitA64/lib/gcc/aarch64-none-elf/7.2.0/../../../../aarch64-none-elf/lib/pic/switch_crt0.o
 .rela.data.rel.local.environ
                0x0000000000024b38        0x0 /opt/devkitpro/devkitA64/lib/gcc/aarch64-none-elf/7.2.0/../../../../aarch64-none-elf/lib/pic/switch_crt0.o
 .rela.data.rel.devoptab_list
                0x0000000000024b38      0x180 /opt/devkitpro/devkitA64/lib/gcc/aarch64-none-elf/7.2.0/../../../../aarch64-none-elf/lib/pic/switch_crt0.o
 .rela.data.rel.ro.local.dotab_stdnull
                0x0000000000024cb8       0x30 /opt/devkitpro/devkitA64/lib/gcc/aarch64-none-elf/7.2.0/../../../../aarch64-none-elf/lib/pic/switch_crt0.o
 .rela.data.rel.local.handles
                0x0000000000024ce8       0x48 /opt/devkitpro/devkitA64/lib/gcc/aarch64-none-elf/7.2.0/../../../../aarch64-none-elf/lib/pic/switch_crt0.o
                0x0000000000025000                . = ALIGN (0x1000)

.eh_frame
 *(.eh_frame)
 *(.eh_frame.*)

.gcc_except_table
 *(.gcc_except_table .gcc_except_table.*)

.gnu_extab
 *(.gnu_extab*)

.exception_ranges
 *(.exception_ranges .exception_ranges*)

.tdata          0x0000000000025000        0x0
                0x0000000000025000                __tdata_lma = .
 *(.tdata .tdata.* .gnu.linkonce.td.*)
                0x0000000000025000                . = ALIGN (0x8)
                0x0000000000025000                __tdata_lma_end = .

.tbss           0x0000000000025000        0x0
 *(.tbss .tbss.* .gnu.linkonce.tb.*)
 *(.tcommon)
                0x0000000000025000                . = ALIGN (0x8)

.preinit_array  0x0000000000025000        0x0
                0x0000000000025000                PROVIDE (__preinit_array_start, .)
 *(.preinit_array)
                0x0000000000025000                PROVIDE (__preinit_array_end, .)

.init_array     0x0000000000025000        0x8
                0x0000000000025000                PROVIDE (__init_array_start, .)
 *(SORT(.init_array.*))
 *(.init_array)
 .init_array    0x0000000000025000        0x8 /opt/devkitpro/devkitA64/lib/gcc/aarch64-none-elf/7.2.0/pic/crtbegin.o
                0x0000000000025008                PROVIDE (__init_array_end, .)

.fini_array     0x0000000000025008        0x8
                0x0000000000025008                PROVIDE (__fini_array_start, .)
 *(.fini_array)
 .fini_array    0x0000000000025008        0x8 /opt/devkitpro/devkitA64/lib/gcc/aarch64-none-elf/7.2.0/pic/crtbegin.o
 *(SORT(.fini_array.*))
                0x0000000000025010                PROVIDE (__fini_array_end, .)

.ctors
 *crtbegin.o(.ctors)
 *(EXCLUDE_FILE(*crtend.o) .ctors)
 *(SORT(.ctors.*))
 *(.ctors)

.dtors
 *crtbegin.o(.dtors)
 *(EXCLUDE_FILE(*crtend.o) .dtors)
 *(SORT(.dtors.*))
 *(.dtors)
                0x0000000000025010                __got_start__ = .

.got            0x0000000000025010      0x1d8
 *(.got)
 .got           0x0000000000025010      0x1d8 /opt/devkitpro/devkitA64/lib/gcc/aarch64-none-elf/7.2.0/../../../../aarch64-none-elf/lib/pic/switch_crt0.o
                0x0000000000025010                _GLOBAL_OFFSET_TABLE_
 *(.igot)

.got.plt        0x00000000000251e8       0x18
 *(.got.plt)
 .got.plt       0x00000000000251e8       0x18 /opt/devkitpro/devkitA64/lib/gcc/aarch64-none-elf/7.2.0/../../../../aarch64-none-elf/lib/pic/switch_crt0.o
 *(.igot.plt)
                0x0000000000025200                __got_end__ = .

.data           0x0000000000025200     0x36b0
 *(.data .data.* .gnu.linkonce.d.*)
 .data.rel.ro   0x0000000000025200        0x0 /opt/devkitpro/devkitA64/lib/gcc/aarch64-none-elf/7.2.0/../../../../aarch64-none-elf/lib/pic/switch_crt0.o
 .data.__nx_inner_heap_size
                0x0000000000025200        0x8 /opt/devkitpro/libnx/lib/libnx.a(init.o)
                0x0000000000025200                __nx_inner_heap_size
 .data.__nx_outer_heap_size
                0x0000000000025208        0x8 /opt/devkitpro/libnx/lib/libnx.a(init.o)
                0x0000000000025208                __nx_outer_heap_size
 .data.__nx_applet_auto_notifyrunning
                0x0000000000025210        0x1 /opt/devkitpro/libnx/lib/libnx.a(applet.o)